*** Using Compiler 'V5.06 update 5 (build 528)', folder: 'E:\Keil32\ARM\ARMCC\Bin'
Build target 'smart_car_freertos'
assembling startup_stm32f103xb.s...
compiling cJSON.c...
..\Core\Src\cJSON.c(55): warning:  #1293-D: assignment in condition
        if (!(copy = (char*)cJSON_malloc(len))) return 0;
..\Core\Src\cJSON.c(278): warning:  #1293-D: assignment in condition
  	ptr=str;while ((token=*ptr) && ++len) {if (strchr("\"\\\b\f\n\r\t",token)) len++; else if (token<32) len+=5;ptr++;}
..\Core\Src\cJSON.c(352): warning:  #111-D: statement is unreachable
  	return p.buffer;
..\Core\Src\cJSON.c(423): warning:  #1293-D: assignment in condition
  		if (!(new_item=cJSON_New_Item())) return 0; 	/* memory fail */
..\Core\Src\cJSON.c(535): warning:  #1293-D: assignment in condition
  		if (!(new_item=cJSON_New_Item()))	return 0; /* memory fail */
..\Core\Src\cJSON.c: 5 warnings, 0 errors
compiling stm32f1xx_hal_dma.c...
compiling freertos.c...
compiling stm32f1xx_hal.c...
compiling stm32f1xx_hal_gpio.c...
compiling stm32f1xx_it.c...
compiling stm32f1xx_hal_pwr.c...
compiling stm32f1xx_hal_cortex.c...
compiling myUsart.c...
../Core/Inc/myUsart.h(8): error:  #20: identifier "uint8_t" is undefined
  extern uint8_t Serial_RxFlag;
../Core/Inc/myUsart.h(9): error:  #20: identifier "uint8_t" is undefined
  void hhSerialSendByte(uint8_t Byte, UART_HandleTypeDef *huart);
../Core/Inc/myUsart.h(9): error:  #20: identifier "UART_HandleTypeDef" is undefined
  void hhSerialSendByte(uint8_t Byte, UART_HandleTypeDef *huart);
../Core/Inc/myUsart.h(10): error:  #20: identifier "uint8_t" is undefined
  void hhSerialSendArray(uint8_t *Array, uint16_t Length, UART_HandleTypeDef *huart);
../Core/Inc/myUsart.h(10): error:  #20: identifier "uint16_t" is undefined
  void hhSerialSendArray(uint8_t *Array, uint16_t Length, UART_HandleTypeDef *huart);
../Core/Inc/myUsart.h(10): error:  #20: identifier "UART_HandleTypeDef" is undefined
  void hhSerialSendArray(uint8_t *Array, uint16_t Length, UART_HandleTypeDef *huart);
../Core/Inc/myUsart.h(11): error:  #20: identifier "UART_HandleTypeDef" is undefined
  void hhSerialSendString(char *s, UART_HandleTypeDef *huart) ;
../Core/Inc/myUsart.h(12): error:  #20: identifier "uint32_t" is undefined
  void hhSerialSendNum(uint32_t Num, uint8_t Length, UART_HandleTypeDef *huart);
../Core/Inc/myUsart.h(12): error:  #20: identifier "uint8_t" is undefined
  void hhSerialSendNum(uint32_t Num, uint8_t Length, UART_HandleTypeDef *huart);
../Core/Inc/myUsart.h(12): error:  #20: identifier "UART_HandleTypeDef" is undefined
  void hhSerialSendNum(uint32_t Num, uint8_t Length, UART_HandleTypeDef *huart);
../Core/Inc/myUsart.h(16): warning:  #1-D: last line of file ends without a newline
  #endif
..\Core\Src\myUsart.c(48): warning:  #186-D: pointless comparison of unsigned integer with zero
    for (uint8_t i = Length - 1; i >= 0; i--) {
..\Core\Src\myUsart.c(215): warning:  #1-D: last line of file ends without a newline
  }
..\Core\Src\myUsart.c: 3 warnings, 10 errors
compiling stm32f1xx_hal_msp.c...
compiling stm32f1xx_hal_timebase_tim.c...
compiling stm32f1xx_hal_rcc_ex.c...
compiling stm32f1xx_hal_gpio_ex.c...
compiling stm32f1xx_hal_rcc.c...
compiling Key.c...
..\Core\Src\Key.c(18): warning:  #1-D: last line of file ends without a newline
  }
..\Core\Src\Key.c: 1 warning, 0 errors
compiling croutine.c...
compiling robot.c...
../Core/Inc/myUsart.h(16): warning:  #1-D: last line of file ends without a newline
  #endif
..\Core\Src\robot.c(73): warning:  #186-D: pointless comparison of unsigned integer with zero
          if (left1_current_speed < 0) left1_current_speed = 0;
..\Core\Src\robot.c(74): warning:  #186-D: pointless comparison of unsigned integer with zero
          if (left2_current_speed < 0) left2_current_speed = 0;
..\Core\Src\robot.c(75): warning:  #186-D: pointless comparison of unsigned integer with zero
          if (right1_current_speed < 0) right1_current_speed = 0;
..\Core\Src\robot.c(76): warning:  #186-D: pointless comparison of unsigned integer with zero
          if (right2_current_speed < 0) right2_current_speed = 0;
..\Core\Src\robot.c(97): warning:  #186-D: pointless comparison of unsigned integer with zero
      speed = (speed > 100) ? 100 : ((speed < 0) ? 0 : speed);  // оч╥Ы
..\Core\Src\robot.c: 6 warnings, 0 errors
compiling main.c...
../Core/Inc/myUsart.h(16): warning:  #1-D: last line of file ends without a newline
  #endif
../Core/Src/main.c: 1 warning, 0 errors
compiling event_groups.c...
compiling timers.c...
compiling list.c...
compiling stream_buffer.c...
compiling queue.c...
compiling heap_4.c...
compiling tasks.c...
compiling port.c...
compiling cmsis_os.c...
compiling system_stm32f1xx.c...
compiling stm32f1xx_hal_exti.c...
compiling stm32f1xx_hal_flash_ex.c...
compiling stm32f1xx_hal_flash.c...
compiling stm32f1xx_hal_tim_ex.c...
compiling stm32f1xx_hal_uart.c...
compiling stm32f1xx_hal_tim.c...
"smart_car_freertos\smart_car_freertos.axf" - 10 Error(s), 16 Warning(s).
Target not created.
Build Time Elapsed:  00:00:08
