Component: ARM Compiler 5.06 update 5 (build 528) Tool: armlink [4d35e2]

==============================================================================

Section Cross References

    startup_stm32f103xb.o(STACK) refers (Special) to heapauxi.o(.text) for __use_two_region_memory
    startup_stm32f103xb.o(HEAP) refers (Special) to heapauxi.o(.text) for __use_two_region_memory
    startup_stm32f103xb.o(RESET) refers (Special) to heapauxi.o(.text) for __use_two_region_memory
    startup_stm32f103xb.o(RESET) refers to startup_stm32f103xb.o(STACK) for __initial_sp
    startup_stm32f103xb.o(RESET) refers to startup_stm32f103xb.o(.text) for Reset_Handler
    startup_stm32f103xb.o(RESET) refers to stm32f1xx_it.o(i.NMI_Handler) for NMI_Handler
    startup_stm32f103xb.o(RESET) refers to stm32f1xx_it.o(i.HardFault_Handler) for HardFault_Handler
    startup_stm32f103xb.o(RESET) refers to stm32f1xx_it.o(i.MemManage_Handler) for MemManage_Handler
    startup_stm32f103xb.o(RESET) refers to stm32f1xx_it.o(i.BusFault_Handler) for BusFault_Handler
    startup_stm32f103xb.o(RESET) refers to stm32f1xx_it.o(i.UsageFault_Handler) for UsageFault_Handler
    startup_stm32f103xb.o(RESET) refers to port.o(.emb_text) for SVC_Handler
    startup_stm32f103xb.o(RESET) refers to stm32f1xx_it.o(i.DebugMon_Handler) for DebugMon_Handler
    startup_stm32f103xb.o(RESET) refers to port.o(i.SysTick_Handler) for SysTick_Handler
    startup_stm32f103xb.o(RESET) refers to stm32f1xx_it.o(i.TIM1_UP_IRQHandler) for TIM1_UP_IRQHandler
    startup_stm32f103xb.o(RESET) refers to stm32f1xx_it.o(i.USART1_IRQHandler) for USART1_IRQHandler
    startup_stm32f103xb.o(RESET) refers to stm32f1xx_it.o(i.USART3_IRQHandler) for USART3_IRQHandler
    startup_stm32f103xb.o(.text) refers (Special) to heapauxi.o(.text) for __use_two_region_memory
    startup_stm32f103xb.o(.text) refers to system_stm32f1xx.o(i.SystemInit) for SystemInit
    startup_stm32f103xb.o(.text) refers to __main.o(!!!main) for __main
    startup_stm32f103xb.o(.text) refers to startup_stm32f103xb.o(HEAP) for Heap_Mem
    startup_stm32f103xb.o(.text) refers to startup_stm32f103xb.o(STACK) for Stack_Mem
    key.o(i.Key_GetNum) refers to stm32f1xx_hal_gpio.o(i.HAL_GPIO_ReadPin) for HAL_GPIO_ReadPin
    key.o(i.Key_GetNum) refers to cmsis_os.o(i.osDelay) for osDelay
    myusart.o(i.HAL_UART_RxCpltCallback) refers to stm32f1xx_hal_uart.o(i.HAL_UART_Receive_IT) for HAL_UART_Receive_IT
    myusart.o(i.HAL_UART_RxCpltCallback) refers to main.o(.bss) for huart3
    myusart.o(i.HAL_UART_RxCpltCallback) refers to myusart.o(.data) for .data
    myusart.o(i.HAL_UART_RxCpltCallback) refers to myusart.o(.bss) for .bss
    myusart.o(i.HC_05_RUN) refers to myusart.o(i.hhSerialSendString) for hhSerialSendString
    myusart.o(i.HC_05_RUN) refers to strcmpv7m.o(.text) for strcmp
    myusart.o(i.HC_05_RUN) refers to robot.o(i.makerobo_run) for makerobo_run
    myusart.o(i.HC_05_RUN) refers to myusart.o(.data) for .data
    myusart.o(i.HC_05_RUN) refers to main.o(.bss) for huart3
    myusart.o(i.HC_05_RUN) refers to myusart.o(.bss) for .bss
    myusart.o(i.Serial_GetRxFlag1) refers to myusart.o(.data) for .data
    myusart.o(i.Serial_GetRxFlag3) refers to myusart.o(.data) for .data
    myusart.o(i.hhSerialSendArray) refers to myusart.o(i.hhSerialSendByte) for hhSerialSendByte
    myusart.o(i.hhSerialSendByte) refers to stm32f1xx_hal_uart.o(i.HAL_UART_Transmit) for HAL_UART_Transmit
    myusart.o(i.hhSerialSendNum) refers to h1_alloc.o(.text) for malloc
    myusart.o(i.hhSerialSendNum) refers to myusart.o(i.hhSerialSendByte) for hhSerialSendByte
    myusart.o(i.hhSerialSendString) refers to myusart.o(i.hhSerialSendByte) for hhSerialSendByte
    myusart.o(i.myusart_init) refers to stm32f1xx_hal_uart.o(i.HAL_UART_Receive_IT) for HAL_UART_Receive_IT
    myusart.o(i.myusart_init) refers to myusart.o(.data) for .data
    myusart.o(i.myusart_init) refers to main.o(.bss) for huart1
    myusart.o(i.s_printf) refers to vsprintf.o(.text) for vsprintf
    myusart.o(i.s_printf) refers to myusart.o(i.hhSerialSendString) for hhSerialSendString
    myusart.o(i.s_printf) refers to main.o(.bss) for huart3
    robot.o(i.makerobo_Left) refers to robot.o(i.robot_speed) for robot_speed
    robot.o(i.makerobo_Right) refers to robot.o(i.robot_speed) for robot_speed
    robot.o(i.makerobo_Spin_Left) refers to robot.o(i.robot_speed) for robot_speed
    robot.o(i.makerobo_Spin_Right) refers to robot.o(i.robot_speed) for robot_speed
    robot.o(i.makerobo_back) refers to robot.o(i.robot_speed) for robot_speed
    robot.o(i.makerobo_brake) refers to robot.o(i.robot_speed) for robot_speed
    robot.o(i.makerobo_run) refers to robot.o(i.robot_speed) for robot_speed
    robot.o(i.robot_Init) refers to stm32f1xx_hal_tim.o(i.HAL_TIM_PWM_Start) for HAL_TIM_PWM_Start
    robot.o(i.robot_Init) refers to main.o(.bss) for htim4
    robot.o(i.robot_Run) refers to key.o(i.Key_GetNum) for Key_GetNum
[...]
    i._is_digit                              0x08003696   Section        0  __printf_wp.o(i._is_digit)
    i.hhSerialSendByte                       0x080036a4   Section        0  myusart.o(i.hhSerialSendByte)
    i.hhSerialSendString                     0x080036b6   Section        0  myusart.o(i.hhSerialSendString)
    i.main                                   0x080036d0   Section        0  main.o(i.main)
    i.makeFreeRtosPriority                   0x08003788   Section        0  cmsis_os.o(i.makeFreeRtosPriority)
    makeFreeRtosPriority                     0x08003789   Thumb Code    12  cmsis_os.o(i.makeFreeRtosPriority)
    i.makerobo_run                           0x08003794   Section        0  robot.o(i.makerobo_run)
    i.myusart_init                           0x080037ac   Section        0  myusart.o(i.myusart_init)
    i.osDelay                                0x080037d4   Section        0  cmsis_os.o(i.osDelay)
    i.osKernelStart                          0x080037e2   Section        0  cmsis_os.o(i.osKernelStart)
    i.osThreadCreate                         0x080037ec   Section        0  cmsis_os.o(i.osThreadCreate)
    i.prvAddCurrentTaskToDelayedList         0x08003840   Section        0  tasks.o(i.prvAddCurrentTaskToDelayedList)
    prvAddCurrentTaskToDelayedList           0x08003841   Thumb Code   102  tasks.o(i.prvAddCurrentTaskToDelayedList)
    i.prvAddNewTaskToReadyList               0x080038b0   Section        0  tasks.o(i.prvAddNewTaskToReadyList)
    prvAddNewTaskToReadyList                 0x080038b1   Thumb Code   194  tasks.o(i.prvAddNewTaskToReadyList)
    i.prvDeleteTCB                           0x08003980   Section        0  tasks.o(i.prvDeleteTCB)
    prvDeleteTCB                             0x08003981   Thumb Code    52  tasks.o(i.prvDeleteTCB)
    i.prvHeapInit                            0x080039b4   Section        0  heap_4.o(i.prvHeapInit)
    prvHeapInit                              0x080039b5   Thumb Code    66  heap_4.o(i.prvHeapInit)
    i.prvIdleTask                            0x08003a00   Section        0  tasks.o(i.prvIdleTask)
    prvIdleTask                              0x08003a01   Thumb Code    82  tasks.o(i.prvIdleTask)
    i.prvInitialiseNewTask                   0x08003a60   Section        0  tasks.o(i.prvInitialiseNewTask)
    prvInitialiseNewTask                     0x08003a61   Thumb Code   152  tasks.o(i.prvInitialiseNewTask)
    i.prvInsertBlockIntoFreeList             0x08003af8   Section        0  heap_4.o(i.prvInsertBlockIntoFreeList)
    prvInsertBlockIntoFreeList               0x08003af9   Thumb Code    72  heap_4.o(i.prvInsertBlockIntoFreeList)
    i.prvResetNextTaskUnblockTime            0x08003b44   Section        0  tasks.o(i.prvResetNextTaskUnblockTime)
    prvResetNextTaskUnblockTime              0x08003b45   Thumb Code    26  tasks.o(i.prvResetNextTaskUnblockTime)
    i.prvTaskExitError                       0x08003b64   Section        0  port.o(i.prvTaskExitError)
    prvTaskExitError                         0x08003b65   Thumb Code    36  port.o(i.prvTaskExitError)
    i.pvPortMalloc                           0x08003b8c   Section        0  heap_4.o(i.pvPortMalloc)
    i.pxPortInitialiseStack                  0x08003c68   Section        0  port.o(i.pxPortInitialiseStack)
    i.robot_Init                             0x08003c8c   Section        0  robot.o(i.robot_Init)
    i.robot_move_task                        0x08003cb8   Section        0  main.o(i.robot_move_task)
    i.robot_speed                            0x08003cf4   Section        0  robot.o(i.robot_speed)
    i.s_printf                               0x08003e44   Section        0  myusart.o(i.s_printf)
    i.uxListRemove                           0x08003e68   Section        0  list.o(i.uxListRemove)
    i.vApplicationGetIdleTaskMemory          0x08003e90   Section        0  freertos.o(i.vApplicationGetIdleTaskMemory)
    i.vListInitialise                        0x08003ea4   Section        0  list.o(i.vListInitialise)
    i.vListInitialiseItem                    0x08003eba   Section        0  list.o(i.vListInitialiseItem)
    i.vListInsert                            0x08003ec0   Section        0  list.o(i.vListInsert)
    i.vListInsertEnd                         0x08003ef0   Section        0  list.o(i.vListInsertEnd)
    i.vPortEnterCritical                     0x08003f08   Section        0  port.o(i.vPortEnterCritical)
    i.vPortExitCritical                      0x08003f48   Section        0  port.o(i.vPortExitCritical)
    i.vPortFree                              0x08003f70   Section        0  heap_4.o(i.vPortFree)
    i.vPortSetupTimerInterrupt               0x08003fd4   Section        0  port.o(i.vPortSetupTimerInterrupt)
    i.vTaskDelay                             0x08003ff8   Section        0  tasks.o(i.vTaskDelay)
    i.vTaskStartScheduler                    0x08004044   Section        0  tasks.o(i.vTaskStartScheduler)
    i.vTaskSuspendAll                        0x080040b0   Section        0  tasks.o(i.vTaskSuspendAll)
    i.vTaskSwitchContext                     0x080040c0   Section        0  tasks.o(i.vTaskSwitchContext)
    i.xPortStartScheduler                    0x0800411c   Section        0  port.o(i.xPortStartScheduler)
    i.xTaskCreate                            0x080041c4   Section        0  tasks.o(i.xTaskCreate)
    i.xTaskCreateStatic                      0x0800421e   Section        0  tasks.o(i.xTaskCreateStatic)
    i.xTaskIncrementTick                     0x08004274   Section        0  tasks.o(i.xTaskIncrementTick)
    i.xTaskResumeAll                         0x08004340   Section        0  tasks.o(i.xTaskResumeAll)
    locale$$code                             0x08004404   Section       44  lc_numeric_c.o(locale$$code)
    locale$$code                             0x08004430   Section       44  lc_ctype_c.o(locale$$code)
    x$fpl$printf1                            0x0800445c   Section        4  printf1.o(x$fpl$printf1)
    x$fpl$printf2                            0x08004460   Section        4  printf2.o(x$fpl$printf2)
    .constdata                               0x08004464   Section       84  main.o(.constdata)
    x$fpl$usenofp                            0x08004464   Section        0  usenofp.o(x$fpl$usenofp)
    .constdata                               0x080044b8   Section       18  stm32f1xx_hal_rcc.o(.constdata)
    aPredivFactorTable                       0x080044b8   Data           2  stm32f1xx_hal_rcc.o(.constdata)
    aPLLMULFactorTable                       0x080044ba   Data          16  stm32f1xx_hal_rcc.o(.constdata)
    .constdata                               0x080044ca   Section       16  system_stm32f1xx.o(.constdata)
    .constdata                               0x080044da   Section        8  system_stm32f1xx.o(.constdata)
    .constdata                               0x080044e4   Section        8  _printf_wctomb.o(.constdata)
    initial_mbstate                          0x080044e4   Data           8  _printf_wctomb.o(.constdata)
    .constdata                               0x080044ec   Section       40  _printf_hex_int_ll_ptr.o(.constdata)
    uc_hextab                                0x080044ec   Data          20  _printf_hex_int_ll_ptr.o(.constdata)
    lc_hextab                                0x08004500   Data          20  _printf_hex_int_ll_ptr.o(.constdata)
    .constdata                               0x08004514   Section       17  __printf_flags_ss_wp.o(.constdata)
    maptable                                 0x08004514   Data          17  __printf_flags_ss_wp.o(.constdata)
    .constdata                               0x08004525   Section       38  _printf_fp_hex.o(.constdata)
    lc_hextab                                0x08004525   Data          19  _printf_fp_hex.o(.constdata)
    uc_hextab                                0x08004538   Data          19  _printf_fp_hex.o(.constdata)
    .constdata                               0x0800454c   Section      148  bigflt0.o(.constdata)
    tenpwrs_x                                0x0800454c   Data          60  bigflt0.o(.constdata)
    tenpwrs_i                                0x08004588   Data          64  bigflt0.o(.constdata)
    .conststring                             0x080045e0   Section       32  main.o(.conststring)
    locale$$data                             0x08004620   Section       28  lc_numeric_c.o(locale$$data)
    __lcnum_c_name                           0x08004624   Data           2  lc_numeric_c.o(locale$$data)
    __lcnum_c_start                          0x0800462c   Data           0  lc_numeric_c.o(locale$$data)
    __lcnum_c_point                          0x08004638   Data           0  lc_numeric_c.o(locale$$data)
    __lcnum_c_thousands                      0x0800463a   Data           0  lc_numeric_c.o(locale$$data)
    __lcnum_c_grouping                       0x0800463b   Data           0  lc_numeric_c.o(locale$$data)
    locale$$data                             0x0800463c   Section      272  lc_ctype_c.o(locale$$data)
    __lcnum_c_end                            0x0800463c   Data           0  lc_numeric_c.o(locale$$data)
    __lcctype_c_name                         0x08004640   Data           2  lc_ctype_c.o(locale$$data)
    __lcctype_c_start                        0x08004648   Data           0  lc_ctype_c.o(locale$$data)
    __lcctype_c_end                          0x0800474c   Data           0  lc_ctype_c.o(locale$$data)
    .data                                    0x20000000   Section        8  myusart.o(.data)
    RxState1                                 0x20000000   Data           1  myusart.o(.data)
    pRxPacket1                               0x20000001   Data           1  myusart.o(.data)
    RxState3                                 0x20000002   Data           1  myusart.o(.data)
    pRxPacket3                               0x20000003   Data           1  myusart.o(.data)
    .data                                    0x20000008   Section       12  main.o(.data)
    .data                                    0x20000014   Section       12  stm32f1xx_hal.o(.data)
    .data                                    0x20000020   Section        4  system_stm32f1xx.o(.data)
    .data                                    0x20000024   Section       60  tasks.o(.data)
    uxDeletedTasksWaitingCleanUp             0x20000028   Data           4  tasks.o(.data)
    uxCurrentNumberOfTasks                   0x2000002c   Data           4  tasks.o(.data)
    xTickCount                               0x20000030   Data           4  tasks.o(.data)
    uxTopReadyPriority                       0x20000034   Data           4  tasks.o(.data)
    xSchedulerRunning                        0x20000038   Data           4  tasks.o(.data)
    xPendedTicks                             0x2000003c   Data           4  tasks.o(.data)
    xYieldPending                            0x20000040   Data           4  tasks.o(.data)
    xNumOfOverflows                          0x20000044   Data           4  tasks.o(.data)
    uxTaskNumber                             0x20000048   Data           4  tasks.o(.data)
    xNextTaskUnblockTime                     0x2000004c   Data           4  tasks.o(.data)
    xIdleTaskHandle                          0x20000050   Data           4  tasks.o(.data)
    uxSchedulerSuspended                     0x20000054   Data           4  tasks.o(.data)
    pxDelayedTaskList                        0x20000058   Data           4  tasks.o(.data)
    pxOverflowDelayedTaskList                0x2000005c   Data           4  tasks.o(.data)
    .data                                    0x20000060   Section       32  heap_4.o(.data)
    pxEnd                                    0x20000060   Data           4  heap_4.o(.data)
    xFreeBytesRemaining                      0x20000064   Data           4  heap_4.o(.data)
    xMinimumEverFreeBytesRemaining           0x20000068   Data           4  heap_4.o(.data)
    xNumberOfSuccessfulAllocations           0x2000006c   Data           4  heap_4.o(.data)
    xNumberOfSuccessfulFrees                 0x20000070   Data           4  heap_4.o(.data)
    xBlockAllocatedBit                       0x20000074   Data           4  heap_4.o(.data)
    xStart                                   0x20000078   Data           8  heap_4.o(.data)
    .data                                    0x20000080   Section       12  port.o(.data)
    ucMaxSysCallPriority                     0x20000080   Data           1  port.o(.data)
    uxCriticalNesting                        0x20000084   Data           4  port.o(.data)
    ulMaxPRIGROUPValue                       0x20000088   Data           4  port.o(.data)
    .bss                                     0x2000008c   Section      200  myusart.o(.bss)
    .bss                                     0x20000154   Section      216  main.o(.bss)
    .bss                                     0x2000022c   Section      596  freertos.o(.bss)
    xIdleTaskTCBBuffer                       0x2000022c   Data          84  freertos.o(.bss)
    xIdleStack                               0x20000280   Data         512  freertos.o(.bss)
    .bss                                     0x20000480   Section       72  stm32f1xx_hal_timebase_tim.o(.bss)
    .bss                                     0x200004c8   Section      240  tasks.o(.bss)
    pxReadyTasksLists                        0x200004c8   Data         140  tasks.o(.bss)
    xDelayedTaskList1                        0x20000554   Data          20  tasks.o(.bss)
    xDelayedTaskList2                        0x20000568   Data          20  tasks.o(.bss)
    xPendingReadyList                        0x2000057c   Data          20  tasks.o(.bss)
    xTasksWaitingTermination                 0x20000590   Data          20  tasks.o(.bss)
    xSuspendedTaskList                       0x200005a4   Data          20  tasks.o(.bss)
    .bss                                     0x200005b8   Section     3072  heap_4.o(.bss)
    ucHeap                                   0x200005b8   Data        3072  heap_4.o(.bss)
    .bss                                     0x200011b8   Section       96  libspace.o(.bss)
    HEAP                                     0x20001218   Section      512  startup_stm32f103xb.o(HEAP)
    Heap_Mem                                 0x20001218   Data         512  startup_stm32f103xb.o(HEAP)
    STACK                                    0x20001418   Section     1024  startup_stm32f103xb.o(STACK)
    Stack_Mem                                0x20001418   Data        1024  startup_stm32f103xb.o(STACK)
    __initial_sp                             0x20001818   Data           0  startup_stm32f103xb.o(STACK)

    Global Symbols

    Symbol Name                              Value     Ov Type        Size  Object(Section)

    BuildAttributes$$THM_ISAv4$P$D$K$B$S$PE$A:L22UL41UL21$X:L11$S22US41US21$IEEE1$IW$USESV6$~STKCKD$USESV7$~SHL$OTIME$ROPI$IEEEJ$EBA8$UX$STANDARDLIB$REQ8$PRES8$EABIv2 0x00000000   Number         0  anon$$obj.o ABSOLUTE
    __ARM_use_no_argv                        0x00000000   Number         0  main.o ABSOLUTE
    _printf_flags                            0x00000000   Number         0  printf_stubs.o ABSOLUTE
    _printf_return_value                     0x00000000   Number         0  printf_stubs.o ABSOLUTE
    _printf_sizespec                         0x00000000   Number         0  printf_stubs.o ABSOLUTE
    _printf_widthprec                        0x00000000   Number         0  printf_stubs.o ABSOLUTE
    __ARM_exceptions_init                     - Undefined Weak Reference
    __alloca_initialize                       - Undefined Weak Reference
    __arm_preinit_                            - Undefined Weak Reference
    __cpp_initialize__aeabi_                  - Undefined Weak Reference
    __cxa_finalize                            - Undefined Weak Reference
    __sigvec_lookup                           - Undefined Weak Reference
    __user_heap_extent                        - Undefined Weak Reference
    _atexit_init                              - Undefined Weak Reference
    _call_atexit_fns                          - Undefined Weak Reference
    _clock_init                               - Undefined Weak Reference
    _fp_trap_init                             - Undefined Weak Reference
    _fp_trap_shutdown                         - Undefined Weak Reference
    _get_lc_collate                           - Undefined Weak Reference
    _get_lc_monetary                          - Undefined Weak Reference
    _get_lc_time                              - Undefined Weak Reference
    _getenv_init                              - Undefined Weak Reference
    _handle_redirection                       - Undefined Weak Reference
    _initio                                   - Undefined Weak Reference
    _mutex_acquire                            - Undefined Weak Reference
    _mutex_free                               - Undefined Weak Reference
    _mutex_release                            - Undefined Weak Reference
    _printf_mbtowc                            - Undefined Weak Reference
    _printf_wc                                - Undefined Weak Reference
    _rand_init                                - Undefined Weak Reference
    _signal_finish                            - Undefined Weak Reference
    _signal_init                              - Undefined Weak Reference
    _terminateio                              - Undefined Weak Reference
    __Vectors_Size                           0x000000ec   Number         0  startup_stm32f103xb.o ABSOLUTE
    __Vectors                                0x08000000   Data           4  startup_stm32f103xb.o(RESET)
    __Vectors_End                            0x080000ec   Data           0  startup_stm32f103xb.o(RESET)
    __main                                   0x080000ed   Thumb Code     8  __main.o(!!!main)
    __scatterload                            0x080000f5   Thumb Code     0  __scatter.o(!!!scatter)
    __scatterload_rt2                        0x080000f5   Thumb Code    44  __scatter.o(!!!scatter)
    __scatterload_rt2_thumb_only             0x080000f5   Thumb Code     0  __scatter.o(!!!scatter)
    __scatterload_null                       0x08000103   Thumb Code     0  __scatter.o(!!!scatter)
    __scatterload_copy                       0x08000129   Thumb Code    26  __scatter_copy.o(!!handler_copy)
    __scatterload_zeroinit                   0x08000145   Thumb Code    28  __scatter_zi.o(!!handler_zi)
    _printf_n                                0x08000161   Thumb Code     0  _printf_n.o(.ARM.Collect$$_printf_percent$$00000001)
    _printf_percent                          0x08000161   Thumb Code     0  _printf_percent.o(.ARM.Collect$$_printf_percent$$00000000)
    _printf_p                                0x08000167   Thumb Code     0  _printf_p.o(.ARM.Collect$$_printf_percent$$00000002)
    _printf_f                                0x0800016d   Thumb Code     0  _printf_f.o(.ARM.Collect$$_printf_percent$$00000003)
    _printf_e                                0x08000173   Thumb Code     0  _printf_e.o(.ARM.Collect$$_printf_percent$$00000004)
    _printf_g                                0x08000179   Thumb Code     0  _printf_g.o(.ARM.Collect$$_printf_percent$$00000005)
    _printf_a                                0x0800017f   Thumb Code     0  _printf_a.o(.ARM.Collect$$_printf_percent$$00000006)
    _printf_ll                               0x08000185   Thumb Code     0  _printf_ll.o(.ARM.Collect$$_printf_percent$$00000007)
    _printf_i                                0x0800018f   Thumb Code     0  _printf_i.o(.ARM.Collect$$_printf_percent$$00000008)
    _printf_d                                0x08000195   Thumb Code     0  _printf_d.o(.ARM.Collect$$_printf_percent$$00000009)
    _printf_u                                0x0800019b   Thumb Code     0  _printf_u.o(.ARM.Collect$$_printf_percent$$0000000A)
    _printf_o                                0x080001a1   Thumb Code     0  _printf_o.o(.ARM.Collect$$_printf_percent$$0000000B)
    _printf_x                                0x080001a7   Thumb Code     0  _printf_x.o(.ARM.Collect$$_printf_percent$$0000000C)
    _printf_lli                              0x080001ad   Thumb Code     0  _printf_lli.o(.ARM.Collect$$_printf_percent$$0000000D)
    _printf_lld                              0x080001b3   Thumb Code     0  _printf_lld.o(.ARM.Collect$$_printf_percent$$0000000E)
    _printf_llu                              0x080001b9   Thumb Code     0  _printf_llu.o(.ARM.Collect$$_printf_percent$$0000000F)
    _printf_llo                              0x080001bf   Thumb Code     0  _printf_llo.o(.ARM.Collect$$_printf_percent$$00000010)
    _printf_llx                              0x080001c5   Thumb Code     0  _printf_llx.o(.ARM.Collect$$_printf_percent$$00000011)
    _printf_l                                0x080001cb   Thumb Code     0  _printf_l.o(.ARM.Collect$$_printf_percent$$00000012)
    _printf_c                                0x080001d5   Thumb Code     0  _printf_c.o(.ARM.Collect$$_printf_percent$$00000013)
    _printf_s                                0x080001db   Thumb Code     0  _printf_s.o(.ARM.Collect$$_printf_percent$$00000014)
    _printf_lc                               0x080001e1   Thumb Code     0  _printf_lc.o(.ARM.Collect$$_printf_percent$$00000015)
    _printf_ls                               0x080001e7   Thumb Code     0  _printf_ls.o(.ARM.Collect$$_printf_percent$$00000016)
    _printf_percent_end                      0x080001ed   Thumb Code     0  _printf_percent_end.o(.ARM.Collect$$_printf_percent$$00000017)
    __rt_lib_init                            0x080001f1   Thumb Code     0  libinit.o(.ARM.Collect$$libinit$$00000000)
    __rt_lib_init_fp_1                       0x080001f3   Thumb Code     0  libinit2.o(.ARM.Collect$$libinit$$00000002)
    __rt_lib_init_heap_1                     0x080001f3   Thumb Code     0  libinit2.o(.ARM.Collect$$libinit$$0000000A)
    __rt_lib_init_lc_common                  0x080001f3   Thumb Code     0  libinit2.o(.ARM.Collect$$libinit$$0000000F)
    __rt_lib_init_preinit_1                  0x080001f3   Thumb Code     0  libinit2.o(.ARM.Collect$$libinit$$00000004)
    __rt_lib_init_rand_1                     0x080001f3   Thumb Code     0  libinit2.o(.ARM.Collect$$libinit$$0000000E)
    __rt_lib_init_user_alloc_1               0x080001f3   Thumb Code     0  libinit2.o(.ARM.Collect$$libinit$$0000000C)
    __rt_lib_init_lc_collate_1               0x080001f9   Thumb Code     0  libinit2.o(.ARM.Collect$$libinit$$00000011)
    __rt_lib_init_lc_ctype_2                 0x080001f9   Thumb Code     0  libinit2.o(.ARM.Collect$$libinit$$00000012)
    __rt_lib_init_lc_ctype_1                 0x08000205   Thumb Code     0  libinit2.o(.ARM.Collect$$libinit$$00000013)
    __rt_lib_init_lc_monetary_1              0x08000205   Thumb Code     0  libinit2.o(.ARM.Collect$$libinit$$00000015)
    __rt_lib_init_lc_numeric_2               0x08000205   Thumb Code     0  libinit2.o(.ARM.Collect$$libinit$$00000016)
    __rt_lib_init_alloca_1                   0x0800020f   Thumb Code     0  libinit2.o(.ARM.Collect$$libinit$$0000002E)
    __rt_lib_init_argv_1                     0x0800020f   Thumb Code     0  libinit2.o(.ARM.Collect$$libinit$$0000002C)
    __rt_lib_init_atexit_1                   0x0800020f   Thumb Code     0  libinit2.o(.ARM.Collect$$libinit$$0000001B)
    __rt_lib_init_clock_1                    0x0800020f   Thumb Code     0  libinit2.o(.ARM.Collect$$libinit$$00000021)
    __rt_lib_init_cpp_1                      0x0800020f   Thumb Code     0  libinit2.o(.ARM.Collect$$libinit$$00000032)
    __rt_lib_init_exceptions_1               0x0800020f   Thumb Code     0  libinit2.o(.ARM.Collect$$libinit$$00000030)
    __rt_lib_init_fp_trap_1                  0x0800020f   Thumb Code     0  libinit2.o(.ARM.Collect$$libinit$$0000001F)
    __rt_lib_init_getenv_1                   0x0800020f   Thumb Code     0  libinit2.o(.ARM.Collect$$libinit$$00000023)
    __rt_lib_init_lc_numeric_1               0x0800020f   Thumb Code     0  libinit2.o(.ARM.Collect$$libinit$$00000017)
    __rt_lib_init_lc_time_1                  0x0800020f   Thumb Code     0  libinit2.o(.ARM.Collect$$libinit$$00000019)
    __rt_lib_init_return                     0x0800020f   Thumb Code     0  libinit2.o(.ARM.Collect$$libinit$$00000033)
    __rt_lib_init_signal_1                   0x0800020f   Thumb Code     0  libinit2.o(.ARM.Collect$$libinit$$0000001D)
    __rt_lib_init_stdio_1                    0x0800020f   Thumb Code     0  libinit2.o(.ARM.Collect$$libinit$$00000025)
    __rt_lib_shutdown                        0x08000211   Thumb Code     0  libshutdown.o(.ARM.Collect$$libshutdown$$00000000)
    __rt_lib_shutdown_cpp_1                  0x08000213   Thumb Code     0  libshutdown2.o(.ARM.Collect$$libshutdown$$00000002)
    __rt_lib_shutdown_fp_trap_1              0x08000213   Thumb Code     0  libshutdown2.o(.ARM.Collect$$libshutdown$$00000007)
    __rt_lib_shutdown_heap_1                 0x08000213   Thumb Code     0  libshutdown2.o(.ARM.Collect$$libshutdown$$0000000F)
    __rt_lib_shutdown_return                 0x08000213   Thumb Code     0  libshutdown2.o(.ARM.Collect$$libshutdown$$00000010)
    __rt_lib_shutdown_signal_1               0x08000213   Thumb Code     0  libshutdown2.o(.ARM.Collect$$libshutdown$$0000000A)
    __rt_lib_shutdown_stdio_1                0x08000213   Thumb Code     0  libshutdown2.o(.ARM.Collect$$libshutdown$$00000004)
    __rt_lib_shutdown_user_alloc_1           0x08000213   Thumb Code     0  libshutdown2.o(.ARM.Collect$$libshutdown$$0000000C)
    __rt_entry                               0x08000215   Thumb Code     0  __rtentry.o(.ARM.Collect$$rtentry$$00000000)
    __rt_entry_presh_1                       0x08000215   Thumb Code     0  __rtentry2.o(.ARM.Collect$$rtentry$$00000002)
    __rt_entry_sh                            0x08000215   Thumb Code     0  __rtentry4.o(.ARM.Collect$$rtentry$$00000004)
    __rt_entry_li                            0x0800021b   Thumb Code     0  __rtentry2.o(.ARM.Collect$$rtentry$$0000000A)
    __rt_entry_postsh_1                      0x0800021b   Thumb Code     0  __rtentry2.o(.ARM.Collect$$rtentry$$00000009)
    __rt_entry_main                          0x0800021f   Thumb Code     0  __rtentry2.o(.ARM.Collect$$rtentry$$0000000D)
    __rt_entry_postli_1                      0x0800021f   Thumb Code     0  __rtentry2.o(.ARM.Collect$$rtentry$$0000000C)
    __rt_exit                                0x08000227   Thumb Code     0  rtexit.o(.ARM.Collect$$rtexit$$00000000)
    __rt_exit_ls                             0x08000229   Thumb Code     0  rtexit2.o(.ARM.Collect$$rtexit$$00000003)
    __rt_exit_prels_1                        0x08000229   Thumb Code     0  rtexit2.o(.ARM.Collect$$rtexit$$00000002)
    __rt_exit_exit                           0x0800022d   Thumb Code     0  rtexit2.o(.ARM.Collect$$rtexit$$00000004)
    SVC_Handler                              0x08000235   Thumb Code    32  port.o(.emb_text)
    __asm___6_port_c_39a90d8d__prvStartFirstTask 0x08000259   Thumb Code    28  port.o(.emb_text)
    PendSV_Handler                           0x08000279   Thumb Code    72  port.o(.emb_text)
    vPortGetIPSR                             0x080002c5   Thumb Code     6  port.o(.emb_text)
    Reset_Handler                            0x080002cd   Thumb Code     8  startup_stm32f103xb.o(.text)
    ADC1_2_IRQHandler                        0x080002e7   Thumb Code     0  startup_stm32f103xb.o(.text)
    CAN1_RX1_IRQHandler                      0x080002e7   Thumb Code     0  startup_stm32f103xb.o(.text)
    CAN1_SCE_IRQHandler                      0x080002e7   Thumb Code     0  startup_stm32f103xb.o(.text)
    DMA1_Channel1_IRQHandler                 0x080002e7   Thumb Code     0  startup_stm32f103xb.o(.text)
    DMA1_Channel2_IRQHandler                 0x080002e7   Thumb Code     0  startup_stm32f103xb.o(.text)
    DMA1_Channel3_IRQHandler                 0x080002e7   Thumb Code     0  startup_stm32f103xb.o(.text)
    DMA1_Channel4_IRQHandler                 0x080002e7   Thumb Code     0  startup_stm32f103xb.o(.text)
    DMA1_Channel5_IRQHandler                 0x080002e7   Thumb Code     0  startup_stm32f103xb.o(.text)
    DMA1_Channel6_IRQHandler                 0x080002e7   Thumb Code     0  startup_stm32f103xb.o(.text)
    DMA1_Channel7_IRQHandler                 0x080002e7   Thumb Code     0  startup_stm32f103xb.o(.text)
    EXTI0_IRQHandler                         0x080002e7   Thumb Code     0  startup_stm32f103xb.o(.text)
    EXTI15_10_IRQHandler                     0x080002e7   Thumb Code     0  startup_stm32f103xb.o(.text)
    EXTI1_IRQHandler                         0x080002e7   Thumb Code     0  startup_stm32f103xb.o(.text)
    EXTI2_IRQHandler                         0x080002e7   Thumb Code     0  startup_stm32f103xb.o(.text)
    EXTI3_IRQHandler                         0x080002e7   Thumb Code     0  startup_stm32f103xb.o(.text)
    EXTI4_IRQHandler                         0x080002e7   Thumb Code     0  startup_stm32f103xb.o(.text)
    EXTI9_5_IRQHandler                       0x080002e7   Thumb Code     0  startup_stm32f103xb.o(.text)
    FLASH_IRQHandler                         0x080002e7   Thumb Code     0  startup_stm32f103xb.o(.text)
    I2C1_ER_IRQHandler                       0x080002e7   Thumb Code     0  startup_stm32f103xb.o(.text)
    I2C1_EV_IRQHandler                       0x080002e7   Thumb Code     0  startup_stm32f103xb.o(.text)
    I2C2_ER_IRQHandler                       0x080002e7   Thumb Code     0  startup_stm32f103xb.o(.text)
    I2C2_EV_IRQHandler                       0x080002e7   Thumb Code     0  startup_stm32f103xb.o(.text)
    PVD_IRQHandler                           0x080002e7   Thumb Code     0  startup_stm32f103xb.o(.text)
    RCC_IRQHandler                           0x080002e7   Thumb Code     0  startup_stm32f103xb.o(.text)
    RTC_Alarm_IRQHandler                     0x080002e7   Thumb Code     0  startup_stm32f103xb.o(.text)
    RTC_IRQHandler                           0x080002e7   Thumb Code     0  startup_stm32f103xb.o(.text)
    SPI1_IRQHandler                          0x080002e7   Thumb Code     0  startup_stm32f103xb.o(.text)
    SPI2_IRQHandler                          0x080002e7   Thumb Code     0  startup_stm32f103xb.o(.text)
    TAMPER_IRQHandler                        0x080002e7   Thumb Code     0  startup_stm32f103xb.o(.text)
    TIM1_BRK_IRQHandler                      0x080002e7   Thumb Code     0  startup_stm32f103xb.o(.text)
    TIM1_CC_IRQHandler                       0x080002e7   Thumb Code     0  startup_stm32f103xb.o(.text)
    TIM1_TRG_COM_IRQHandler                  0x080002e7   Thumb Code     0  startup_stm32f103xb.o(.text)
    TIM2_IRQHandler                          0x080002e7   Thumb Code     0  startup_stm32f103xb.o(.text)
    TIM3_IRQHandler                          0x080002e7   Thumb Code     0  startup_stm32f103xb.o(.text)
    TIM4_IRQHandler                          0x080002e7   Thumb Code     0  startup_stm32f103xb.o(.text)
    USART2_IRQHandler                        0x080002e7   Thumb Code     0  startup_stm32f103xb.o(.text)
    USBWakeUp_IRQHandler                     0x080002e7   Thumb Code     0  startup_stm32f103xb.o(.text)
    USB_HP_CAN1_TX_IRQHandler                0x080002e7   Thumb Code     0  startup_stm32f103xb.o(.text)
    USB_LP_CAN1_RX0_IRQHandler               0x080002e7   Thumb Code     0  startup_stm32f103xb.o(.text)
    WWDG_IRQHandler                          0x080002e7   Thumb Code     0  startup_stm32f103xb.o(.text)
    __user_initial_stackheap                 0x080002e9   Thumb Code     0  startup_stm32f103xb.o(.text)
    vsprintf                                 0x0800030d   Thumb Code    32  vsprintf.o(.text)
    __aeabi_memcpy4                          0x08000331   Thumb Code     0  rt_memcpy_w.o(.text)
    __aeabi_memcpy8                          0x08000331   Thumb Code     0  rt_memcpy_w.o(.text)
    __rt_memcpy_w                            0x08000331   Thumb Code   100  rt_memcpy_w.o(.text)
    _memcpy_lastbytes_aligned                0x08000379   Thumb Code     0  rt_memcpy_w.o(.text)
    __aeabi_memclr4                          0x08000395   Thumb Code     0  rt_memclr_w.o(.text)
    __aeabi_memclr8                          0x08000395   Thumb Code     0  rt_memclr_w.o(.text)
    __rt_memclr_w                            0x08000395   Thumb Code    78  rt_memclr_w.o(.text)
    _memset_w                                0x08000399   Thumb Code     0  rt_memclr_w.o(.text)
    strcmp                                   0x080003e5   Thumb Code   128  strcmpv7m.o(.text)
    __use_two_region_memory                  0x08000465   Thumb Code     2  heapauxi.o(.text)
    __rt_heap_escrow                         0x08000467   Thumb Code     2  heapauxi.o(.text)
    __rt_heap_expand                         0x08000469   Thumb Code     2  heapauxi.o(.text)
    _printf_pre_padding                      0x0800046b   Thumb Code    44  _printf_pad.o(.text)
    _printf_post_padding                     0x08000497   Thumb Code    34  _printf_pad.o(.text)
    _printf_truncate_signed                  0x080004b9   Thumb Code    18  _printf_truncate.o(.text)
    _printf_truncate_unsigned                0x080004cb   Thumb Code    18  _printf_truncate.o(.text)
    _printf_str                              0x080004dd   Thumb Code    82  _printf_str.o(.text)
    _printf_int_dec                          0x08000531   Thumb Code   104  _printf_dec.o(.text)
    _printf_charcount                        0x080005a9   Thumb Code    40  _printf_charcount.o(.text)
    _printf_char_common                      0x080005db   Thumb Code    32  _printf_char_common.o(.text)
    _sputc                                   0x08000601   Thumb Code    10  _sputc.o(.text)
    _printf_wctomb                           0x0800060d   Thumb Code   182  _printf_wctomb.o(.text)
    _printf_longlong_dec                     0x080006c9   Thumb Code   108  _printf_longlong_dec.o(.text)
    _printf_longlong_oct                     0x08000745   Thumb Code    66  _printf_oct_int_ll.o(.text)
    _printf_int_oct                          0x08000787   Thumb Code    24  _printf_oct_int_ll.o(.text)
    _printf_ll_oct                           0x0800079f   Thumb Code    12  _printf_oct_int_ll.o(.text)
    _printf_longlong_hex                     0x080007b5   Thumb Code    86  _printf_hex_int_ll_ptr.o(.text)
    _printf_int_hex                          0x0800080b   Thumb Code    28  _printf_hex_int_ll_ptr.o(.text)
    _printf_ll_hex                           0x08000827   Thumb Code    12  _printf_hex_int_ll_ptr.o(.text)
    _printf_hex_ptr                          0x08000833   Thumb Code    18  _printf_hex_int_ll_ptr.o(.text)
    __printf                                 0x08000849   Thumb Code   388  __printf_flags_ss_wp.o(.text)
    __user_libspace                          0x080009d1   Thumb Code     8  libspace.o(.text)
    __user_perproc_libspace                  0x080009d1   Thumb Code     0  libspace.o(.text)
    __user_perthread_libspace                0x080009d1   Thumb Code     0  libspace.o(.text)
    _ll_udiv10                               0x080009d9   Thumb Code   138  lludiv10.o(.text)
    _printf_int_common                       0x08000a63   Thumb Code   178  _printf_intcommon.o(.text)
    __lib_sel_fp_printf                      0x08000b15   Thumb Code     2  _printf_fp_dec.o(.text)
    _printf_fp_dec_real                      0x08000cc7   Thumb Code   620  _printf_fp_dec.o(.text)
    _printf_fp_hex_real                      0x08000f35   Thumb Code   756  _printf_fp_hex.o(.text)
    _printf_cs_common                        0x08001231   Thumb Code    20  _printf_char.o(.text)
    _printf_char                             0x08001245   Thumb Code    16  _printf_char.o(.text)
    _printf_string                           0x08001255   Thumb Code     8  _printf_char.o(.text)
    _printf_lcs_common                       0x0800125d   Thumb Code    20  _printf_wchar.o(.text)
    _printf_wchar                            0x08001271   Thumb Code    16  _printf_wchar.o(.text)
    _printf_wstring                          0x08001281   Thumb Code     8  _printf_wchar.o(.text)
    _wcrtomb                                 0x08001289   Thumb Code    64  _wcrtomb.o(.text)
    __I$use$semihosting                      0x080012c9   Thumb Code     0  use_no_semi.o(.text)
    __use_no_semihosting_swi                 0x080012c9   Thumb Code     2  use_no_semi.o(.text)
    __semihosting_library_function           0x080012cb   Thumb Code     0  indicate_semi.o(.text)
    __user_setup_stackheap                   0x080012cb   Thumb Code    74  sys_stackheap_outer.o(.text)
    __rt_ctype_table                         0x08001315   Thumb Code    16  rt_ctype_table.o(.text)
    __rt_locale                              0x08001325   Thumb Code     8  rt_locale_intlibspace.o(.text)
    _printf_fp_infnan                        0x0800132d   Thumb Code   112  _printf_fp_infnan.o(.text)
    _btod_etento                             0x080013ad   Thumb Code   224  bigflt0.o(.text)
    exit                                     0x08001491   Thumb Code    18  exit.o(.text)
    _sys_exit                                0x080014a5   Thumb Code     8  sys_exit.o(.text)
    _btod_d2e                                0x080014b1   Thumb Code    62  btod.o(CL$$btod_d2e)
    _d2e_denorm_low                          0x080014ef   Thumb Code    70  btod.o(CL$$btod_d2e_denorm_low)
    _d2e_norm_op1                            0x08001535   Thumb Code    96  btod.o(CL$$btod_d2e_norm_op1)
    __btod_div_common                        0x08001595   Thumb Code   696  btod.o(CL$$btod_div_common)
    _e2e                                     0x080018cd   Thumb Code   220  btod.o(CL$$btod_e2e)
    _btod_ediv                               0x080019a9   Thumb Code    42  btod.o(CL$$btod_ediv)
    _btod_emul                               0x080019d3   Thumb Code    42  btod.o(CL$$btod_emul)
    __btod_mult_common                       0x080019fd   Thumb Code   580  btod.o(CL$$btod_mult_common)
    BusFault_Handler                         0x08001c41   Thumb Code     2  stm32f1xx_it.o(i.BusFault_Handler)
    DebugMon_Handler                         0x08001c43   Thumb Code     2  stm32f1xx_it.o(i.DebugMon_Handler)
    HAL_DMA_Abort                            0x08001c45   Thumb Code    70  stm32f1xx_hal_dma.o(i.HAL_DMA_Abort)
    HAL_DMA_Abort_IT                         0x08001c8d   Thumb Code   148  stm32f1xx_hal_dma.o(i.HAL_DMA_Abort_IT)
    HAL_GPIO_Init                            0x08001d25   Thumb Code   446  stm32f1xx_hal_gpio.o(i.HAL_GPIO_Init)
    HAL_GPIO_ReadPin                         0x08001f05   Thumb Code    10  stm32f1xx_hal_gpio.o(i.HAL_GPIO_ReadPin)
    HAL_GetTick                              0x08001f11   Thumb Code     6  stm32f1xx_hal.o(i.HAL_GetTick)
    HAL_IncTick                              0x08001f1d   Thumb Code    12  stm32f1xx_hal.o(i.HAL_IncTick)
    HAL_Init                                 0x08001f2d   Thumb Code    32  stm32f1xx_hal.o(i.HAL_Init)
    HAL_InitTick                             0x08001f51   Thumb Code   118  stm32f1xx_hal_timebase_tim.o(i.HAL_InitTick)
    HAL_MspInit                              0x08001fdd   Thumb Code    62  stm32f1xx_hal_msp.o(i.HAL_MspInit)
    HAL_NVIC_EnableIRQ                       0x08002025   Thumb Code    26  stm32f1xx_hal_cortex.o(i.HAL_NVIC_EnableIRQ)
    HAL_NVIC_SetPriority                     0x08002041   Thumb Code    60  stm32f1xx_hal_cortex.o(i.HAL_NVIC_SetPriority)
    HAL_NVIC_SetPriorityGrouping             0x08002081   Thumb Code    26  stm32f1xx_hal_cortex.o(i.HAL_NVIC_SetPriorityGrouping)
    HAL_RCC_ClockConfig                      0x080020a5   Thumb Code   280  stm32f1xx_hal_rcc.o(i.HAL_RCC_ClockConfig)
    HAL_RCC_GetClockConfig                   0x080021d1   Thumb Code    54  stm32f1xx_hal_rcc.o(i.HAL_RCC_GetClockConfig)
    HAL_RCC_GetPCLK1Freq                     0x08002211   Thumb Code    20  stm32f1xx_hal_rcc.o(i.HAL_RCC_GetPCLK1Freq)
    HAL_RCC_GetPCLK2Freq                     0x08002231   Thumb Code    20  stm32f1xx_hal_rcc.o(i.HAL_RCC_GetPCLK2Freq)
    HAL_RCC_GetSysClockFreq                  0x08002251   Thumb Code    58  stm32f1xx_hal_rcc.o(i.HAL_RCC_GetSysClockFreq)
    HAL_RCC_OscConfig                        0x0800229d   Thumb Code   778  stm32f1xx_hal_rcc.o(i.HAL_RCC_OscConfig)
    HAL_TIMEx_BreakCallback                  0x080025bd   Thumb Code     2  stm32f1xx_hal_tim_ex.o(i.HAL_TIMEx_BreakCallback)
    HAL_TIMEx_CommutCallback                 0x080025bf   Thumb Code     2  stm32f1xx_hal_tim_ex.o(i.HAL_TIMEx_CommutCallback)
    HAL_TIMEx_MasterConfigSynchronization    0x080025c1   Thumb Code    92  stm32f1xx_hal_tim_ex.o(i.HAL_TIMEx_MasterConfigSynchronization)
    HAL_TIM_Base_Init                        0x08002629   Thumb Code    90  stm32f1xx_hal_tim.o(i.HAL_TIM_Base_Init)
    HAL_TIM_Base_MspInit                     0x08002683   Thumb Code     2  stm32f1xx_hal_tim.o(i.HAL_TIM_Base_MspInit)
    HAL_TIM_Base_Start_IT                    0x08002685   Thumb Code    76  stm32f1xx_hal_tim.o(i.HAL_TIM_Base_Start_IT)
    HAL_TIM_IC_CaptureCallback               0x080026dd   Thumb Code     2  stm32f1xx_hal_tim.o(i.HAL_TIM_IC_CaptureCallback)
    HAL_TIM_IRQHandler                       0x080026df   Thumb Code   304  stm32f1xx_hal_tim.o(i.HAL_TIM_IRQHandler)
    HAL_TIM_MspPostInit                      0x08002811   Thumb Code    64  stm32f1xx_hal_msp.o(i.HAL_TIM_MspPostInit)
    HAL_TIM_OC_DelayElapsedCallback          0x0800285d   Thumb Code     2  stm32f1xx_hal_tim.o(i.HAL_TIM_OC_DelayElapsedCallback)
    HAL_TIM_PWM_ConfigChannel                0x0800285f   Thumb Code   204  stm32f1xx_hal_tim.o(i.HAL_TIM_PWM_ConfigChannel)
    HAL_TIM_PWM_Init                         0x0800292b   Thumb Code    90  stm32f1xx_hal_tim.o(i.HAL_TIM_PWM_Init)
    HAL_TIM_PWM_MspInit                      0x08002985   Thumb Code    30  stm32f1xx_hal_msp.o(i.HAL_TIM_PWM_MspInit)
    HAL_TIM_PWM_PulseFinishedCallback        0x080029ad   Thumb Code     2  stm32f1xx_hal_tim.o(i.HAL_TIM_PWM_PulseFinishedCallback)
    HAL_TIM_PWM_Start                        0x080029b1   Thumb Code   144  stm32f1xx_hal_tim.o(i.HAL_TIM_PWM_Start)
    HAL_TIM_PeriodElapsedCallback            0x08002a4d   Thumb Code    14  main.o(i.HAL_TIM_PeriodElapsedCallback)
    HAL_TIM_TriggerCallback                  0x08002a61   Thumb Code     2  stm32f1xx_hal_tim.o(i.HAL_TIM_TriggerCallback)
    HAL_UARTEx_RxEventCallback               0x08002a63   Thumb Code     2  stm32f1xx_hal_uart.o(i.HAL_UARTEx_RxEventCallback)
    HAL_UART_ErrorCallback                   0x08002a65   Thumb Code     2  stm32f1xx_hal_uart.o(i.HAL_UART_ErrorCallback)
    HAL_UART_IRQHandler                      0x08002a69   Thumb Code   616  stm32f1xx_hal_uart.o(i.HAL_UART_IRQHandler)
    HAL_UART_Init                            0x08002cd5   Thumb Code   100  stm32f1xx_hal_uart.o(i.HAL_UART_Init)
    HAL_UART_MspInit                         0x08002d39   Thumb Code   198  stm32f1xx_hal_msp.o(i.HAL_UART_MspInit)
    HAL_UART_Receive_IT                      0x08002e15   Thumb Code    28  stm32f1xx_hal_uart.o(i.HAL_UART_Receive_IT)
    HAL_UART_RxCpltCallback                  0x08002e31   Thumb Code   190  myusart.o(i.HAL_UART_RxCpltCallback)
    HAL_UART_Transmit                        0x08002f01   Thumb Code   160  stm32f1xx_hal_uart.o(i.HAL_UART_Transmit)
    HAL_UART_TxCpltCallback                  0x08002fa1   Thumb Code     2  stm32f1xx_hal_uart.o(i.HAL_UART_TxCpltCallback)
    HC_05_RUN                                0x08002fa5   Thumb Code    44  myusart.o(i.HC_05_RUN)
    HC_05_Task                               0x08002ff9   Thumb Code    12  main.o(i.HC_05_Task)
    HardFault_Handler                        0x08003005   Thumb Code     2  stm32f1xx_it.o(i.HardFault_Handler)
    Key_GetNum                               0x08003009   Thumb Code    50  key.o(i.Key_GetNum)
    MemManage_Handler                        0x08003139   Thumb Code     2  stm32f1xx_it.o(i.MemManage_Handler)
    NMI_Handler                              0x0800313b   Thumb Code     2  stm32f1xx_it.o(i.NMI_Handler)
    StartDefaultTask                         0x0800313d   Thumb Code     8  main.o(i.StartDefaultTask)
    SysTick_Handler                          0x08003145   Thumb Code    38  port.o(i.SysTick_Handler)
    SystemClock_Config                       0x08003171   Thumb Code    94  main.o(i.SystemClock_Config)
    SystemInit                               0x080031cf   Thumb Code     2  system_stm32f1xx.o(i.SystemInit)
    TIM1_UP_IRQHandler                       0x080031d1   Thumb Code     6  stm32f1xx_it.o(i.TIM1_UP_IRQHandler)
    TIM_Base_SetConfig                       0x080031dd   Thumb Code   108  stm32f1xx_hal_tim.o(i.TIM_Base_SetConfig)
    TIM_CCxChannelCmd                        0x08003255   Thumb Code    26  stm32f1xx_hal_tim.o(i.TIM_CCxChannelCmd)
    TIM_OC2_SetConfig                        0x080032c1   Thumb Code    84  stm32f1xx_hal_tim.o(i.TIM_OC2_SetConfig)
    UART_Start_Receive_IT                    0x0800358d   Thumb Code    54  stm32f1xx_hal_uart.o(i.UART_Start_Receive_IT)
    USART1_IRQHandler                        0x08003635   Thumb Code     6  stm32f1xx_it.o(i.USART1_IRQHandler)
    USART3_IRQHandler                        0x08003641   Thumb Code     6  stm32f1xx_it.o(i.USART3_IRQHandler)
    UsageFault_Handler                       0x0800364d   Thumb Code     2  stm32f1xx_it.o(i.UsageFault_Handler)
    __ARM_fpclassify                         0x0800364f   Thumb Code    40  fpclassify.o(i.__ARM_fpclassify)
    _is_digit                                0x08003697   Thumb Code    14  __printf_wp.o(i._is_digit)
    hhSerialSendByte                         0x080036a5   Thumb Code    18  myusart.o(i.hhSerialSendByte)
    hhSerialSendString                       0x080036b7   Thumb Code    26  myusart.o(i.hhSerialSendString)
    main                                     0x080036d1   Thumb Code   164  main.o(i.main)
    makerobo_run                             0x08003795   Thumb Code    24  robot.o(i.makerobo_run)
    myusart_init                             0x080037ad   Thumb Code    28  myusart.o(i.myusart_init)
    osDelay                                  0x080037d5   Thumb Code    14  cmsis_os.o(i.osDelay)
    osKernelStart                            0x080037e3   Thumb Code    10  cmsis_os.o(i.osKernelStart)
    osThreadCreate                           0x080037ed   Thumb Code    84  cmsis_os.o(i.osThreadCreate)
    pvPortMalloc                             0x08003b8d   Thumb Code   216  heap_4.o(i.pvPortMalloc)
    pxPortInitialiseStack                    0x08003c69   Thumb Code    32  port.o(i.pxPortInitialiseStack)
    robot_Init                               0x08003c8d   Thumb Code    38  robot.o(i.robot_Init)
    robot_move_task                          0x08003cb9   Thumb Code    38  main.o(i.robot_move_task)
    robot_speed                              0x08003cf5   Thumb Code   332  robot.o(i.robot_speed)
    s_printf                                 0x08003e45   Thumb Code    30  myusart.o(i.s_printf)
    uxListRemove                             0x08003e69   Thumb Code    38  list.o(i.uxListRemove)
    vApplicationGetIdleTaskMemory            0x08003e91   Thumb Code    16  freertos.o(i.vApplicationGetIdleTaskMemory)
    vListInitialise                          0x08003ea5   Thumb Code    22  list.o(i.vListInitialise)
    vListInitialiseItem                      0x08003ebb   Thumb Code     6  list.o(i.vListInitialiseItem)
    vListInsert                              0x08003ec1   Thumb Code    48  list.o(i.vListInsert)
    vListInsertEnd                           0x08003ef1   Thumb Code    24  list.o(i.vListInsertEnd)
    vPortEnterCritical                       0x08003f09   Thumb Code    54  port.o(i.vPortEnterCritical)
    vPortExitCritical                        0x08003f49   Thumb Code    34  port.o(i.vPortExitCritical)
    vPortFree                                0x08003f71   Thumb Code    94  heap_4.o(i.vPortFree)
    vPortSetupTimerInterrupt                 0x08003fd5   Thumb Code    32  port.o(i.vPortSetupTimerInterrupt)
    vTaskDelay                               0x08003ff9   Thumb Code    66  tasks.o(i.vTaskDelay)
    vTaskStartScheduler                      0x08004045   Thumb Code    90  tasks.o(i.vTaskStartScheduler)
    vTaskSuspendAll                          0x080040b1   Thumb Code    10  tasks.o(i.vTaskSuspendAll)
    vTaskSwitchContext                       0x080040c1   Thumb Code    82  tasks.o(i.vTaskSwitchContext)
    xPortStartScheduler                      0x0800411d   Thumb Code   154  port.o(i.xPortStartScheduler)
    xTaskCreate                              0x080041c5   Thumb Code    90  tasks.o(i.xTaskCreate)
    xTaskCreateStatic                        0x0800421f   Thumb Code    86  tasks.o(i.xTaskCreateStatic)
    xTaskIncrementTick                       0x08004275   Thumb Code   194  tasks.o(i.xTaskIncrementTick)
    xTaskResumeAll                           0x08004341   Thumb Code   182  tasks.o(i.xTaskResumeAll)
    _get_lc_numeric                          0x08004405   Thumb Code    44  lc_numeric_c.o(locale$$code)
    _get_lc_ctype                            0x08004431   Thumb Code    44  lc_ctype_c.o(locale$$code)
    _printf_fp_dec                           0x0800445d   Thumb Code     4  printf1.o(x$fpl$printf1)
    _printf_fp_hex                           0x08004461   Thumb Code     4  printf2.o(x$fpl$printf2)
    __I$use$fp                               0x08004464   Number         0  usenofp.o(x$fpl$usenofp)
    AHBPrescTable                            0x080044ca   Data          16  system_stm32f1xx.o(.constdata)
    APBPrescTable                            0x080044da   Data           8  system_stm32f1xx.o(.constdata)
    Region$$Table$$Base                      0x08004600   Number         0  anon$$obj.o(Region$$Table)
    Region$$Table$$Limit                     0x08004620   Number         0  anon$$obj.o(Region$$Table)
    __ctype                                  0x08004649   Data           0  lc_ctype_c.o(locale$$data)
    Serial_RxFlag1                           0x20000004   Data           1  myusart.o(.data)
    Serial_RxFlag3                           0x20000005   Data           1  myusart.o(.data)
    ByteRecv1                                0x20000006   Data           1  myusart.o(.data)
    ByteRecv3                                0x20000007   Data           1  myusart.o(.data)
    defaultTaskHandle                        0x20000008   Data           4  main.o(.data)
    robot_moveHandle                         0x2000000c   Data           4  main.o(.data)
    HC_05Handle                              0x20000010   Data           4  main.o(.data)
    uwTickFreq                               0x20000014   Data           1  stm32f1xx_hal.o(.data)
    uwTickPrio                               0x20000018   Data           4  stm32f1xx_hal.o(.data)
    uwTick                                   0x2000001c   Data           4  stm32f1xx_hal.o(.data)
    SystemCoreClock                          0x20000020   Data           4  system_stm32f1xx.o(.data)
    pxCurrentTCB                             0x20000024   Data           4  tasks.o(.data)
    Serial_RxPacket1                         0x2000008c   Data         100  myusart.o(.bss)
    Serial_RxPacket3                         0x200000f0   Data         100  myusart.o(.bss)
    htim4                                    0x20000154   Data          72  main.o(.bss)
    huart1                                   0x2000019c   Data          72  main.o(.bss)
    huart3                                   0x200001e4   Data          72  main.o(.bss)
    htim1                                    0x20000480   Data          72  stm32f1xx_hal_timebase_tim.o(.bss)
    __libspace_start                         0x200011b8   Data          96  libspace.o(.bss)
    __temporary_stack_top$libspace           0x20001218   Data           0  libspace.o(.bss)



==============================================================================

Memory Map of the image

  Image Entry point : 0x080000ed

  Load Region LR_IROM1 (Base: 0x08000000, Size: 0x000047d8, Max: 0x00010000, ABSOLUTE)

    Execution Region ER_IROM1 (Exec base: 0x08000000, Load base: 0x08000000, Size: 0x0000474c, Max: 0x00010000, ABSOLUTE)

    Exec Addr    Load Addr    Size         Type   Attr      Idx    E Section Name        Object

    0x08000000   0x08000000   0x000000ec   Data   RO            3    RESET               startup_stm32f103xb.o
    0x080000ec   0x080000ec   0x00000008   Code   RO         4390  * !!!main             c_w.l(__main.o)
    0x080000f4   0x080000f4   0x00000034   Code   RO         4761    !!!scatter          c_w.l(__scatter.o)
    0x08000128   0x08000128   0x0000001a   Code   RO         4763    !!handler_copy      c_w.l(__scatter_copy.o)
    0x08000142   0x08000142   0x00000002   PAD
    0x08000144   0x08000144   0x0000001c   Code   RO         4765    !!handler_zi        c_w.l(__scatter_zi.o)
    0x08000160   0x08000160   0x00000000   Code   RO         4507    .ARM.Collect$$_printf_percent$$00000000  c_w.l(_printf_percent.o)
    0x08000160   0x08000160   0x00000006   Code   RO         4496    .ARM.Collect$$_printf_percent$$00000001  c_w.l(_printf_n.o)
    0x08000166   0x08000166   0x00000006   Code   RO         4498    .ARM.Collect$$_printf_percent$$00000002  c_w.l(_printf_p.o)
    0x0800016c   0x0800016c   0x00000006   Code   RO         4503    .ARM.Collect$$_printf_percent$$00000003  c_w.l(_printf_f.o)
    0x08000172   0x08000172   0x00000006   Code   RO         4504    .ARM.Collect$$_printf_percent$$00000004  c_w.l(_printf_e.o)
    0x08000178   0x08000178   0x00000006   Code   RO         4505    .ARM.Collect$$_printf_percent$$00000005  c_w.l(_printf_g.o)
    0x0800017e   0x0800017e   0x00000006   Code   RO         4506    .ARM.Collect$$_printf_percent$$00000006  c_w.l(_printf_a.o)
    0x08000184   0x08000184   0x0000000a   Code   RO         4511    .ARM.Collect$$_printf_percent$$00000007  c_w.l(_printf_ll.o)
    0x0800018e   0x0800018e   0x00000006   Code   RO         4500    .ARM.Collect$$_printf_percent$$00000008  c_w.l(_printf_i.o)
    0x08000194   0x08000194   0x00000006   Code   RO         4501    .ARM.Collect$$_printf_percent$$00000009  c_w.l(_printf_d.o)
    0x0800019a   0x0800019a   0x00000006   Code   RO         4502    .ARM.Collect$$_printf_percent$$0000000A  c_w.l(_printf_u.o)
    0x080001a0   0x080001a0   0x00000006   Code   RO         4499    .ARM.Collect$$_printf_percent$$0000000B  c_w.l(_printf_o.o)
    0x080001a6   0x080001a6   0x00000006   Code   RO         4497    .ARM.Collect$$_printf_percent$$0000000C  c_w.l(_printf_x.o)
    0x080001ac   0x080001ac   0x00000006   Code   RO         4508    .ARM.Collect$$_printf_percent$$0000000D  c_w.l(_printf_lli.o)
    0x080001b2   0x080001b2   0x00000006   Code   RO         4509    .ARM.Collect$$_printf_percent$$0000000E  c_w.l(_printf_lld.o)
    0x080001b8   0x080001b8   0x00000006   Code   RO         4510    .ARM.Collect$$_printf_percent$$0000000F  c_w.l(_printf_llu.o)
    0x080001be   0x080001be   0x00000006   Code   RO         4515    .ARM.Collect$$_printf_percent$$00000010  c_w.l(_printf_llo.o)
    0x080001c4   0x080001c4   0x00000006   Code   RO         4516    .ARM.Collect$$_printf_percent$$00000011  c_w.l(_printf_llx.o)
    0x080001ca   0x080001ca   0x0000000a   Code   RO         4512    .ARM.Collect$$_printf_percent$$00000012  c_w.l(_printf_l.o)
    0x080001d4   0x080001d4   0x00000006   Code   RO         4494    .ARM.Collect$$_printf_percent$$00000013  c_w.l(_printf_c.o)
    0x080001da   0x080001da   0x00000006   Code   RO         4495    .ARM.Collect$$_printf_percent$$00000014  c_w.l(_printf_s.o)
    0x080001e0   0x080001e0   0x00000006   Code   RO         4513    .ARM.Collect$$_printf_percent$$00000015  c_w.l(_printf_lc.o)
    0x080001e6   0x080001e6   0x00000006   Code   RO         4514    .ARM.Collect$$_printf_percent$$00000016  c_w.l(_printf_ls.o)
    0x080001ec   0x080001ec   0x00000004   Code   RO         4617    .ARM.Collect$$_printf_percent$$00000017  c_w.l(_printf_percent_end.o)
    0x080001f0   0x080001f0   0x00000002   Code   RO         4692    .ARM.Collect$$libinit$$00000000  c_w.l(libinit.o)
    0x080001f2   0x080001f2   0x00000000   Code   RO         4522    .ARM.Collect$$libinit$$00000002  c_w.l(libinit2.o)
    0x080001f2   0x080001f2   0x00000000   Code   RO         4524    .ARM.Collect$$libinit$$00000004  c_w.l(libinit2.o)
    0x080001f2   0x080001f2   0x00000000   Code   RO         4527    .ARM.Collect$$libinit$$0000000A  c_w.l(libinit2.o)
    0x080001f2   0x080001f2   0x00000000   Code   RO         4529    .ARM.Collect$$libinit$$0000000C  c_w.l(libinit2.o)
    0x080001f2   0x080001f2   0x00000000   Code   RO         4531    .ARM.Collect$$libinit$$0000000E  c_w.l(libinit2.o)
    0x080001f2   0x080001f2   0x00000006   Code   RO         4532    .ARM.Collect$$libinit$$0000000F  c_w.l(libinit2.o)
    0x080001f8   0x080001f8   0x00000000   Code   RO         4534    .ARM.Collect$$libinit$$00000011  c_w.l(libinit2.o)
    0x080001f8   0x080001f8   0x0000000c   Code   RO         4535    .ARM.Collect$$libinit$$00000012  c_w.l(libinit2.o)
    0x08000204   0x08000204   0x00000000   Code   RO         4536    .ARM.Collect$$libinit$$00000013  c_w.l(libinit2.o)
    0x08000204   0x08000204   0x00000000   Code   RO         4538    .ARM.Collect$$libinit$$00000015  c_w.l(libinit2.o)
    0x08000204   0x08000204   0x0000000a   Code   RO         4539    .ARM.Collect$$libinit$$00000016  c_w.l(libinit2.o)
    0x0800020e   0x0800020e   0x00000000   Code   RO         4540    .ARM.Collect$$libinit$$00000017  c_w.l(libinit2.o)
    0x0800020e   0x0800020e   0x00000000   Code   RO         4542    .ARM.Collect$$libinit$$00000019  c_w.l(libinit2.o)
    0x0800020e   0x0800020e   0x00000000   Code   RO         4544    .ARM.Collect$$libinit$$0000001B  c_w.l(libinit2.o)
    0x0800020e   0x0800020e   0x00000000   Code   RO         4546    .ARM.Collect$$libinit$$0000001D  c_w.l(libinit2.o)
    0x0800020e   0x0800020e   0x00000000   Code   RO         4548    .ARM.Collect$$libinit$$0000001F  c_w.l(libinit2.o)
    0x0800020e   0x0800020e   0x00000000   Code   RO         4550    .ARM.Collect$$libinit$$00000021  c_w.l(libinit2.o)
    0x0800020e   0x0800020e   0x00000000   Code   RO         4552    .ARM.Collect$$libinit$$00000023  c_w.l(libinit2.o)
    0x0800020e   0x0800020e   0x00000000   Code   RO         4554    .ARM.Collect$$libinit$$00000025  c_w.l(libinit2.o)
    0x0800020e   0x0800020e   0x00000000   Code   RO         4558    .ARM.Collect$$libinit$$0000002C  c_w.l(libinit2.o)
    0x0800020e   0x0800020e   0x00000000   Code   RO         4560    .ARM.Collect$$libinit$$0000002E  c_w.l(libinit2.o)
    0x0800020e   0x0800020e   0x00000000   Code   RO         4562    .ARM.Collect$$libinit$$00000030  c_w.l(libinit2.o)
    0x0800020e   0x0800020e   0x00000000   Code   RO         4564    .ARM.Collect$$libinit$$00000032  c_w.l(libinit2.o)
    0x0800020e   0x0800020e   0x00000002   Code   RO         4565    .ARM.Collect$$libinit$$00000033  c_w.l(libinit2.o)
    0x08000210   0x08000210   0x00000002   Code   RO         4758    .ARM.Collect$$libshutdown$$00000000  c_w.l(libshutdown.o)
    0x08000212   0x08000212   0x00000000   Code   RO         4714    .ARM.Collect$$libshutdown$$00000002  c_w.l(libshutdown2.o)
    0x08000212   0x08000212   0x00000000   Code   RO         4716    .ARM.Collect$$libshutdown$$00000004  c_w.l(libshutdown2.o)
    0x08000212   0x08000212   0x00000000   Code   RO         4719    .ARM.Collect$$libshutdown$$00000007  c_w.l(libshutdown2.o)
    0x08000212   0x08000212   0x00000000   Code   RO         4722    .ARM.Collect$$libshutdown$$0000000A  c_w.l(libshutdown2.o)
    0x08000212   0x08000212   0x00000000   Code   RO         4724    .ARM.Collect$$libshutdown$$0000000C  c_w.l(libshutdown2.o)
    0x08000212   0x08000212   0x00000000   Code   RO         4727    .ARM.Collect$$libshutdown$$0000000F  c_w.l(libshutdown2.o)
    0x08000212   0x08000212   0x00000002   Code   RO         4728    .ARM.Collect$$libshutdown$$00000010  c_w.l(libshutdown2.o)
    0x08000214   0x08000214   0x00000000   Code   RO         4394    .ARM.Collect$$rtentry$$00000000  c_w.l(__rtentry.o)
    0x08000214   0x08000214   0x00000000   Code   RO         4580    .ARM.Collect$$rtentry$$00000002  c_w.l(__rtentry2.o)
    0x08000214   0x08000214   0x00000006   Code   RO         4592    .ARM.Collect$$rtentry$$00000004  c_w.l(__rtentry4.o)
    0x0800021a   0x0800021a   0x00000000   Code   RO         4582    .ARM.Collect$$rtentry$$00000009  c_w.l(__rtentry2.o)
    0x0800021a   0x0800021a   0x00000004   Code   RO         4583    .ARM.Collect$$rtentry$$0000000A  c_w.l(__rtentry2.o)
    0x0800021e   0x0800021e   0x00000000   Code   RO         4585    .ARM.Collect$$rtentry$$0000000C  c_w.l(__rtentry2.o)
    0x0800021e   0x0800021e   0x00000008   Code   RO         4586    .ARM.Collect$$rtentry$$0000000D  c_w.l(__rtentry2.o)
    0x08000226   0x08000226   0x00000002   Code   RO         4700    .ARM.Collect$$rtexit$$00000000  c_w.l(rtexit.o)
    0x08000228   0x08000228   0x00000000   Code   RO         4732    .ARM.Collect$$rtexit$$00000002  c_w.l(rtexit2.o)
    0x08000228   0x08000228   0x00000004   Code   RO         4733    .ARM.Collect$$rtexit$$00000003  c_w.l(rtexit2.o)
    0x0800022c   0x0800022c   0x00000006   Code   RO         4734    .ARM.Collect$$rtexit$$00000004  c_w.l(rtexit2.o)
    0x08000232   0x08000232   0x00000002   PAD
    0x08000234   0x08000234   0x00000096   Code   RO         4239    .emb_text           port.o
    0x080002ca   0x080002ca   0x00000002   PAD
    0x080002cc   0x080002cc   0x00000040   Code   RO            4    .text               startup_stm32f103xb.o
    0x0800030c   0x0800030c   0x00000024   Code   RO         4376    .text               c_w.l(vsprintf.o)
    0x08000330   0x08000330   0x00000064   Code   RO         4380    .text               c_w.l(rt_memcpy_w.o)
    0x08000394   0x08000394   0x0000004e   Code   RO         4384    .text               c_w.l(rt_memclr_w.o)
    0x080003e2   0x080003e2   0x00000002   PAD
    0x080003e4   0x080003e4   0x00000080   Code   RO         4386    .text               c_w.l(strcmpv7m.o)
    0x08000464   0x08000464   0x00000006   Code   RO         4388    .text               c_w.l(heapauxi.o)
    0x0800046a   0x0800046a   0x0000004e   Code   RO         4428    .text               c_w.l(_printf_pad.o)
    0x080004b8   0x080004b8   0x00000024   Code   RO         4430    .text               c_w.l(_printf_truncate.o)
    0x080004dc   0x080004dc   0x00000052   Code   RO         4432    .text               c_w.l(_printf_str.o)
    0x0800052e   0x0800052e   0x00000002   PAD
    0x08000530   0x08000530   0x00000078   Code   RO         4434    .text               c_w.l(_printf_dec.o)
    0x080005a8   0x080005a8   0x00000028   Code   RO         4436    .text               c_w.l(_printf_charcount.o)
    0x080005d0   0x080005d0   0x00000030   Code   RO         4438    .text               c_w.l(_printf_char_common.o)
    0x08000600   0x08000600   0x0000000a   Code   RO         4440    .text               c_w.l(_sputc.o)
    0x0800060a   0x0800060a   0x00000002   PAD
    0x0800060c   0x0800060c   0x000000bc   Code   RO         4442    .text               c_w.l(_printf_wctomb.o)
    0x080006c8   0x080006c8   0x0000007c   Code   RO         4445    .text               c_w.l(_printf_longlong_dec.o)
    0x08000744   0x08000744   0x00000070   Code   RO         4451    .text               c_w.l(_printf_oct_int_ll.o)
    0x080007b4   0x080007b4   0x00000094   Code   RO         4471    .text               c_w.l(_printf_hex_int_ll_ptr.o)
    0x08000848   0x08000848   0x00000188   Code   RO         4491    .text               c_w.l(__printf_flags_ss_wp.o)
    0x080009d0   0x080009d0   0x00000008   Code   RO         4576    .text               c_w.l(libspace.o)
    0x080009d8   0x080009d8   0x0000008a   Code   RO         4602    .text               c_w.l(lludiv10.o)
    0x08000a62   0x08000a62   0x000000b2   Code   RO         4604    .text               c_w.l(_printf_intcommon.o)
    0x08000b14   0x08000b14   0x0000041e   Code   RO         4606    .text               c_w.l(_printf_fp_dec.o)
    0x08000f32   0x08000f32   0x00000002   PAD
    0x08000f34   0x08000f34   0x000002fc   Code   RO         4608    .text               c_w.l(_printf_fp_hex.o)
    0x08001230   0x08001230   0x0000002c   Code   RO         4613    .text               c_w.l(_printf_char.o)
    0x0800125c   0x0800125c   0x0000002c   Code   RO         4615    .text               c_w.l(_printf_wchar.o)
    0x08001288   0x08001288   0x00000040   Code   RO         4618    .text               c_w.l(_wcrtomb.o)
    0x080012c8   0x080012c8   0x00000002   Code   RO         4631    .text               c_w.l(use_no_semi.o)
    0x080012ca   0x080012ca   0x00000000   Code   RO         4633    .text               c_w.l(indicate_semi.o)
    0x080012ca   0x080012ca   0x0000004a   Code   RO         4634    .text               c_w.l(sys_stackheap_outer.o)
    0x08001314   0x08001314   0x00000010   Code   RO         4636    .text               c_w.l(rt_ctype_table.o)
    0x08001324   0x08001324   0x00000008   Code   RO         4643    .text               c_w.l(rt_locale_intlibspace.o)
    0x0800132c   0x0800132c   0x00000080   Code   RO         4647    .text               c_w.l(_printf_fp_infnan.o)
    0x080013ac   0x080013ac   0x000000e4   Code   RO         4649    .text               c_w.l(bigflt0.o)
    0x08001490   0x08001490   0x00000012   Code   RO         4677    .text               c_w.l(exit.o)
    0x080014a2   0x080014a2   0x00000002   PAD
    0x080014a4   0x080014a4   0x0000000c   Code   RO         4698    .text               c_w.l(sys_exit.o)
    0x080014b0   0x080014b0   0x0000003e   Code   RO         4652    CL$$btod_d2e        c_w.l(btod.o)
    0x080014ee   0x080014ee   0x00000046   Code   RO         4654    CL$$btod_d2e_denorm_low  c_w.l(btod.o)
    0x08001534   0x08001534   0x00000060   Code   RO         4653    CL$$btod_d2e_norm_op1  c_w.l(btod.o)
    0x08001594   0x08001594   0x00000338   Code   RO         4662    CL$$btod_div_common  c_w.l(btod.o)
    0x080018cc   0x080018cc   0x000000dc   Code   RO         4659    CL$$btod_e2e        c_w.l(btod.o)
    0x080019a8   0x080019a8   0x0000002a   Code   RO         4656    CL$$btod_ediv       c_w.l(btod.o)
    0x080019d2   0x080019d2   0x0000002a   Code   RO         4655    CL$$btod_emul       c_w.l(btod.o)
    0x080019fc   0x080019fc   0x00000244   Code   RO         4661    CL$$btod_mult_common  c_w.l(btod.o)
    0x08001c40   0x08001c40   0x00000002   Code   RO          469    i.BusFault_Handler  stm32f1xx_it.o
    0x08001c42   0x08001c42   0x00000002   Code   RO          470    i.DebugMon_Handler  stm32f1xx_it.o
    0x08001c44   0x08001c44   0x00000046   Code   RO         1052    i.HAL_DMA_Abort     stm32f1xx_hal_dma.o
    0x08001c8a   0x08001c8a   0x00000002   PAD
    0x08001c8c   0x08001c8c   0x00000098   Code   RO         1053    i.HAL_DMA_Abort_IT  stm32f1xx_hal_dma.o
    0x08001d24   0x08001d24   0x000001e0   Code   RO          988    i.HAL_GPIO_Init     stm32f1xx_hal_gpio.o
    0x08001f04   0x08001f04   0x0000000a   Code   RO          990    i.HAL_GPIO_ReadPin  stm32f1xx_hal_gpio.o
    0x08001f0e   0x08001f0e   0x00000002   PAD
    0x08001f10   0x08001f10   0x0000000c   Code   RO          682    i.HAL_GetTick       stm32f1xx_hal.o
    0x08001f1c   0x08001f1c   0x00000010   Code   RO          688    i.HAL_IncTick       stm32f1xx_hal.o
    0x08001f2c   0x08001f2c   0x00000024   Code   RO          689    i.HAL_Init          stm32f1xx_hal.o
    0x08001f50   0x08001f50   0x0000008c   Code   RO          596    i.HAL_InitTick      stm32f1xx_hal_timebase_tim.o
    0x08001fdc   0x08001fdc   0x00000048   Code   RO          542    i.HAL_MspInit       stm32f1xx_hal_msp.o
    0x08002024   0x08002024   0x0000001a   Code   RO         1148    i.HAL_NVIC_EnableIRQ  stm32f1xx_hal_cortex.o
    0x0800203e   0x0800203e   0x00000002   PAD
    0x08002040   0x08002040   0x00000040   Code   RO         1154    i.HAL_NVIC_SetPriority  stm32f1xx_hal_cortex.o
    0x08002080   0x08002080   0x00000024   Code   RO         1155    i.HAL_NVIC_SetPriorityGrouping  stm32f1xx_hal_cortex.o
    0x080020a4   0x080020a4   0x0000012c   Code   RO          846    i.HAL_RCC_ClockConfig  stm32f1xx_hal_rcc.o
    0x080021d0   0x080021d0   0x00000040   Code   RO          850    i.HAL_RCC_GetClockConfig  stm32f1xx_hal_rcc.o
    0x08002210   0x08002210   0x00000020   Code   RO          853    i.HAL_RCC_GetPCLK1Freq  stm32f1xx_hal_rcc.o
    0x08002230   0x08002230   0x00000020   Code   RO          854    i.HAL_RCC_GetPCLK2Freq  stm32f1xx_hal_rcc.o
    0x08002250   0x08002250   0x0000004c   Code   RO          855    i.HAL_RCC_GetSysClockFreq  stm32f1xx_hal_rcc.o
    0x0800229c   0x0800229c   0x00000320   Code   RO          858    i.HAL_RCC_OscConfig  stm32f1xx_hal_rcc.o
    0x080025bc   0x080025bc   0x00000002   Code   RO         2354    i.HAL_TIMEx_BreakCallback  stm32f1xx_hal_tim_ex.o
    0x080025be   0x080025be   0x00000002   Code   RO         2355    i.HAL_TIMEx_CommutCallback  stm32f1xx_hal_tim_ex.o
    0x080025c0   0x080025c0   0x00000068   Code   RO         2373    i.HAL_TIMEx_MasterConfigSynchronization  stm32f1xx_hal_tim_ex.o
    0x08002628   0x08002628   0x0000005a   Code   RO         1650    i.HAL_TIM_Base_Init  stm32f1xx_hal_tim.o
    0x08002682   0x08002682   0x00000002   Code   RO         1652    i.HAL_TIM_Base_MspInit  stm32f1xx_hal_tim.o
    0x08002684   0x08002684   0x00000058   Code   RO         1655    i.HAL_TIM_Base_Start_IT  stm32f1xx_hal_tim.o
    0x080026dc   0x080026dc   0x00000002   Code   RO         1684    i.HAL_TIM_IC_CaptureCallback  stm32f1xx_hal_tim.o
    0x080026de   0x080026de   0x00000130   Code   RO         1698    i.HAL_TIM_IRQHandler  stm32f1xx_hal_tim.o
    0x0800280e   0x0800280e   0x00000002   PAD
    0x08002810   0x08002810   0x0000004c   Code   RO          543    i.HAL_TIM_MspPostInit  stm32f1xx_hal_msp.o
    0x0800285c   0x0800285c   0x00000002   Code   RO         1701    i.HAL_TIM_OC_DelayElapsedCallback  stm32f1xx_hal_tim.o
    0x0800285e   0x0800285e   0x000000cc   Code   RO         1722    i.HAL_TIM_PWM_ConfigChannel  stm32f1xx_hal_tim.o
    0x0800292a   0x0800292a   0x0000005a   Code   RO         1725    i.HAL_TIM_PWM_Init  stm32f1xx_hal_tim.o
    0x08002984   0x08002984   0x00000028   Code   RO          545    i.HAL_TIM_PWM_MspInit  stm32f1xx_hal_msp.o
    0x080029ac   0x080029ac   0x00000002   Code   RO         1728    i.HAL_TIM_PWM_PulseFinishedCallback  stm32f1xx_hal_tim.o
    0x080029ae   0x080029ae   0x00000002   PAD
    0x080029b0   0x080029b0   0x0000009c   Code   RO         1730    i.HAL_TIM_PWM_Start  stm32f1xx_hal_tim.o
    0x08002a4c   0x08002a4c   0x00000014   Code   RO          353    i.HAL_TIM_PeriodElapsedCallback  main.o
    0x08002a60   0x08002a60   0x00000002   Code   RO         1741    i.HAL_TIM_TriggerCallback  stm32f1xx_hal_tim.o
    0x08002a62   0x08002a62   0x00000002   Code   RO         2633    i.HAL_UARTEx_RxEventCallback  stm32f1xx_hal_uart.o
    0x08002a64   0x08002a64   0x00000002   Code   RO         2647    i.HAL_UART_ErrorCallback  stm32f1xx_hal_uart.o
    0x08002a66   0x08002a66   0x00000002   PAD
    0x08002a68   0x08002a68   0x0000026c   Code   RO         2650    i.HAL_UART_IRQHandler  stm32f1xx_hal_uart.o
    0x08002cd4   0x08002cd4   0x00000064   Code   RO         2651    i.HAL_UART_Init     stm32f1xx_hal_uart.o
    0x08002d38   0x08002d38   0x000000dc   Code   RO          547    i.HAL_UART_MspInit  stm32f1xx_hal_msp.o
    0x08002e14   0x08002e14   0x0000001c   Code   RO         2656    i.HAL_UART_Receive_IT  stm32f1xx_hal_uart.o
    0x08002e30   0x08002e30   0x000000d0   Code   RO          170    i.HAL_UART_RxCpltCallback  myusart.o
    0x08002f00   0x08002f00   0x000000a0   Code   RO         2659    i.HAL_UART_Transmit  stm32f1xx_hal_uart.o
    0x08002fa0   0x08002fa0   0x00000002   Code   RO         2662    i.HAL_UART_TxCpltCallback  stm32f1xx_hal_uart.o
    0x08002fa2   0x08002fa2   0x00000002   PAD
    0x08002fa4   0x08002fa4   0x00000054   Code   RO          171    i.HC_05_RUN         myusart.o
    0x08002ff8   0x08002ff8   0x0000000c   Code   RO          354    i.HC_05_Task        main.o
    0x08003004   0x08003004   0x00000002   Code   RO          471    i.HardFault_Handler  stm32f1xx_it.o
    0x08003006   0x08003006   0x00000002   PAD
    0x08003008   0x08003008   0x00000038   Code   RO           13    i.Key_GetNum        key.o
    0x08003040   0x08003040   0x00000058   Code   RO          355    i.MX_GPIO_Init      main.o
    0x08003098   0x08003098   0x000000a0   Code   RO          356    i.MX_TIM4_Init      main.o
    0x08003138   0x08003138   0x00000002   Code   RO          472    i.MemManage_Handler  stm32f1xx_it.o
    0x0800313a   0x0800313a   0x00000002   Code   RO          473    i.NMI_Handler       stm32f1xx_it.o
    0x0800313c   0x0800313c   0x00000008   Code   RO          357    i.StartDefaultTask  main.o
    0x08003144   0x08003144   0x0000002c   Code   RO         4240    i.SysTick_Handler   port.o
    0x08003170   0x08003170   0x0000005e   Code   RO          358    i.SystemClock_Config  main.o
    0x080031ce   0x080031ce   0x00000002   Code   RO         2985    i.SystemInit        system_stm32f1xx.o
    0x080031d0   0x080031d0   0x0000000c   Code   RO          474    i.TIM1_UP_IRQHandler  stm32f1xx_it.o
    0x080031dc   0x080031dc   0x00000078   Code   RO         1743    i.TIM_Base_SetConfig  stm32f1xx_hal_tim.o
    0x08003254   0x08003254   0x0000001a   Code   RO         1744    i.TIM_CCxChannelCmd  stm32f1xx_hal_tim.o
    0x0800326e   0x0800326e   0x00000002   PAD
    0x08003270   0x08003270   0x00000050   Code   RO         1756    i.TIM_OC1_SetConfig  stm32f1xx_hal_tim.o
    0x080032c0   0x080032c0   0x00000058   Code   RO         1757    i.TIM_OC2_SetConfig  stm32f1xx_hal_tim.o
    0x08003318   0x08003318   0x00000058   Code   RO         1758    i.TIM_OC3_SetConfig  stm32f1xx_hal_tim.o
    0x08003370   0x08003370   0x00000044   Code   RO         1759    i.TIM_OC4_SetConfig  stm32f1xx_hal_tim.o
    0x080033b4   0x080033b4   0x00000010   Code   RO         2664    i.UART_DMAAbortOnError  stm32f1xx_hal_uart.o
    0x080033c4   0x080033c4   0x0000004e   Code   RO         2674    i.UART_EndRxTransfer  stm32f1xx_hal_uart.o
    0x08003412   0x08003412   0x000000c2   Code   RO         2676    i.UART_Receive_IT   stm32f1xx_hal_uart.o
    0x080034d4   0x080034d4   0x000000b8   Code   RO         2677    i.UART_SetConfig    stm32f1xx_hal_uart.o
    0x0800358c   0x0800358c   0x00000036   Code   RO         2679    i.UART_Start_Receive_IT  stm32f1xx_hal_uart.o
    0x080035c2   0x080035c2   0x00000072   Code   RO         2680    i.UART_WaitOnFlagUntilTimeout  stm32f1xx_hal_uart.o
    0x08003634   0x08003634   0x0000000c   Code   RO          475    i.USART1_IRQHandler  stm32f1xx_it.o
    0x08003640   0x08003640   0x0000000c   Code   RO          476    i.USART3_IRQHandler  stm32f1xx_it.o
    0x0800364c   0x0800364c   0x00000002   Code   RO          477    i.UsageFault_Handler  stm32f1xx_it.o
    0x0800364e   0x0800364e   0x00000028   Code   RO         4696    i.__ARM_fpclassify  m_ws.l(fpclassify.o)
    0x08003676   0x08003676   0x00000020   Code   RO         1161    i.__NVIC_SetPriority  stm32f1xx_hal_cortex.o
    0x08003696   0x08003696   0x0000000e   Code   RO         4484    i._is_digit         c_w.l(__printf_wp.o)
    0x080036a4   0x080036a4   0x00000012   Code   RO          175    i.hhSerialSendByte  myusart.o
    0x080036b6   0x080036b6   0x0000001a   Code   RO          177    i.hhSerialSendString  myusart.o
    0x080036d0   0x080036d0   0x000000b8   Code   RO          359    i.main              main.o
    0x08003788   0x08003788   0x0000000c   Code   RO         3805    i.makeFreeRtosPriority  cmsis_os.o
    0x08003794   0x08003794   0x00000018   Code   RO          280    i.makerobo_run      robot.o
    0x080037ac   0x080037ac   0x00000028   Code   RO          178    i.myusart_init      myusart.o
    0x080037d4   0x080037d4   0x0000000e   Code   RO         3807    i.osDelay           cmsis_os.o
    0x080037e2   0x080037e2   0x0000000a   Code   RO         3810    i.osKernelStart     cmsis_os.o
    0x080037ec   0x080037ec   0x00000054   Code   RO         3844    i.osThreadCreate    cmsis_os.o
    0x08003840   0x08003840   0x00000070   Code   RO         3487    i.prvAddCurrentTaskToDelayedList  tasks.o
    0x080038b0   0x080038b0   0x000000d0   Code   RO         3488    i.prvAddNewTaskToReadyList  tasks.o
    0x08003980   0x08003980   0x00000034   Code   RO         3489    i.prvDeleteTCB      tasks.o
    0x080039b4   0x080039b4   0x0000004c   Code   RO         4172    i.prvHeapInit       heap_4.o
    0x08003a00   0x08003a00   0x00000060   Code   RO         3490    i.prvIdleTask       tasks.o
    0x08003a60   0x08003a60   0x00000098   Code   RO         3491    i.prvInitialiseNewTask  tasks.o
    0x08003af8   0x08003af8   0x0000004c   Code   RO         4173    i.prvInsertBlockIntoFreeList  heap_4.o
    0x08003b44   0x08003b44   0x00000020   Code   RO         3492    i.prvResetNextTaskUnblockTime  tasks.o
    0x08003b64   0x08003b64   0x00000028   Code   RO         4241    i.prvTaskExitError  port.o
    0x08003b8c   0x08003b8c   0x000000dc   Code   RO         4174    i.pvPortMalloc      heap_4.o
    0x08003c68   0x08003c68   0x00000024   Code   RO         4242    i.pxPortInitialiseStack  port.o
    0x08003c8c   0x08003c8c   0x0000002c   Code   RO          281    i.robot_Init        robot.o
    0x08003cb8   0x08003cb8   0x0000003c   Code   RO          360    i.robot_move_task   main.o
    0x08003cf4   0x08003cf4   0x00000150   Code   RO          283    i.robot_speed       robot.o
    0x08003e44   0x08003e44   0x00000024   Code   RO          179    i.s_printf          myusart.o
    0x08003e68   0x08003e68   0x00000026   Code   RO         3123    i.uxListRemove      list.o
    0x08003e8e   0x08003e8e   0x00000002   PAD
    0x08003e90   0x08003e90   0x00000014   Code   RO          435    i.vApplicationGetIdleTaskMemory  freertos.o
    0x08003ea4   0x08003ea4   0x00000016   Code   RO         3124    i.vListInitialise   list.o
    0x08003eba   0x08003eba   0x00000006   Code   RO         3125    i.vListInitialiseItem  list.o
    0x08003ec0   0x08003ec0   0x00000030   Code   RO         3126    i.vListInsert       list.o
    0x08003ef0   0x08003ef0   0x00000018   Code   RO         3127    i.vListInsertEnd    list.o
    0x08003f08   0x08003f08   0x00000040   Code   RO         4244    i.vPortEnterCritical  port.o
    0x08003f48   0x08003f48   0x00000028   Code   RO         4245    i.vPortExitCritical  port.o
    0x08003f70   0x08003f70   0x00000064   Code   RO         4175    i.vPortFree         heap_4.o
    0x08003fd4   0x08003fd4   0x00000024   Code   RO         4246    i.vPortSetupTimerInterrupt  port.o
    0x08003ff8   0x08003ff8   0x0000004c   Code   RO         3501    i.vTaskDelay        tasks.o
    0x08004044   0x08004044   0x0000006c   Code   RO         3514    i.vTaskStartScheduler  tasks.o
    0x080040b0   0x080040b0   0x00000010   Code   RO         3516    i.vTaskSuspendAll   tasks.o
    0x080040c0   0x080040c0   0x0000005c   Code   RO         3517    i.vTaskSwitchContext  tasks.o
    0x0800411c   0x0800411c   0x000000a8   Code   RO         4248    i.xPortStartScheduler  port.o
    0x080041c4   0x080041c4   0x0000005a   Code   RO         3520    i.xTaskCreate       tasks.o
    0x0800421e   0x0800421e   0x00000056   Code   RO         3521    i.xTaskCreateStatic  tasks.o
    0x08004274   0x08004274   0x000000cc   Code   RO         3528    i.xTaskIncrementTick  tasks.o
    0x08004340   0x08004340   0x000000c4   Code   RO         3534    i.xTaskResumeAll    tasks.o
    0x08004404   0x08004404   0x0000002c   Code   RO         4675    locale$$code        c_w.l(lc_numeric_c.o)
    0x08004430   0x08004430   0x0000002c   Code   RO         4707    locale$$code        c_w.l(lc_ctype_c.o)
    0x0800445c   0x0800445c   0x00000004   Code   RO         4566    x$fpl$printf1       fz_ws.l(printf1.o)
    0x08004460   0x08004460   0x00000004   Code   RO         4568    x$fpl$printf2       fz_ws.l(printf2.o)
    0x08004464   0x08004464   0x00000000   Code   RO         4695    x$fpl$usenofp       fz_ws.l(usenofp.o)
    0x08004464   0x08004464   0x00000054   Data   RO          362    .constdata          main.o
    0x080044b8   0x080044b8   0x00000012   Data   RO          859    .constdata          stm32f1xx_hal_rcc.o
    0x080044ca   0x080044ca   0x00000010   Data   RO         2986    .constdata          system_stm32f1xx.o
    0x080044da   0x080044da   0x00000008   Data   RO         2987    .constdata          system_stm32f1xx.o
    0x080044e2   0x080044e2   0x00000002   PAD
    0x080044e4   0x080044e4   0x00000008   Data   RO         4443    .constdata          c_w.l(_printf_wctomb.o)
    0x080044ec   0x080044ec   0x00000028   Data   RO         4472    .constdata          c_w.l(_printf_hex_int_ll_ptr.o)
    0x08004514   0x08004514   0x00000011   Data   RO         4492    .constdata          c_w.l(__printf_flags_ss_wp.o)
    0x08004525   0x08004525   0x00000026   Data   RO         4609    .constdata          c_w.l(_printf_fp_hex.o)
    0x0800454b   0x0800454b   0x00000001   PAD
    0x0800454c   0x0800454c   0x00000094   Data   RO         4650    .constdata          c_w.l(bigflt0.o)
    0x080045e0   0x080045e0   0x00000020   Data   RO          363    .conststring        main.o
    0x08004600   0x08004600   0x00000020   Data   RO         4759    Region$$Table       anon$$obj.o
    0x08004620   0x08004620   0x0000001c   Data   RO         4674    locale$$data        c_w.l(lc_numeric_c.o)
    0x0800463c   0x0800463c   0x00000110   Data   RO         4706    locale$$data        c_w.l(lc_ctype_c.o)


    Execution Region RW_IRAM1 (Exec base: 0x20000000, Load base: 0x0800474c, Size: 0x00001818, Max: 0x00005000, ABSOLUTE)

    Exec Addr    Load Addr    Size         Type   Attr      Idx    E Section Name        Object

    0x20000000   0x0800474c   0x00000008   Data   RW          181    .data               myusart.o
    0x20000008   0x08004754   0x0000000c   Data   RW          364    .data               main.o
    0x20000014   0x08004760   0x0000000c   Data   RW          696    .data               stm32f1xx_hal.o
    0x20000020   0x0800476c   0x00000004   Data   RW         2988    .data               system_stm32f1xx.o
    0x20000024   0x08004770   0x0000003c   Data   RW         3537    .data               tasks.o
    0x20000060   0x080047ac   0x00000020   Data   RW         4181    .data               heap_4.o
    0x20000080   0x080047cc   0x0000000c   Data   RW         4249    .data               port.o
    0x2000008c        -       0x000000c8   Zero   RW          180    .bss                myusart.o
    0x20000154        -       0x000000d8   Zero   RW          361    .bss                main.o
    0x2000022c        -       0x00000254   Zero   RW          436    .bss                freertos.o
    0x20000480        -       0x00000048   Zero   RW          599    .bss                stm32f1xx_hal_timebase_tim.o
    0x200004c8        -       0x000000f0   Zero   RW         3536    .bss                tasks.o
    0x200005b8        -       0x00000c00   Zero   RW         4180    .bss                heap_4.o
    0x200011b8        -       0x00000060   Zero   RW         4577    .bss                c_w.l(libspace.o)
    0x20001218        -       0x00000200   Zero   RW            2    HEAP                startup_stm32f103xb.o
    0x20001418        -       0x00000400   Zero   RW            1    STACK               startup_stm32f103xb.o


==============================================================================

Image component sizes


      Code (inc. data)   RO Data    RW Data    ZI Data      Debug   Object Name

       120          0          0          0          0      23273   cmsis_os.o
         0          0          0          0          0      17008   event_groups.o
        20          4          0          0        596       1220   freertos.o
       472         24          0         32       3072       7287   heap_4.o
        56          6          0          0          0     458421   key.o
       138          0          0          0          0       3366   list.o
       626         64        116         12        216       5731   main.o
       412         76          0          8        200       5442   myusart.o
       578         60          0         12          0      10192   port.o
       404         10          0          0          0       3408   robot.o
        64         26        236          0       1536        804   startup_stm32f103xb.o
        64         14          0         12          0       4606   stm32f1xx_hal.o
       158         14          0          0          0      28158   stm32f1xx_hal_cortex.o
       222          4          0          0          0       1755   stm32f1xx_hal_dma.o
       490         34          0          0          0       2875   stm32f1xx_hal_gpio.o
       408         54          0          0          0       2881   stm32f1xx_hal_msp.o
      1304         94         18          0          0       5709   stm32f1xx_hal_rcc.o
      1412         56          0          0          0      12847   stm32f1xx_hal_tim.o
       108         12          0          0          0       2385   stm32f1xx_hal_tim_ex.o
       140         22          0          0         72       1411   stm32f1xx_hal_timebase_tim.o
      1554         10          0          0          0      10876   stm32f1xx_hal_uart.o
        48         18          0          0          0       3850   stm32f1xx_it.o
         0          0          0          0          0        388   stream_buffer.o
         2          0         24          4          0       1103   system_stm32f1xx.o
      1520        112          0         60        240      18970   tasks.o

    ----------------------------------------------------------------------
     10342        714        428        140       5932     633966   Object Totals
         0          0         32          0          0          0   (incl. Generated)
        22          0          2          0          0          0   (incl. Padding)

    ----------------------------------------------------------------------

      Code (inc. data)   RO Data    RW Data    ZI Data      Debug   Library Member Name

         8          0          0          0          0         68   __main.o
       392          4         17          0          0         92   __printf_flags_ss_wp.o
        14          0          0          0          0         68   __printf_wp.o
         0          0          0          0          0          0   __rtentry.o
        12          0          0          0          0          0   __rtentry2.o
         6          0          0          0          0          0   __rtentry4.o
        52          8          0          0          0          0   __scatter.o
        26          0          0          0          0          0   __scatter_copy.o
        28          0          0          0          0          0   __scatter_zi.o
         6          0          0          0          0          0   _printf_a.o
         6          0          0          0          0          0   _printf_c.o
        44          0          0          0          0        108   _printf_char.o
        48          6          0          0          0         96   _printf_char_common.o
        40          0          0          0          0         68   _printf_charcount.o
         6          0          0          0          0          0   _printf_d.o
       120         16          0          0          0         92   _printf_dec.o
         6          0          0          0          0          0   _printf_e.o
         6          0          0          0          0          0   _printf_f.o
      1054          0          0          0          0        216   _printf_fp_dec.o
       764          8         38          0          0        100   _printf_fp_hex.o
       128         16          0          0          0         84   _printf_fp_infnan.o
         6          0          0          0          0          0   _printf_g.o
       148          4         40          0          0        160   _printf_hex_int_ll_ptr.o
         6          0          0          0          0          0   _printf_i.o
       178          0          0          0          0         88   _printf_intcommon.o
        10          0          0          0          0          0   _printf_l.o
         6          0          0          0          0          0   _printf_lc.o
        10          0          0          0          0          0   _printf_ll.o
         6          0          0          0          0          0   _printf_lld.o
         6          0          0          0          0          0   _printf_lli.o
         6          0          0          0          0          0   _printf_llo.o
         6          0          0          0          0          0   _printf_llu.o
         6          0          0          0          0          0   _printf_llx.o
       124         16          0          0          0         92   _printf_longlong_dec.o
         6          0          0          0          0          0   _printf_ls.o
         6          0          0          0          0          0   _printf_n.o
         6          0          0          0          0          0   _printf_o.o
       112         10          0          0          0        124   _printf_oct_int_ll.o
         6          0          0          0          0          0   _printf_p.o
        78          0          0          0          0        108   _printf_pad.o
         0          0          0          0          0          0   _printf_percent.o
         4          0          0          0          0          0   _printf_percent_end.o
         6          0          0          0          0          0   _printf_s.o
        82          0          0          0          0         80   _printf_str.o
        36          0          0          0          0         84   _printf_truncate.o
         6          0          0          0          0          0   _printf_u.o
        44          0          0          0          0        108   _printf_wchar.o
       188          6          8          0          0         92   _printf_wctomb.o
         6          0          0          0          0          0   _printf_x.o
        10          0          0          0          0         68   _sputc.o
        64          0          0          0          0         92   _wcrtomb.o
       228          4        148          0          0         96   bigflt0.o
      1936        128          0          0          0        672   btod.o
        18          0          0          0          0         80   exit.o
         6          0          0          0          0        152   heapauxi.o
         0          0          0          0          0          0   indicate_semi.o
        44         10        272          0          0         76   lc_ctype_c.o
        44         10         28          0          0         76   lc_numeric_c.o
         2          0          0          0          0          0   libinit.o
        30          0          0          0          0          0   libinit2.o
         2          0          0          0          0          0   libshutdown.o
         2          0          0          0          0          0   libshutdown2.o
         8          4          0          0         96         68   libspace.o
       138          0          0          0          0         80   lludiv10.o
        16          4          0          0          0         76   rt_ctype_table.o
         8          4          0          0          0         68   rt_locale_intlibspace.o
        78          0          0          0          0         80   rt_memclr_w.o
       100          0          0          0          0         80   rt_memcpy_w.o
         2          0          0          0          0          0   rtexit.o
        10          0          0          0          0          0   rtexit2.o
       128          0          0          0          0         68   strcmpv7m.o
        12          4          0          0          0         68   sys_exit.o
        74          0          0          0          0         80   sys_stackheap_outer.o
         2          0          0          0          0         68   use_no_semi.o
        36          4          0          0          0         76   vsprintf.o
         4          0          0          0          0         68   printf1.o
         4          0          0          0          0         68   printf2.o
         0          0          0          0          0          0   usenofp.o
        40          0          0          0          0         68   fpclassify.o

    ----------------------------------------------------------------------
      6930        266        552          0         96       4256   Library Totals
        14          0          1          0          0          0   (incl. Padding)

    ----------------------------------------------------------------------

      Code (inc. data)   RO Data    RW Data    ZI Data      Debug   Library Name

      6868        266        551          0         96       4052   c_w.l
         8          0          0          0          0        136   fz_ws.l
        40          0          0          0          0         68   m_ws.l

    ----------------------------------------------------------------------
      6930        266        552          0         96       4256   Library Totals

    ----------------------------------------------------------------------

==============================================================================


      Code (inc. data)   RO Data    RW Data    ZI Data      Debug   

     17272        980        980        140       6028     629950   Grand Totals
     17272        980        980        140       6028     629950   ELF Image Totals
     17272        980        980        140          0          0   ROM Totals

==============================================================================

    Total RO  Size (Code + RO Data)                18252 (  17.82kB)
    Total RW  Size (RW Data + ZI Data)              6168 (   6.02kB)
    Total ROM Size (Code + RO Data + RW Data)      18392 (  17.96kB)

==============================================================================

