Component: ARM Compiler 5.06 update 5 (build 528) Tool: armlink [4d35e2]

==============================================================================

Section Cross References

    startup_stm32f103xb.o(STACK) refers (Special) to heapauxi.o(.text) for __use_two_region_memory
    startup_stm32f103xb.o(HEAP) refers (Special) to heapauxi.o(.text) for __use_two_region_memory
    startup_stm32f103xb.o(RESET) refers (Special) to heapauxi.o(.text) for __use_two_region_memory
    startup_stm32f103xb.o(RESET) refers to startup_stm32f103xb.o(STACK) for __initial_sp
    startup_stm32f103xb.o(RESET) refers to startup_stm32f103xb.o(.text) for Reset_Handler
    startup_stm32f103xb.o(RESET) refers to stm32f1xx_it.o(i.NMI_Handler) for NMI_Handler
    startup_stm32f103xb.o(RESET) refers to stm32f1xx_it.o(i.HardFault_Handler) for HardFault_Handler
    startup_stm32f103xb.o(RESET) refers to stm32f1xx_it.o(i.MemManage_Handler) for MemManage_Handler
    startup_stm32f103xb.o(RESET) refers to stm32f1xx_it.o(i.BusFault_Handler) for BusFault_Handler
    startup_stm32f103xb.o(RESET) refers to stm32f1xx_it.o(i.UsageFault_Handler) for UsageFault_Handler
    startup_stm32f103xb.o(RESET) refers to port.o(.emb_text) for SVC_Handler
    startup_stm32f103xb.o(RESET) refers to stm32f1xx_it.o(i.DebugMon_Handler) for DebugMon_Handler
    startup_stm32f103xb.o(RESET) refers to port.o(i.SysTick_Handler) for SysTick_Handler
    startup_stm32f103xb.o(RESET) refers to stm32f1xx_it.o(i.TIM1_UP_IRQHandler) for TIM1_UP_IRQHandler
    startup_stm32f103xb.o(RESET) refers to stm32f1xx_it.o(i.USART1_IRQHandler) for USART1_IRQHandler
    startup_stm32f103xb.o(RESET) refers to stm32f1xx_it.o(i.USART3_IRQHandler) for USART3_IRQHandler
    startup_stm32f103xb.o(.text) refers (Special) to heapauxi.o(.text) for __use_two_region_memory
    startup_stm32f103xb.o(.text) refers to system_stm32f1xx.o(i.SystemInit) for SystemInit
    startup_stm32f103xb.o(.text) refers to __main.o(!!!main) for __main
    startup_stm32f103xb.o(.text) refers to startup_stm32f103xb.o(HEAP) for Heap_Mem
    startup_stm32f103xb.o(.text) refers to startup_stm32f103xb.o(STACK) for Stack_Mem
    key.o(i.Key_GetNum) refers to stm32f1xx_hal_gpio.o(i.HAL_GPIO_ReadPin) for HAL_GPIO_ReadPin
    key.o(i.Key_GetNum) refers to cmsis_os.o(i.osDelay) for osDelay
    myusart.o(i.HAL_UART_RxCpltCallback) refers to stm32f1xx_hal_uart.o(i.HAL_UART_Receive_IT) for HAL_UART_Receive_IT
    myusart.o(i.HAL_UART_RxCpltCallback) refers to main.o(.bss) for huart3
    myusart.o(i.HAL_UART_RxCpltCallback) refers to myusart.o(.data) for .data
    myusart.o(i.HAL_UART_RxCpltCallback) refers to myusart.o(.bss) for .bss
    myusart.o(i.HC_05_RUN) refers to cjson.o(i.cJSON_Parse) for cJSON_Parse
    myusart.o(i.HC_05_RUN) refers to cjson.o(i.cJSON_GetErrorPtr) for cJSON_GetErrorPtr
    myusart.o(i.HC_05_RUN) refers to myusart.o(i.s_printf) for s_printf
    myusart.o(i.HC_05_RUN) refers to cjson.o(i.cJSON_GetObjectItem) for cJSON_GetObjectItem
    myusart.o(i.HC_05_RUN) refers to d2f.o(x$fpl$d2f) for __aeabi_d2f
    myusart.o(i.HC_05_RUN) refers to cjson.o(i.cJSON_Delete) for cJSON_Delete
    myusart.o(i.HC_05_RUN) refers to f2d.o(x$fpl$f2d) for __aeabi_f2d
    myusart.o(i.HC_05_RUN) refers to myusart.o(i.hhSerialSendString) for hhSerialSendString
    myusart.o(i.HC_05_RUN) refers to strcmpv7m.o(.text) for strcmp
    myusart.o(i.HC_05_RUN) refers to robot.o(i.makerobo_run) for makerobo_run
    myusart.o(i.HC_05_RUN) refers to myusart.o(.data) for .data
    myusart.o(i.HC_05_RUN) refers to myusart.o(.bss) for .bss
    myusart.o(i.HC_05_RUN) refers to main.o(.bss) for huart3
    myusart.o(i.Serial_GetRxFlag1) refers to myusart.o(.data) for .data
    myusart.o(i.Serial_GetRxFlag3) refers to myusart.o(.data) for .data
    myusart.o(i.hhSerialSendArray) refers to myusart.o(i.hhSerialSendByte) for hhSerialSendByte
    myusart.o(i.hhSerialSendByte) refers to stm32f1xx_hal_uart.o(i.HAL_UART_Transmit) for HAL_UART_Transmit
    myusart.o(i.hhSerialSendNum) refers to h1_alloc.o(.text) for malloc
    myusart.o(i.hhSerialSendNum) refers to myusart.o(i.hhSerialSendByte) for hhSerialSendByte
    myusart.o(i.hhSerialSendString) refers to myusart.o(i.hhSerialSendByte) for hhSerialSendByte
    myusart.o(i.myusart_init) refers to stm32f1xx_hal_uart.o(i.HAL_UART_Receive_IT) for HAL_UART_Receive_IT
    myusart.o(i.myusart_init) refers to myusart.o(.data) for .data
    myusart.o(i.myusart_init) refers to main.o(.bss) for huart1
    myusart.o(i.s_printf) refers to vsprintf.o(.text) for vsprintf
    myusart.o(i.s_printf) refers to myusart.o(i.hhSerialSendString) for hhSerialSendString
    myusart.o(i.s_printf) refers to main.o(.bss) for huart3
    robot.o(i.makerobo_Left) refers to robot.o(i.robot_speed) for robot_speed
    robot.o(i.makerobo_Right) refers to robot.o(i.robot_speed) for robot_speed
    robot.o(i.makerobo_Spin_Left) refers to robot.o(i.robot_speed) for robot_speed
[...]
    __rt_lib_init_preinit_1                  0x080001f3   Thumb Code     0  libinit2.o(.ARM.Collect$$libinit$$00000004)
    __rt_lib_init_heap_1                     0x080001fb   Thumb Code     0  libinit2.o(.ARM.Collect$$libinit$$0000000A)
    __rt_lib_init_lc_common                  0x080001fb   Thumb Code     0  libinit2.o(.ARM.Collect$$libinit$$0000000F)
    __rt_lib_init_rand_1                     0x080001fb   Thumb Code     0  libinit2.o(.ARM.Collect$$libinit$$0000000E)
    __rt_lib_init_user_alloc_1               0x080001fb   Thumb Code     0  libinit2.o(.ARM.Collect$$libinit$$0000000C)
    __rt_lib_init_lc_collate_1               0x08000201   Thumb Code     0  libinit2.o(.ARM.Collect$$libinit$$00000011)
    __rt_lib_init_lc_ctype_2                 0x08000201   Thumb Code     0  libinit2.o(.ARM.Collect$$libinit$$00000012)
    __rt_lib_init_lc_ctype_1                 0x0800020d   Thumb Code     0  libinit2.o(.ARM.Collect$$libinit$$00000013)
    __rt_lib_init_lc_monetary_1              0x0800020d   Thumb Code     0  libinit2.o(.ARM.Collect$$libinit$$00000015)
    __rt_lib_init_lc_numeric_2               0x0800020d   Thumb Code     0  libinit2.o(.ARM.Collect$$libinit$$00000016)
    __rt_lib_init_alloca_1                   0x08000217   Thumb Code     0  libinit2.o(.ARM.Collect$$libinit$$0000002E)
    __rt_lib_init_argv_1                     0x08000217   Thumb Code     0  libinit2.o(.ARM.Collect$$libinit$$0000002C)
    __rt_lib_init_atexit_1                   0x08000217   Thumb Code     0  libinit2.o(.ARM.Collect$$libinit$$0000001B)
    __rt_lib_init_clock_1                    0x08000217   Thumb Code     0  libinit2.o(.ARM.Collect$$libinit$$00000021)
    __rt_lib_init_cpp_1                      0x08000217   Thumb Code     0  libinit2.o(.ARM.Collect$$libinit$$00000032)
    __rt_lib_init_exceptions_1               0x08000217   Thumb Code     0  libinit2.o(.ARM.Collect$$libinit$$00000030)
    __rt_lib_init_fp_trap_1                  0x08000217   Thumb Code     0  libinit2.o(.ARM.Collect$$libinit$$0000001F)
    __rt_lib_init_getenv_1                   0x08000217   Thumb Code     0  libinit2.o(.ARM.Collect$$libinit$$00000023)
    __rt_lib_init_lc_numeric_1               0x08000217   Thumb Code     0  libinit2.o(.ARM.Collect$$libinit$$00000017)
    __rt_lib_init_lc_time_1                  0x08000217   Thumb Code     0  libinit2.o(.ARM.Collect$$libinit$$00000019)
    __rt_lib_init_return                     0x08000217   Thumb Code     0  libinit2.o(.ARM.Collect$$libinit$$00000033)
    __rt_lib_init_signal_1                   0x08000217   Thumb Code     0  libinit2.o(.ARM.Collect$$libinit$$0000001D)
    __rt_lib_init_stdio_1                    0x08000217   Thumb Code     0  libinit2.o(.ARM.Collect$$libinit$$00000025)
    __rt_lib_shutdown                        0x08000219   Thumb Code     0  libshutdown.o(.ARM.Collect$$libshutdown$$00000000)
    __rt_lib_shutdown_cpp_1                  0x0800021b   Thumb Code     0  libshutdown2.o(.ARM.Collect$$libshutdown$$00000002)
    __rt_lib_shutdown_fp_trap_1              0x0800021b   Thumb Code     0  libshutdown2.o(.ARM.Collect$$libshutdown$$00000007)
    __rt_lib_shutdown_heap_1                 0x0800021b   Thumb Code     0  libshutdown2.o(.ARM.Collect$$libshutdown$$0000000F)
    __rt_lib_shutdown_return                 0x0800021b   Thumb Code     0  libshutdown2.o(.ARM.Collect$$libshutdown$$00000010)
    __rt_lib_shutdown_signal_1               0x0800021b   Thumb Code     0  libshutdown2.o(.ARM.Collect$$libshutdown$$0000000A)
    __rt_lib_shutdown_stdio_1                0x0800021b   Thumb Code     0  libshutdown2.o(.ARM.Collect$$libshutdown$$00000004)
    __rt_lib_shutdown_user_alloc_1           0x0800021b   Thumb Code     0  libshutdown2.o(.ARM.Collect$$libshutdown$$0000000C)
    __rt_entry                               0x0800021d   Thumb Code     0  __rtentry.o(.ARM.Collect$$rtentry$$00000000)
    __rt_entry_presh_1                       0x0800021d   Thumb Code     0  __rtentry2.o(.ARM.Collect$$rtentry$$00000002)
    __rt_entry_sh                            0x0800021d   Thumb Code     0  __rtentry4.o(.ARM.Collect$$rtentry$$00000004)
    __rt_entry_li                            0x08000223   Thumb Code     0  __rtentry2.o(.ARM.Collect$$rtentry$$0000000A)
    __rt_entry_postsh_1                      0x08000223   Thumb Code     0  __rtentry2.o(.ARM.Collect$$rtentry$$00000009)
    __rt_entry_main                          0x08000227   Thumb Code     0  __rtentry2.o(.ARM.Collect$$rtentry$$0000000D)
    __rt_entry_postli_1                      0x08000227   Thumb Code     0  __rtentry2.o(.ARM.Collect$$rtentry$$0000000C)
    __rt_exit                                0x0800022f   Thumb Code     0  rtexit.o(.ARM.Collect$$rtexit$$00000000)
    __rt_exit_ls                             0x08000231   Thumb Code     0  rtexit2.o(.ARM.Collect$$rtexit$$00000003)
    __rt_exit_prels_1                        0x08000231   Thumb Code     0  rtexit2.o(.ARM.Collect$$rtexit$$00000002)
    __rt_exit_exit                           0x08000235   Thumb Code     0  rtexit2.o(.ARM.Collect$$rtexit$$00000004)
    SVC_Handler                              0x0800023d   Thumb Code    32  port.o(.emb_text)
    __asm___6_port_c_39a90d8d__prvStartFirstTask 0x08000261   Thumb Code    28  port.o(.emb_text)
    PendSV_Handler                           0x08000281   Thumb Code    72  port.o(.emb_text)
    vPortGetIPSR                             0x080002cd   Thumb Code     6  port.o(.emb_text)
    Reset_Handler                            0x080002d5   Thumb Code     8  startup_stm32f103xb.o(.text)
    _maybe_terminate_alloc                   0x080002d5   Thumb Code     0  maybetermalloc1.o(.emb_text)
    ADC1_2_IRQHandler                        0x080002ef   Thumb Code     0  startup_stm32f103xb.o(.text)
    CAN1_RX1_IRQHandler                      0x080002ef   Thumb Code     0  startup_stm32f103xb.o(.text)
    CAN1_SCE_IRQHandler                      0x080002ef   Thumb Code     0  startup_stm32f103xb.o(.text)
    DMA1_Channel1_IRQHandler                 0x080002ef   Thumb Code     0  startup_stm32f103xb.o(.text)
    DMA1_Channel2_IRQHandler                 0x080002ef   Thumb Code     0  startup_stm32f103xb.o(.text)
    DMA1_Channel3_IRQHandler                 0x080002ef   Thumb Code     0  startup_stm32f103xb.o(.text)
    DMA1_Channel4_IRQHandler                 0x080002ef   Thumb Code     0  startup_stm32f103xb.o(.text)
    DMA1_Channel5_IRQHandler                 0x080002ef   Thumb Code     0  startup_stm32f103xb.o(.text)
    DMA1_Channel6_IRQHandler                 0x080002ef   Thumb Code     0  startup_stm32f103xb.o(.text)
    DMA1_Channel7_IRQHandler                 0x080002ef   Thumb Code     0  startup_stm32f103xb.o(.text)
    EXTI0_IRQHandler                         0x080002ef   Thumb Code     0  startup_stm32f103xb.o(.text)
    EXTI15_10_IRQHandler                     0x080002ef   Thumb Code     0  startup_stm32f103xb.o(.text)
    EXTI1_IRQHandler                         0x080002ef   Thumb Code     0  startup_stm32f103xb.o(.text)
    EXTI2_IRQHandler                         0x080002ef   Thumb Code     0  startup_stm32f103xb.o(.text)
    EXTI3_IRQHandler                         0x080002ef   Thumb Code     0  startup_stm32f103xb.o(.text)
    EXTI4_IRQHandler                         0x080002ef   Thumb Code     0  startup_stm32f103xb.o(.text)
    EXTI9_5_IRQHandler                       0x080002ef   Thumb Code     0  startup_stm32f103xb.o(.text)
    FLASH_IRQHandler                         0x080002ef   Thumb Code     0  startup_stm32f103xb.o(.text)
    I2C1_ER_IRQHandler                       0x080002ef   Thumb Code     0  startup_stm32f103xb.o(.text)
    I2C1_EV_IRQHandler                       0x080002ef   Thumb Code     0  startup_stm32f103xb.o(.text)
    I2C2_ER_IRQHandler                       0x080002ef   Thumb Code     0  startup_stm32f103xb.o(.text)
    I2C2_EV_IRQHandler                       0x080002ef   Thumb Code     0  startup_stm32f103xb.o(.text)
    PVD_IRQHandler                           0x080002ef   Thumb Code     0  startup_stm32f103xb.o(.text)
    RCC_IRQHandler                           0x080002ef   Thumb Code     0  startup_stm32f103xb.o(.text)
    RTC_Alarm_IRQHandler                     0x080002ef   Thumb Code     0  startup_stm32f103xb.o(.text)
    RTC_IRQHandler                           0x080002ef   Thumb Code     0  startup_stm32f103xb.o(.text)
    SPI1_IRQHandler                          0x080002ef   Thumb Code     0  startup_stm32f103xb.o(.text)
    SPI2_IRQHandler                          0x080002ef   Thumb Code     0  startup_stm32f103xb.o(.text)
    TAMPER_IRQHandler                        0x080002ef   Thumb Code     0  startup_stm32f103xb.o(.text)
    TIM1_BRK_IRQHandler                      0x080002ef   Thumb Code     0  startup_stm32f103xb.o(.text)
    TIM1_CC_IRQHandler                       0x080002ef   Thumb Code     0  startup_stm32f103xb.o(.text)
    TIM1_TRG_COM_IRQHandler                  0x080002ef   Thumb Code     0  startup_stm32f103xb.o(.text)
    TIM2_IRQHandler                          0x080002ef   Thumb Code     0  startup_stm32f103xb.o(.text)
    TIM3_IRQHandler                          0x080002ef   Thumb Code     0  startup_stm32f103xb.o(.text)
    TIM4_IRQHandler                          0x080002ef   Thumb Code     0  startup_stm32f103xb.o(.text)
    USART2_IRQHandler                        0x080002ef   Thumb Code     0  startup_stm32f103xb.o(.text)
    USBWakeUp_IRQHandler                     0x080002ef   Thumb Code     0  startup_stm32f103xb.o(.text)
    USB_HP_CAN1_TX_IRQHandler                0x080002ef   Thumb Code     0  startup_stm32f103xb.o(.text)
    USB_LP_CAN1_RX0_IRQHandler               0x080002ef   Thumb Code     0  startup_stm32f103xb.o(.text)
    WWDG_IRQHandler                          0x080002ef   Thumb Code     0  startup_stm32f103xb.o(.text)
    __user_initial_stackheap                 0x080002f1   Thumb Code     0  startup_stm32f103xb.o(.text)
    malloc                                   0x08000315   Thumb Code    94  h1_alloc.o(.text)
    free                                     0x08000373   Thumb Code    78  h1_free.o(.text)
    tolower                                  0x080003c1   Thumb Code    26  tolower.o(.text)
    vsprintf                                 0x080003dd   Thumb Code    32  vsprintf.o(.text)
    _printf_pre_padding                      0x08000401   Thumb Code    44  _printf_pad.o(.text)
    _printf_post_padding                     0x0800042d   Thumb Code    34  _printf_pad.o(.text)
    _printf_int_dec                          0x08000451   Thumb Code   104  _printf_dec.o(.text)
    _printf_longlong_hex                     0x080004c9   Thumb Code    86  _printf_hex_int_ll_ptr.o(.text)
    _printf_int_hex                          0x0800051f   Thumb Code    28  _printf_hex_int_ll_ptr.o(.text)
    _printf_ll_hex                           0x0800053b   Thumb Code    12  _printf_hex_int_ll_ptr.o(.text)
    _printf_hex_ptr                          0x08000547   Thumb Code    18  _printf_hex_int_ll_ptr.o(.text)
    __printf                                 0x0800055d   Thumb Code   388  __printf_flags_ss_wp.o(.text)
    strncmp                                  0x080006e5   Thumb Code   150  strncmp.o(.text)
    __aeabi_memcpy4                          0x0800077b   Thumb Code     0  rt_memcpy_w.o(.text)
    __aeabi_memcpy8                          0x0800077b   Thumb Code     0  rt_memcpy_w.o(.text)
    __rt_memcpy_w                            0x0800077b   Thumb Code   100  rt_memcpy_w.o(.text)
    _memcpy_lastbytes_aligned                0x080007c3   Thumb Code     0  rt_memcpy_w.o(.text)
    __aeabi_memclr4                          0x080007df   Thumb Code     0  rt_memclr_w.o(.text)
    __aeabi_memclr8                          0x080007df   Thumb Code     0  rt_memclr_w.o(.text)
    __rt_memclr_w                            0x080007df   Thumb Code    78  rt_memclr_w.o(.text)
    _memset_w                                0x080007e3   Thumb Code     0  rt_memclr_w.o(.text)
    strcmp                                   0x0800082d   Thumb Code   128  strcmpv7m.o(.text)
    __use_two_region_memory                  0x080008ad   Thumb Code     2  heapauxi.o(.text)
    __rt_heap_escrow                         0x080008af   Thumb Code     2  heapauxi.o(.text)
    __rt_heap_expand                         0x080008b1   Thumb Code     2  heapauxi.o(.text)
    __rt_ctype_table                         0x080008b5   Thumb Code    16  rt_ctype_table.o(.text)
    __rt_heap_descriptor                     0x080008c5   Thumb Code     8  rt_heap_descriptor_intlibspace.o(.text)
    __use_no_heap                            0x080008cd   Thumb Code     2  hguard.o(.text)
    __heap$guard                             0x080008cf   Thumb Code     2  hguard.o(.text)
    _terminate_user_alloc                    0x080008d1   Thumb Code     2  init_alloc.o(.text)
    _init_user_alloc                         0x080008d3   Thumb Code     2  init_alloc.o(.text)
    __Heap_Full                              0x080008d5   Thumb Code    34  init_alloc.o(.text)
    __Heap_Broken                            0x080008f7   Thumb Code     6  init_alloc.o(.text)
    _init_alloc                              0x080008fd   Thumb Code    94  init_alloc.o(.text)
    __Heap_Initialize                        0x0800095b   Thumb Code    10  h1_init.o(.text)
    __Heap_DescSize                          0x08000965   Thumb Code     4  h1_init.o(.text)
    __read_errno                             0x08000969   Thumb Code    10  _rserrno.o(.text)
    __set_errno                              0x08000973   Thumb Code    12  _rserrno.o(.text)
    _printf_truncate_signed                  0x0800097f   Thumb Code    18  _printf_truncate.o(.text)
    _printf_truncate_unsigned                0x08000991   Thumb Code    18  _printf_truncate.o(.text)
    _printf_str                              0x080009a3   Thumb Code    82  _printf_str.o(.text)
    _printf_int_common                       0x080009f5   Thumb Code   178  _printf_intcommon.o(.text)
    _printf_charcount                        0x08000aa7   Thumb Code    40  _printf_charcount.o(.text)
    __lib_sel_fp_printf                      0x08000acf   Thumb Code     2  _printf_fp_dec.o(.text)
    _printf_fp_dec_real                      0x08000c81   Thumb Code   620  _printf_fp_dec.o(.text)
    _printf_char_common                      0x08000ef7   Thumb Code    32  _printf_char_common.o(.text)
    _sputc                                   0x08000f1d   Thumb Code    10  _sputc.o(.text)
    _printf_wctomb                           0x08000f29   Thumb Code   182  _printf_wctomb.o(.text)
    _printf_longlong_dec                     0x08000fe5   Thumb Code   108  _printf_longlong_dec.o(.text)
    _printf_longlong_oct                     0x08001061   Thumb Code    66  _printf_oct_int_ll.o(.text)
    _printf_int_oct                          0x080010a3   Thumb Code    24  _printf_oct_int_ll.o(.text)
    _printf_ll_oct                           0x080010bb   Thumb Code    12  _printf_oct_int_ll.o(.text)
    __user_libspace                          0x080010d1   Thumb Code     8  libspace.o(.text)
    __user_perproc_libspace                  0x080010d1   Thumb Code     0  libspace.o(.text)
    __user_perthread_libspace                0x080010d1   Thumb Code     0  libspace.o(.text)
    __rt_locale                              0x080010d9   Thumb Code     8  rt_locale_intlibspace.o(.text)
    __aeabi_errno_addr                       0x080010e1   Thumb Code     8  rt_errno_addr_intlibspace.o(.text)
    __errno$intlibspace                      0x080010e1   Thumb Code     0  rt_errno_addr_intlibspace.o(.text)
    __rt_errno_addr$intlibspace              0x080010e1   Thumb Code     0  rt_errno_addr_intlibspace.o(.text)
    __Heap_ProvideMemory                     0x080010e9   Thumb Code    52  h1_extend.o(.text)
    _ll_udiv10                               0x0800111d   Thumb Code   138  lludiv10.o(.text)
    _printf_fp_hex_real                      0x080011a9   Thumb Code   756  _printf_fp_hex.o(.text)
    _printf_fp_infnan                        0x080014a5   Thumb Code   112  _printf_fp_infnan.o(.text)
    _printf_cs_common                        0x08001525   Thumb Code    20  _printf_char.o(.text)
    _printf_char                             0x08001539   Thumb Code    16  _printf_char.o(.text)
    _printf_string                           0x08001549   Thumb Code     8  _printf_char.o(.text)
    _printf_lcs_common                       0x08001551   Thumb Code    20  _printf_wchar.o(.text)
    _printf_wchar                            0x08001565   Thumb Code    16  _printf_wchar.o(.text)
    _printf_wstring                          0x08001575   Thumb Code     8  _printf_wchar.o(.text)
    _btod_etento                             0x0800157d   Thumb Code   224  bigflt0.o(.text)
    _wcrtomb                                 0x08001661   Thumb Code    64  _wcrtomb.o(.text)
    __rt_SIGRTMEM                            0x080016a1   Thumb Code    14  defsig_rtmem_outer.o(.text)
    __I$use$semihosting                      0x080016af   Thumb Code     0  use_no_semi.o(.text)
    __use_no_semihosting_swi                 0x080016af   Thumb Code     2  use_no_semi.o(.text)
    __semihosting_library_function           0x080016b1   Thumb Code     0  indicate_semi.o(.text)
    __user_setup_stackheap                   0x080016b1   Thumb Code    74  sys_stackheap_outer.o(.text)
    exit                                     0x080016fb   Thumb Code    18  exit.o(.text)
    __sig_exit                               0x0800170d   Thumb Code    10  defsig_exit.o(.text)
    __rt_SIGRTMEM_inner                      0x08001719   Thumb Code    22  defsig_rtmem_inner.o(.text)
    _sys_exit                                0x08001769   Thumb Code     8  sys_exit.o(.text)
    __default_signal_display                 0x08001775   Thumb Code    50  defsig_general.o(.text)
    _ttywrch                                 0x080017a7   Thumb Code    14  sys_wrch.o(.text)
    _btod_d2e                                0x080017b5   Thumb Code    62  btod.o(CL$$btod_d2e)
    _d2e_denorm_low                          0x080017f3   Thumb Code    70  btod.o(CL$$btod_d2e_denorm_low)
    _d2e_norm_op1                            0x08001839   Thumb Code    96  btod.o(CL$$btod_d2e_norm_op1)
    __btod_div_common                        0x08001899   Thumb Code   696  btod.o(CL$$btod_div_common)
    _e2e                                     0x08001bd1   Thumb Code   220  btod.o(CL$$btod_e2e)
    _btod_ediv                               0x08001cad   Thumb Code    42  btod.o(CL$$btod_ediv)
    _btod_emul                               0x08001cd7   Thumb Code    42  btod.o(CL$$btod_emul)
    __btod_mult_common                       0x08001d01   Thumb Code   580  btod.o(CL$$btod_mult_common)
    BusFault_Handler                         0x08001f45   Thumb Code     2  stm32f1xx_it.o(i.BusFault_Handler)
    DebugMon_Handler                         0x08001f47   Thumb Code     2  stm32f1xx_it.o(i.DebugMon_Handler)
    HAL_DMA_Abort                            0x08001f49   Thumb Code    70  stm32f1xx_hal_dma.o(i.HAL_DMA_Abort)
    HAL_DMA_Abort_IT                         0x08001f91   Thumb Code   148  stm32f1xx_hal_dma.o(i.HAL_DMA_Abort_IT)
    HAL_GPIO_Init                            0x08002029   Thumb Code   446  stm32f1xx_hal_gpio.o(i.HAL_GPIO_Init)
    HAL_GPIO_ReadPin                         0x08002209   Thumb Code    10  stm32f1xx_hal_gpio.o(i.HAL_GPIO_ReadPin)
    HAL_GPIO_WritePin                        0x08002213   Thumb Code    10  stm32f1xx_hal_gpio.o(i.HAL_GPIO_WritePin)
    HAL_GetTick                              0x0800221d   Thumb Code     6  stm32f1xx_hal.o(i.HAL_GetTick)
    HAL_IncTick                              0x08002229   Thumb Code    12  stm32f1xx_hal.o(i.HAL_IncTick)
    HAL_Init                                 0x08002239   Thumb Code    32  stm32f1xx_hal.o(i.HAL_Init)
    HAL_InitTick                             0x0800225d   Thumb Code   118  stm32f1xx_hal_timebase_tim.o(i.HAL_InitTick)
    HAL_MspInit                              0x080022e9   Thumb Code    62  stm32f1xx_hal_msp.o(i.HAL_MspInit)
    HAL_NVIC_EnableIRQ                       0x08002331   Thumb Code    26  stm32f1xx_hal_cortex.o(i.HAL_NVIC_EnableIRQ)
    HAL_NVIC_SetPriority                     0x0800234d   Thumb Code    60  stm32f1xx_hal_cortex.o(i.HAL_NVIC_SetPriority)
    HAL_NVIC_SetPriorityGrouping             0x0800238d   Thumb Code    26  stm32f1xx_hal_cortex.o(i.HAL_NVIC_SetPriorityGrouping)
    HAL_RCC_ClockConfig                      0x080023b1   Thumb Code   280  stm32f1xx_hal_rcc.o(i.HAL_RCC_ClockConfig)
    HAL_RCC_GetClockConfig                   0x080024dd   Thumb Code    54  stm32f1xx_hal_rcc.o(i.HAL_RCC_GetClockConfig)
    HAL_RCC_GetPCLK1Freq                     0x0800251d   Thumb Code    20  stm32f1xx_hal_rcc.o(i.HAL_RCC_GetPCLK1Freq)
    HAL_RCC_GetPCLK2Freq                     0x0800253d   Thumb Code    20  stm32f1xx_hal_rcc.o(i.HAL_RCC_GetPCLK2Freq)
    HAL_RCC_GetSysClockFreq                  0x0800255d   Thumb Code    58  stm32f1xx_hal_rcc.o(i.HAL_RCC_GetSysClockFreq)
    HAL_RCC_OscConfig                        0x080025a9   Thumb Code   778  stm32f1xx_hal_rcc.o(i.HAL_RCC_OscConfig)
    HAL_TIMEx_BreakCallback                  0x080028c9   Thumb Code     2  stm32f1xx_hal_tim_ex.o(i.HAL_TIMEx_BreakCallback)
    HAL_TIMEx_CommutCallback                 0x080028cb   Thumb Code     2  stm32f1xx_hal_tim_ex.o(i.HAL_TIMEx_CommutCallback)
    HAL_TIMEx_MasterConfigSynchronization    0x080028cd   Thumb Code    92  stm32f1xx_hal_tim_ex.o(i.HAL_TIMEx_MasterConfigSynchronization)
    HAL_TIM_Base_Init                        0x08002935   Thumb Code    90  stm32f1xx_hal_tim.o(i.HAL_TIM_Base_Init)
    HAL_TIM_Base_MspInit                     0x0800298f   Thumb Code     2  stm32f1xx_hal_tim.o(i.HAL_TIM_Base_MspInit)
    HAL_TIM_Base_Start_IT                    0x08002991   Thumb Code    76  stm32f1xx_hal_tim.o(i.HAL_TIM_Base_Start_IT)
    HAL_TIM_IC_CaptureCallback               0x080029e9   Thumb Code     2  stm32f1xx_hal_tim.o(i.HAL_TIM_IC_CaptureCallback)
    HAL_TIM_IRQHandler                       0x080029eb   Thumb Code   304  stm32f1xx_hal_tim.o(i.HAL_TIM_IRQHandler)
    HAL_TIM_MspPostInit                      0x08002b1d   Thumb Code    64  stm32f1xx_hal_msp.o(i.HAL_TIM_MspPostInit)
    HAL_TIM_OC_DelayElapsedCallback          0x08002b69   Thumb Code     2  stm32f1xx_hal_tim.o(i.HAL_TIM_OC_DelayElapsedCallback)
    HAL_TIM_PWM_ConfigChannel                0x08002b6b   Thumb Code   204  stm32f1xx_hal_tim.o(i.HAL_TIM_PWM_ConfigChannel)
    HAL_TIM_PWM_Init                         0x08002c37   Thumb Code    90  stm32f1xx_hal_tim.o(i.HAL_TIM_PWM_Init)
    HAL_TIM_PWM_MspInit                      0x08002c91   Thumb Code    30  stm32f1xx_hal_msp.o(i.HAL_TIM_PWM_MspInit)
    HAL_TIM_PWM_PulseFinishedCallback        0x08002cb9   Thumb Code     2  stm32f1xx_hal_tim.o(i.HAL_TIM_PWM_PulseFinishedCallback)
    HAL_TIM_PWM_Start                        0x08002cbd   Thumb Code   144  stm32f1xx_hal_tim.o(i.HAL_TIM_PWM_Start)
    HAL_TIM_PeriodElapsedCallback            0x08002d59   Thumb Code    14  main.o(i.HAL_TIM_PeriodElapsedCallback)
    HAL_TIM_TriggerCallback                  0x08002d6d   Thumb Code     2  stm32f1xx_hal_tim.o(i.HAL_TIM_TriggerCallback)
    HAL_UARTEx_RxEventCallback               0x08002d6f   Thumb Code     2  stm32f1xx_hal_uart.o(i.HAL_UARTEx_RxEventCallback)
    HAL_UART_ErrorCallback                   0x08002d71   Thumb Code     2  stm32f1xx_hal_uart.o(i.HAL_UART_ErrorCallback)
    HAL_UART_IRQHandler                      0x08002d75   Thumb Code   616  stm32f1xx_hal_uart.o(i.HAL_UART_IRQHandler)
    HAL_UART_Init                            0x08002fe1   Thumb Code   100  stm32f1xx_hal_uart.o(i.HAL_UART_Init)
    HAL_UART_MspInit                         0x08003045   Thumb Code   198  stm32f1xx_hal_msp.o(i.HAL_UART_MspInit)
    HAL_UART_Receive_IT                      0x08003121   Thumb Code    28  stm32f1xx_hal_uart.o(i.HAL_UART_Receive_IT)
    HAL_UART_RxCpltCallback                  0x0800313d   Thumb Code   190  myusart.o(i.HAL_UART_RxCpltCallback)
    HAL_UART_Transmit                        0x0800320d   Thumb Code   160  stm32f1xx_hal_uart.o(i.HAL_UART_Transmit)
    HAL_UART_TxCpltCallback                  0x080032ad   Thumb Code     2  stm32f1xx_hal_uart.o(i.HAL_UART_TxCpltCallback)
    HC_05_RUN                                0x080032b1   Thumb Code   320  myusart.o(i.HC_05_RUN)
    HC_05_Task                               0x080034b1   Thumb Code    12  main.o(i.HC_05_Task)
    HardFault_Handler                        0x080034bd   Thumb Code     2  stm32f1xx_it.o(i.HardFault_Handler)
    I2C_Init                                 0x080034c1   Thumb Code    28  ml_i2c.o(i.I2C_Init)
    I2C_NotSendAck                           0x080034e1   Thumb Code    38  ml_i2c.o(i.I2C_NotSendAck)
    I2C_ReceiveByte                          0x0800350d   Thumb Code    70  ml_i2c.o(i.I2C_ReceiveByte)
    I2C_SendByte                             0x08003559   Thumb Code    64  ml_i2c.o(i.I2C_SendByte)
    I2C_Start                                0x0800359d   Thumb Code    48  ml_i2c.o(i.I2C_Start)
    I2C_Stop                                 0x080035d1   Thumb Code    38  ml_i2c.o(i.I2C_Stop)
    I2C_WaitAck                              0x080035fd   Thumb Code    48  ml_i2c.o(i.I2C_WaitAck)
    Key_GetNum                               0x08003631   Thumb Code    50  key.o(i.Key_GetNum)
    MPU6050_GetData                          0x08003669   Thumb Code   126  ml_mpu6050.o(i.MPU6050_GetData)
    MPU6050_Init                             0x080036ed   Thumb Code    74  ml_mpu6050.o(i.MPU6050_Init)
    MPU6050_Read                             0x08003761   Thumb Code    72  ml_mpu6050.o(i.MPU6050_Read)
    MPU6050_Write                            0x080037b9   Thumb Code    48  ml_mpu6050.o(i.MPU6050_Write)
    MPU6050_task                             0x080037e9   Thumb Code    68  main.o(i.MPU6050_task)
    MemManage_Handler                        0x080039a9   Thumb Code     2  stm32f1xx_it.o(i.MemManage_Handler)
    NMI_Handler                              0x080039ab   Thumb Code     2  stm32f1xx_it.o(i.NMI_Handler)
    StartDefaultTask                         0x080039ad   Thumb Code     8  main.o(i.StartDefaultTask)
    SysTick_Handler                          0x080039b5   Thumb Code    38  port.o(i.SysTick_Handler)
    SystemClock_Config                       0x080039e1   Thumb Code    94  main.o(i.SystemClock_Config)
    SystemInit                               0x08003a3f   Thumb Code     2  system_stm32f1xx.o(i.SystemInit)
    TIM1_UP_IRQHandler                       0x08003a41   Thumb Code     6  stm32f1xx_it.o(i.TIM1_UP_IRQHandler)
    TIM_Base_SetConfig                       0x08003a4d   Thumb Code   108  stm32f1xx_hal_tim.o(i.TIM_Base_SetConfig)
    TIM_CCxChannelCmd                        0x08003ac5   Thumb Code    26  stm32f1xx_hal_tim.o(i.TIM_CCxChannelCmd)
    TIM_OC2_SetConfig                        0x08003b31   Thumb Code    84  stm32f1xx_hal_tim.o(i.TIM_OC2_SetConfig)
    UART_Start_Receive_IT                    0x08003dfd   Thumb Code    54  stm32f1xx_hal_uart.o(i.UART_Start_Receive_IT)
    USART1_IRQHandler                        0x08003ea5   Thumb Code     6  stm32f1xx_it.o(i.USART1_IRQHandler)
    USART3_IRQHandler                        0x08003eb1   Thumb Code     6  stm32f1xx_it.o(i.USART3_IRQHandler)
    UsageFault_Handler                       0x08003ebd   Thumb Code     2  stm32f1xx_it.o(i.UsageFault_Handler)
    __ARM_fpclassify                         0x08003ebf   Thumb Code    40  fpclassify.o(i.__ARM_fpclassify)
    __kernel_poly                            0x08003f07   Thumb Code   170  poly.o(i.__kernel_poly)
    __mathlib_dbl_divzero                    0x08003fb1   Thumb Code    12  dunder.o(i.__mathlib_dbl_divzero)
    __mathlib_dbl_infnan2                    0x08003fc1   Thumb Code     4  dunder.o(i.__mathlib_dbl_infnan2)
    __mathlib_dbl_invalid                    0x08003fc5   Thumb Code    12  dunder.o(i.__mathlib_dbl_invalid)
    __mathlib_dbl_overflow                   0x08003fd1   Thumb Code    14  dunder.o(i.__mathlib_dbl_overflow)
    __mathlib_dbl_underflow                  0x08003fe1   Thumb Code    10  dunder.o(i.__mathlib_dbl_underflow)
    _is_digit                                0x08003ff1   Thumb Code    14  __printf_wp.o(i._is_digit)
    cJSON_Delete                             0x08004001   Thumb Code    66  cjson.o(i.cJSON_Delete)
    cJSON_GetErrorPtr                        0x08004049   Thumb Code     6  cjson.o(i.cJSON_GetErrorPtr)
    cJSON_GetObjectItem                      0x08004055   Thumb Code    28  cjson.o(i.cJSON_GetObjectItem)
    cJSON_Parse                              0x0800408d   Thumb Code     8  cjson.o(i.cJSON_Parse)
    cJSON_ParseWithOpts                      0x08004095   Thumb Code    92  cjson.o(i.cJSON_ParseWithOpts)
    hhSerialSendByte                         0x08004137   Thumb Code    18  myusart.o(i.hhSerialSendByte)
    hhSerialSendString                       0x08004149   Thumb Code    26  myusart.o(i.hhSerialSendString)
    main                                     0x08004165   Thumb Code   194  main.o(i.main)
    makerobo_run                             0x08004249   Thumb Code    24  robot.o(i.makerobo_run)
    myusart_init                             0x08004261   Thumb Code    28  myusart.o(i.myusart_init)
    osDelay                                  0x08004289   Thumb Code    14  cmsis_os.o(i.osDelay)
    osKernelStart                            0x08004297   Thumb Code    10  cmsis_os.o(i.osKernelStart)
    osThreadCreate                           0x080042a1   Thumb Code    84  cmsis_os.o(i.osThreadCreate)
    pow                                      0x08004859   Thumb Code  2512  pow.o(i.pow)
    pvPortMalloc                             0x0800557d   Thumb Code   216  heap_4.o(i.pvPortMalloc)
    pxPortInitialiseStack                    0x08005659   Thumb Code    32  port.o(i.pxPortInitialiseStack)
    robot_Init                               0x0800567d   Thumb Code    38  robot.o(i.robot_Init)
    robot_move_task                          0x080056a9   Thumb Code    50  main.o(i.robot_move_task)
    robot_speed                              0x080056f1   Thumb Code   332  robot.o(i.robot_speed)
    s_printf                                 0x08005841   Thumb Code    30  myusart.o(i.s_printf)
    sqrt                                     0x08005879   Thumb Code    76  sqrt.o(i.sqrt)
    uxListRemove                             0x080058c5   Thumb Code    38  list.o(i.uxListRemove)
    vApplicationGetIdleTaskMemory            0x080058ed   Thumb Code    16  freertos.o(i.vApplicationGetIdleTaskMemory)
    vListInitialise                          0x08005901   Thumb Code    22  list.o(i.vListInitialise)
    vListInitialiseItem                      0x08005917   Thumb Code     6  list.o(i.vListInitialiseItem)
    vListInsert                              0x0800591d   Thumb Code    48  list.o(i.vListInsert)
    vListInsertEnd                           0x0800594d   Thumb Code    24  list.o(i.vListInsertEnd)
    vPortEnterCritical                       0x08005965   Thumb Code    54  port.o(i.vPortEnterCritical)
    vPortExitCritical                        0x080059a5   Thumb Code    34  port.o(i.vPortExitCritical)
    vPortFree                                0x080059cd   Thumb Code    94  heap_4.o(i.vPortFree)
    vPortSetupTimerInterrupt                 0x08005a31   Thumb Code    32  port.o(i.vPortSetupTimerInterrupt)
    vTaskDelay                               0x08005a55   Thumb Code    66  tasks.o(i.vTaskDelay)
    vTaskStartScheduler                      0x08005aa1   Thumb Code    90  tasks.o(i.vTaskStartScheduler)
    vTaskSuspendAll                          0x08005b0d   Thumb Code    10  tasks.o(i.vTaskSuspendAll)
    vTaskSwitchContext                       0x08005b1d   Thumb Code    82  tasks.o(i.vTaskSwitchContext)
    xPortStartScheduler                      0x08005b79   Thumb Code   154  port.o(i.xPortStartScheduler)
    xTaskCreate                              0x08005c21   Thumb Code    90  tasks.o(i.xTaskCreate)
    xTaskCreateStatic                        0x08005c7b   Thumb Code    86  tasks.o(i.xTaskCreateStatic)
    xTaskIncrementTick                       0x08005cd1   Thumb Code   194  tasks.o(i.xTaskIncrementTick)
    xTaskResumeAll                           0x08005d9d   Thumb Code   182  tasks.o(i.xTaskResumeAll)
    _get_lc_ctype                            0x08005e61   Thumb Code    44  lc_ctype_c.o(locale$$code)
    _get_lc_numeric                          0x08005e8d   Thumb Code    44  lc_numeric_c.o(locale$$code)
    __aeabi_d2f                              0x08005eb9   Thumb Code     0  d2f.o(x$fpl$d2f)
    _d2f                                     0x08005eb9   Thumb Code    98  d2f.o(x$fpl$d2f)
    __aeabi_dadd                             0x08005f1d   Thumb Code     0  daddsub_clz.o(x$fpl$dadd)
    _dadd                                    0x08005f1d   Thumb Code   332  daddsub_clz.o(x$fpl$dadd)
    __fpl_dcheck_NaN1                        0x0800606d   Thumb Code    10  dcheck1.o(x$fpl$dcheck1)
    __fpl_dcmp_Inf                           0x0800607d   Thumb Code    24  dcmpi.o(x$fpl$dcmpinf)
    __aeabi_ddiv                             0x08006095   Thumb Code     0  ddiv.o(x$fpl$ddiv)
    _ddiv                                    0x08006095   Thumb Code   552  ddiv.o(x$fpl$ddiv)
    __aeabi_d2iz                             0x08006345   Thumb Code     0  dfix.o(x$fpl$dfix)
    _dfix                                    0x08006345   Thumb Code    94  dfix.o(x$fpl$dfix)
    __aeabi_i2d                              0x080063a3   Thumb Code     0  dflt_clz.o(x$fpl$dflt)
    _dflt                                    0x080063a3   Thumb Code    46  dflt_clz.o(x$fpl$dflt)
    __aeabi_cdcmple                          0x080063d1   Thumb Code     0  dleqf.o(x$fpl$dleqf)
    _dcmple                                  0x080063d1   Thumb Code   120  dleqf.o(x$fpl$dleqf)
    __fpl_dcmple_InfNaN                      0x08006433   Thumb Code     0  dleqf.o(x$fpl$dleqf)
    __aeabi_dmul                             0x08006449   Thumb Code     0  dmul.o(x$fpl$dmul)
    _dmul                                    0x08006449   Thumb Code   332  dmul.o(x$fpl$dmul)
    __fpl_dnaninf                            0x0800659d   Thumb Code   156  dnaninf.o(x$fpl$dnaninf)
    __fpl_dretinf                            0x08006639   Thumb Code    12  dretinf.o(x$fpl$dretinf)
    __aeabi_cdrcmple                         0x08006645   Thumb Code     0  drleqf.o(x$fpl$drleqf)
    _drcmple                                 0x08006645   Thumb Code   108  drleqf.o(x$fpl$drleqf)
    __aeabi_drsub                            0x080066b1   Thumb Code     0  daddsub_clz.o(x$fpl$drsb)
    _drsb                                    0x080066b1   Thumb Code    22  daddsub_clz.o(x$fpl$drsb)
    _dsqrt                                   0x080066c9   Thumb Code   456  dsqrt_noumaal.o(x$fpl$dsqrt)
    __aeabi_dsub                             0x08006895   Thumb Code     0  daddsub_clz.o(x$fpl$dsub)
    _dsub                                    0x08006895   Thumb Code   464  daddsub_clz.o(x$fpl$dsub)
    __aeabi_f2d                              0x08006a69   Thumb Code     0  f2d.o(x$fpl$f2d)
    _f2d                                     0x08006a69   Thumb Code    86  f2d.o(x$fpl$f2d)
    __fpl_fnaninf                            0x08006abf   Thumb Code   140  fnaninf.o(x$fpl$fnaninf)
    __fpl_fretinf                            0x08006b4b   Thumb Code    10  fretinf.o(x$fpl$fretinf)
    _printf_fp_dec                           0x08006b55   Thumb Code     4  printf1.o(x$fpl$printf1)
    _printf_fp_hex                           0x08006b59   Thumb Code     4  printf2.o(x$fpl$printf2)
    __fpl_return_NaN                         0x08006b5d   Thumb Code   100  retnan.o(x$fpl$retnan)
    __ARM_scalbn                             0x08006bc1   Thumb Code    92  scalbn.o(x$fpl$scalbn)
    __fpl_cmpreturn                          0x08006c1d   Thumb Code    48  trapv.o(x$fpl$trapveneer)
    __I$use$fp                               0x08006c4c   Number         0  usenofp.o(x$fpl$usenofp)
    AHBPrescTable                            0x08006cd6   Data          16  system_stm32f1xx.o(.constdata)
    APBPrescTable                            0x08006ce6   Data           8  system_stm32f1xx.o(.constdata)
    __mathlib_zero                           0x08006db8   Data           8  qnan.o(.constdata)
    Region$$Table$$Base                      0x08006ea4   Number         0  anon$$obj.o(Region$$Table)
    Region$$Table$$Limit                     0x08006ec4   Number         0  anon$$obj.o(Region$$Table)
    __ctype                                  0x08006ed1   Data           0  lc_ctype_c.o(locale$$data)
    Serial_RxFlag1                           0x20000004   Data           1  myusart.o(.data)
    Serial_RxFlag3                           0x20000005   Data           1  myusart.o(.data)
    ByteRecv1                                0x20000006   Data           1  myusart.o(.data)
    ByteRecv3                                0x20000007   Data           1  myusart.o(.data)
    cJsonData                                0x20000008   Data           4  myusart.o(.data)
    cJsonVlaue                               0x2000000c   Data           4  myusart.o(.data)
    p                                        0x20000010   Data           4  myusart.o(.data)
    i                                        0x20000014   Data           4  myusart.o(.data)
    d                                        0x20000018   Data           4  myusart.o(.data)
    a                                        0x2000001c   Data           4  myusart.o(.data)
    ax                                       0x2000002c   Data           2  ml_mpu6050.o(.data)
    ay                                       0x2000002e   Data           2  ml_mpu6050.o(.data)
    az                                       0x20000030   Data           2  ml_mpu6050.o(.data)
    gx                                       0x20000032   Data           2  ml_mpu6050.o(.data)
    gy                                       0x20000034   Data           2  ml_mpu6050.o(.data)
    gz                                       0x20000036   Data           2  ml_mpu6050.o(.data)
    defaultTaskHandle                        0x20000038   Data           4  main.o(.data)
    robot_moveHandle                         0x2000003c   Data           4  main.o(.data)
    HC_05Handle                              0x20000040   Data           4  main.o(.data)
    MPU6050Handle                            0x20000044   Data           4  main.o(.data)
    uwTickFreq                               0x20000048   Data           1  stm32f1xx_hal.o(.data)
    uwTickPrio                               0x2000004c   Data           4  stm32f1xx_hal.o(.data)
    uwTick                                   0x20000050   Data           4  stm32f1xx_hal.o(.data)
    SystemCoreClock                          0x20000054   Data           4  system_stm32f1xx.o(.data)
    pxCurrentTCB                             0x20000058   Data           4  tasks.o(.data)
    Serial_RxPacket1                         0x200000c0   Data         100  myusart.o(.bss)
    Serial_RxPacket3                         0x20000124   Data         100  myusart.o(.bss)
    htim4                                    0x20000188   Data          72  main.o(.bss)
    huart1                                   0x200001d0   Data          72  main.o(.bss)
    huart3                                   0x20000218   Data          72  main.o(.bss)
    htim1                                    0x200004b4   Data          72  stm32f1xx_hal_timebase_tim.o(.bss)
    __libspace_start                         0x200011ec   Data          96  libspace.o(.bss)
    __temporary_stack_top$libspace           0x2000124c   Data           0  libspace.o(.bss)



==============================================================================

Memory Map of the image

  Image Entry point : 0x080000ed

  Load Region LR_IROM1 (Base: 0x08000000, Size: 0x000070b0, Max: 0x00010000, ABSOLUTE)

    Execution Region ER_IROM1 (Exec base: 0x08000000, Load base: 0x08000000, Size: 0x00006ff0, Max: 0x00010000, ABSOLUTE)

    Exec Addr    Load Addr    Size         Type   Attr      Idx    E Section Name        Object

    0x08000000   0x08000000   0x000000ec   Data   RO            3    RESET               startup_stm32f103xb.o
    0x080000ec   0x080000ec   0x00000008   Code   RO         4957  * !!!main             c_w.l(__main.o)
    0x080000f4   0x080000f4   0x00000034   Code   RO         5368    !!!scatter          c_w.l(__scatter.o)
    0x08000128   0x08000128   0x0000001a   Code   RO         5370    !!handler_copy      c_w.l(__scatter_copy.o)
    0x08000142   0x08000142   0x00000002   PAD
    0x08000144   0x08000144   0x0000001c   Code   RO         5372    !!handler_zi        c_w.l(__scatter_zi.o)
    0x08000160   0x08000160   0x00000000   Code   RO         4936    .ARM.Collect$$_printf_percent$$00000000  c_w.l(_printf_percent.o)
    0x08000160   0x08000160   0x00000006   Code   RO         5062    .ARM.Collect$$_printf_percent$$00000001  c_w.l(_printf_n.o)
    0x08000166   0x08000166   0x00000006   Code   RO         5063    .ARM.Collect$$_printf_percent$$00000002  c_w.l(_printf_p.o)
    0x0800016c   0x0800016c   0x00000006   Code   RO         4934    .ARM.Collect$$_printf_percent$$00000003  c_w.l(_printf_f.o)
    0x08000172   0x08000172   0x00000006   Code   RO         4935    .ARM.Collect$$_printf_percent$$00000004  c_w.l(_printf_e.o)
    0x08000178   0x08000178   0x00000006   Code   RO         5067    .ARM.Collect$$_printf_percent$$00000005  c_w.l(_printf_g.o)
    0x0800017e   0x0800017e   0x00000006   Code   RO         5068    .ARM.Collect$$_printf_percent$$00000006  c_w.l(_printf_a.o)
    0x08000184   0x08000184   0x0000000a   Code   RO         5073    .ARM.Collect$$_printf_percent$$00000007  c_w.l(_printf_ll.o)
    0x0800018e   0x0800018e   0x00000006   Code   RO         5065    .ARM.Collect$$_printf_percent$$00000008  c_w.l(_printf_i.o)
    0x08000194   0x08000194   0x00000006   Code   RO         4933    .ARM.Collect$$_printf_percent$$00000009  c_w.l(_printf_d.o)
    0x0800019a   0x0800019a   0x00000006   Code   RO         5066    .ARM.Collect$$_printf_percent$$0000000A  c_w.l(_printf_u.o)
    0x080001a0   0x080001a0   0x00000006   Code   RO         5064    .ARM.Collect$$_printf_percent$$0000000B  c_w.l(_printf_o.o)
    0x080001a6   0x080001a6   0x00000006   Code   RO         4932    .ARM.Collect$$_printf_percent$$0000000C  c_w.l(_printf_x.o)
    0x080001ac   0x080001ac   0x00000006   Code   RO         5070    .ARM.Collect$$_printf_percent$$0000000D  c_w.l(_printf_lli.o)
    0x080001b2   0x080001b2   0x00000006   Code   RO         5071    .ARM.Collect$$_printf_percent$$0000000E  c_w.l(_printf_lld.o)
    0x080001b8   0x080001b8   0x00000006   Code   RO         5072    .ARM.Collect$$_printf_percent$$0000000F  c_w.l(_printf_llu.o)
    0x080001be   0x080001be   0x00000006   Code   RO         5077    .ARM.Collect$$_printf_percent$$00000010  c_w.l(_printf_llo.o)
    0x080001c4   0x080001c4   0x00000006   Code   RO         5078    .ARM.Collect$$_printf_percent$$00000011  c_w.l(_printf_llx.o)
    0x080001ca   0x080001ca   0x0000000a   Code   RO         5074    .ARM.Collect$$_printf_percent$$00000012  c_w.l(_printf_l.o)
    0x080001d4   0x080001d4   0x00000006   Code   RO         5060    .ARM.Collect$$_printf_percent$$00000013  c_w.l(_printf_c.o)
    0x080001da   0x080001da   0x00000006   Code   RO         5061    .ARM.Collect$$_printf_percent$$00000014  c_w.l(_printf_s.o)
    0x080001e0   0x080001e0   0x00000006   Code   RO         5075    .ARM.Collect$$_printf_percent$$00000015  c_w.l(_printf_lc.o)
    0x080001e6   0x080001e6   0x00000006   Code   RO         5076    .ARM.Collect$$_printf_percent$$00000016  c_w.l(_printf_ls.o)
    0x080001ec   0x080001ec   0x00000004   Code   RO         5069    .ARM.Collect$$_printf_percent$$00000017  c_w.l(_printf_percent_end.o)
    0x080001f0   0x080001f0   0x00000002   Code   RO         5303    .ARM.Collect$$libinit$$00000000  c_w.l(libinit.o)
    0x080001f2   0x080001f2   0x00000000   Code   RO         5084    .ARM.Collect$$libinit$$00000002  c_w.l(libinit2.o)
    0x080001f2   0x080001f2   0x00000000   Code   RO         5086    .ARM.Collect$$libinit$$00000004  c_w.l(libinit2.o)
    0x080001f2   0x080001f2   0x00000008   Code   RO         5087    .ARM.Collect$$libinit$$00000005  c_w.l(libinit2.o)
    0x080001fa   0x080001fa   0x00000000   Code   RO         5089    .ARM.Collect$$libinit$$0000000A  c_w.l(libinit2.o)
    0x080001fa   0x080001fa   0x00000000   Code   RO         5091    .ARM.Collect$$libinit$$0000000C  c_w.l(libinit2.o)
    0x080001fa   0x080001fa   0x00000000   Code   RO         5093    .ARM.Collect$$libinit$$0000000E  c_w.l(libinit2.o)
    0x080001fa   0x080001fa   0x00000006   Code   RO         5094    .ARM.Collect$$libinit$$0000000F  c_w.l(libinit2.o)
    0x08000200   0x08000200   0x00000000   Code   RO         5096    .ARM.Collect$$libinit$$00000011  c_w.l(libinit2.o)
    0x08000200   0x08000200   0x0000000c   Code   RO         5097    .ARM.Collect$$libinit$$00000012  c_w.l(libinit2.o)
    0x0800020c   0x0800020c   0x00000000   Code   RO         5098    .ARM.Collect$$libinit$$00000013  c_w.l(libinit2.o)
    0x0800020c   0x0800020c   0x00000000   Code   RO         5100    .ARM.Collect$$libinit$$00000015  c_w.l(libinit2.o)
    0x0800020c   0x0800020c   0x0000000a   Code   RO         5101    .ARM.Collect$$libinit$$00000016  c_w.l(libinit2.o)
    0x08000216   0x08000216   0x00000000   Code   RO         5102    .ARM.Collect$$libinit$$00000017  c_w.l(libinit2.o)
    0x08000216   0x08000216   0x00000000   Code   RO         5104    .ARM.Collect$$libinit$$00000019  c_w.l(libinit2.o)
    0x08000216   0x08000216   0x00000000   Code   RO         5106    .ARM.Collect$$libinit$$0000001B  c_w.l(libinit2.o)
    0x08000216   0x08000216   0x00000000   Code   RO         5108    .ARM.Collect$$libinit$$0000001D  c_w.l(libinit2.o)
    0x08000216   0x08000216   0x00000000   Code   RO         5110    .ARM.Collect$$libinit$$0000001F  c_w.l(libinit2.o)
    0x08000216   0x08000216   0x00000000   Code   RO         5112    .ARM.Collect$$libinit$$00000021  c_w.l(libinit2.o)
    0x08000216   0x08000216   0x00000000   Code   RO         5114    .ARM.Collect$$libinit$$00000023  c_w.l(libinit2.o)
    0x08000216   0x08000216   0x00000000   Code   RO         5116    .ARM.Collect$$libinit$$00000025  c_w.l(libinit2.o)
    0x08000216   0x08000216   0x00000000   Code   RO         5120    .ARM.Collect$$libinit$$0000002C  c_w.l(libinit2.o)
    0x08000216   0x08000216   0x00000000   Code   RO         5122    .ARM.Collect$$libinit$$0000002E  c_w.l(libinit2.o)
    0x08000216   0x08000216   0x00000000   Code   RO         5124    .ARM.Collect$$libinit$$00000030  c_w.l(libinit2.o)
    0x08000216   0x08000216   0x00000000   Code   RO         5126    .ARM.Collect$$libinit$$00000032  c_w.l(libinit2.o)
    0x08000216   0x08000216   0x00000002   Code   RO         5127    .ARM.Collect$$libinit$$00000033  c_w.l(libinit2.o)
    0x08000218   0x08000218   0x00000002   Code   RO         5365    .ARM.Collect$$libshutdown$$00000000  c_w.l(libshutdown.o)
    0x0800021a   0x0800021a   0x00000000   Code   RO         5319    .ARM.Collect$$libshutdown$$00000002  c_w.l(libshutdown2.o)
    0x0800021a   0x0800021a   0x00000000   Code   RO         5321    .ARM.Collect$$libshutdown$$00000004  c_w.l(libshutdown2.o)
    0x0800021a   0x0800021a   0x00000000   Code   RO         5324    .ARM.Collect$$libshutdown$$00000007  c_w.l(libshutdown2.o)
    0x0800021a   0x0800021a   0x00000000   Code   RO         5327    .ARM.Collect$$libshutdown$$0000000A  c_w.l(libshutdown2.o)
    0x0800021a   0x0800021a   0x00000000   Code   RO         5329    .ARM.Collect$$libshutdown$$0000000C  c_w.l(libshutdown2.o)
    0x0800021a   0x0800021a   0x00000000   Code   RO         5332    .ARM.Collect$$libshutdown$$0000000F  c_w.l(libshutdown2.o)
    0x0800021a   0x0800021a   0x00000002   Code   RO         5333    .ARM.Collect$$libshutdown$$00000010  c_w.l(libshutdown2.o)
    0x0800021c   0x0800021c   0x00000000   Code   RO         5005    .ARM.Collect$$rtentry$$00000000  c_w.l(__rtentry.o)
    0x0800021c   0x0800021c   0x00000000   Code   RO         5184    .ARM.Collect$$rtentry$$00000002  c_w.l(__rtentry2.o)
    0x0800021c   0x0800021c   0x00000006   Code   RO         5196    .ARM.Collect$$rtentry$$00000004  c_w.l(__rtentry4.o)
    0x08000222   0x08000222   0x00000000   Code   RO         5186    .ARM.Collect$$rtentry$$00000009  c_w.l(__rtentry2.o)
    0x08000222   0x08000222   0x00000004   Code   RO         5187    .ARM.Collect$$rtentry$$0000000A  c_w.l(__rtentry2.o)
    0x08000226   0x08000226   0x00000000   Code   RO         5189    .ARM.Collect$$rtentry$$0000000C  c_w.l(__rtentry2.o)
    0x08000226   0x08000226   0x00000008   Code   RO         5190    .ARM.Collect$$rtentry$$0000000D  c_w.l(__rtentry2.o)
    0x0800022e   0x0800022e   0x00000002   Code   RO         5308    .ARM.Collect$$rtexit$$00000000  c_w.l(rtexit.o)
    0x08000230   0x08000230   0x00000000   Code   RO         5339    .ARM.Collect$$rtexit$$00000002  c_w.l(rtexit2.o)
    0x08000230   0x08000230   0x00000004   Code   RO         5340    .ARM.Collect$$rtexit$$00000003  c_w.l(rtexit2.o)
    0x08000234   0x08000234   0x00000006   Code   RO         5341    .ARM.Collect$$rtexit$$00000004  c_w.l(rtexit2.o)
    0x0800023a   0x0800023a   0x00000002   PAD
    0x0800023c   0x0800023c   0x00000096   Code   RO         4734    .emb_text           port.o
    0x080002d2   0x080002d2   0x00000002   PAD
    0x080002d4   0x080002d4   0x00000000   Code   RO         5210    .emb_text           c_w.l(maybetermalloc1.o)
    0x080002d4   0x080002d4   0x00000040   Code   RO            4    .text               startup_stm32f103xb.o
    0x08000314   0x08000314   0x0000005e   Code   RO         4817    .text               c_w.l(h1_alloc.o)
    0x08000372   0x08000372   0x0000004e   Code   RO         4819    .text               c_w.l(h1_free.o)
    0x080003c0   0x080003c0   0x0000001a   Code   RO         4877    .text               c_w.l(tolower.o)
    0x080003da   0x080003da   0x00000002   PAD
    0x080003dc   0x080003dc   0x00000024   Code   RO         4879    .text               c_w.l(vsprintf.o)
    0x08000400   0x08000400   0x0000004e   Code   RO         4887    .text               c_w.l(_printf_pad.o)
    0x0800044e   0x0800044e   0x00000002   PAD
    0x08000450   0x08000450   0x00000078   Code   RO         4889    .text               c_w.l(_printf_dec.o)
    0x080004c8   0x080004c8   0x00000094   Code   RO         4909    .text               c_w.l(_printf_hex_int_ll_ptr.o)
    0x0800055c   0x0800055c   0x00000188   Code   RO         4929    .text               c_w.l(__printf_flags_ss_wp.o)
    0x080006e4   0x080006e4   0x00000096   Code   RO         4943    .text               c_w.l(strncmp.o)
    0x0800077a   0x0800077a   0x00000064   Code   RO         4947    .text               c_w.l(rt_memcpy_w.o)
    0x080007de   0x080007de   0x0000004e   Code   RO         4951    .text               c_w.l(rt_memclr_w.o)
    0x0800082c   0x0800082c   0x00000080   Code   RO         4953    .text               c_w.l(strcmpv7m.o)
    0x080008ac   0x080008ac   0x00000006   Code   RO         4955    .text               c_w.l(heapauxi.o)
    0x080008b2   0x080008b2   0x00000002   PAD
    0x080008b4   0x080008b4   0x00000010   Code   RO         5006    .text               c_w.l(rt_ctype_table.o)
    0x080008c4   0x080008c4   0x00000008   Code   RO         5011    .text               c_w.l(rt_heap_descriptor_intlibspace.o)
    0x080008cc   0x080008cc   0x00000004   Code   RO         5013    .text               c_w.l(hguard.o)
    0x080008d0   0x080008d0   0x0000008a   Code   RO         5015    .text               c_w.l(init_alloc.o)
    0x0800095a   0x0800095a   0x0000000e   Code   RO         5019    .text               c_w.l(h1_init.o)
    0x08000968   0x08000968   0x00000016   Code   RO         5033    .text               c_w.l(_rserrno.o)
    0x0800097e   0x0800097e   0x00000024   Code   RO         5035    .text               c_w.l(_printf_truncate.o)
    0x080009a2   0x080009a2   0x00000052   Code   RO         5037    .text               c_w.l(_printf_str.o)
    0x080009f4   0x080009f4   0x000000b2   Code   RO         5039    .text               c_w.l(_printf_intcommon.o)
    0x08000aa6   0x08000aa6   0x00000028   Code   RO         5041    .text               c_w.l(_printf_charcount.o)
    0x08000ace   0x08000ace   0x0000041e   Code   RO         5043    .text               c_w.l(_printf_fp_dec.o)
    0x08000eec   0x08000eec   0x00000030   Code   RO         5045    .text               c_w.l(_printf_char_common.o)
    0x08000f1c   0x08000f1c   0x0000000a   Code   RO         5047    .text               c_w.l(_sputc.o)
    0x08000f26   0x08000f26   0x00000002   PAD
    0x08000f28   0x08000f28   0x000000bc   Code   RO         5049    .text               c_w.l(_printf_wctomb.o)
    0x08000fe4   0x08000fe4   0x0000007c   Code   RO         5052    .text               c_w.l(_printf_longlong_dec.o)
    0x08001060   0x08001060   0x00000070   Code   RO         5058    .text               c_w.l(_printf_oct_int_ll.o)
    0x080010d0   0x080010d0   0x00000008   Code   RO         5180    .text               c_w.l(libspace.o)
    0x080010d8   0x080010d8   0x00000008   Code   RO         5201    .text               c_w.l(rt_locale_intlibspace.o)
    0x080010e0   0x080010e0   0x00000008   Code   RO         5206    .text               c_w.l(rt_errno_addr_intlibspace.o)
    0x080010e8   0x080010e8   0x00000034   Code   RO         5212    .text               c_w.l(h1_extend.o)
    0x0800111c   0x0800111c   0x0000008a   Code   RO         5216    .text               c_w.l(lludiv10.o)
    0x080011a6   0x080011a6   0x00000002   PAD
    0x080011a8   0x080011a8   0x000002fc   Code   RO         5218    .text               c_w.l(_printf_fp_hex.o)
    0x080014a4   0x080014a4   0x00000080   Code   RO         5221    .text               c_w.l(_printf_fp_infnan.o)
    0x08001524   0x08001524   0x0000002c   Code   RO         5225    .text               c_w.l(_printf_char.o)
    0x08001550   0x08001550   0x0000002c   Code   RO         5227    .text               c_w.l(_printf_wchar.o)
    0x0800157c   0x0800157c   0x000000e4   Code   RO         5229    .text               c_w.l(bigflt0.o)
    0x08001660   0x08001660   0x00000040   Code   RO         5254    .text               c_w.l(_wcrtomb.o)
    0x080016a0   0x080016a0   0x0000000e   Code   RO         5262    .text               c_w.l(defsig_rtmem_outer.o)
    0x080016ae   0x080016ae   0x00000002   Code   RO         5279    .text               c_w.l(use_no_semi.o)
    0x080016b0   0x080016b0   0x00000000   Code   RO         5281    .text               c_w.l(indicate_semi.o)
    0x080016b0   0x080016b0   0x0000004a   Code   RO         5282    .text               c_w.l(sys_stackheap_outer.o)
    0x080016fa   0x080016fa   0x00000012   Code   RO         5288    .text               c_w.l(exit.o)
    0x0800170c   0x0800170c   0x0000000a   Code   RO         5290    .text               c_w.l(defsig_exit.o)
    0x08001716   0x08001716   0x00000002   PAD
    0x08001718   0x08001718   0x00000050   Code   RO         5292    .text               c_w.l(defsig_rtmem_inner.o)
    0x08001768   0x08001768   0x0000000c   Code   RO         5306    .text               c_w.l(sys_exit.o)
    0x08001774   0x08001774   0x00000032   Code   RO         5316    .text               c_w.l(defsig_general.o)
    0x080017a6   0x080017a6   0x0000000e   Code   RO         5336    .text               c_w.l(sys_wrch.o)
    0x080017b4   0x080017b4   0x0000003e   Code   RO         5232    CL$$btod_d2e        c_w.l(btod.o)
    0x080017f2   0x080017f2   0x00000046   Code   RO         5234    CL$$btod_d2e_denorm_low  c_w.l(btod.o)
    0x08001838   0x08001838   0x00000060   Code   RO         5233    CL$$btod_d2e_norm_op1  c_w.l(btod.o)
    0x08001898   0x08001898   0x00000338   Code   RO         5242    CL$$btod_div_common  c_w.l(btod.o)
    0x08001bd0   0x08001bd0   0x000000dc   Code   RO         5239    CL$$btod_e2e        c_w.l(btod.o)
    0x08001cac   0x08001cac   0x0000002a   Code   RO         5236    CL$$btod_ediv       c_w.l(btod.o)
    0x08001cd6   0x08001cd6   0x0000002a   Code   RO         5235    CL$$btod_emul       c_w.l(btod.o)
    0x08001d00   0x08001d00   0x00000244   Code   RO         5241    CL$$btod_mult_common  c_w.l(btod.o)
    0x08001f44   0x08001f44   0x00000002   Code   RO          967    i.BusFault_Handler  stm32f1xx_it.o
    0x08001f46   0x08001f46   0x00000002   Code   RO          968    i.DebugMon_Handler  stm32f1xx_it.o
    0x08001f48   0x08001f48   0x00000046   Code   RO         1550    i.HAL_DMA_Abort     stm32f1xx_hal_dma.o
    0x08001f8e   0x08001f8e   0x00000002   PAD
    0x08001f90   0x08001f90   0x00000098   Code   RO         1551    i.HAL_DMA_Abort_IT  stm32f1xx_hal_dma.o
    0x08002028   0x08002028   0x000001e0   Code   RO         1486    i.HAL_GPIO_Init     stm32f1xx_hal_gpio.o
    0x08002208   0x08002208   0x0000000a   Code   RO         1488    i.HAL_GPIO_ReadPin  stm32f1xx_hal_gpio.o
    0x08002212   0x08002212   0x0000000a   Code   RO         1490    i.HAL_GPIO_WritePin  stm32f1xx_hal_gpio.o
    0x0800221c   0x0800221c   0x0000000c   Code   RO         1180    i.HAL_GetTick       stm32f1xx_hal.o
    0x08002228   0x08002228   0x00000010   Code   RO         1186    i.HAL_IncTick       stm32f1xx_hal.o
    0x08002238   0x08002238   0x00000024   Code   RO         1187    i.HAL_Init          stm32f1xx_hal.o
    0x0800225c   0x0800225c   0x0000008c   Code   RO         1094    i.HAL_InitTick      stm32f1xx_hal_timebase_tim.o
    0x080022e8   0x080022e8   0x00000048   Code   RO         1040    i.HAL_MspInit       stm32f1xx_hal_msp.o
    0x08002330   0x08002330   0x0000001a   Code   RO         1646    i.HAL_NVIC_EnableIRQ  stm32f1xx_hal_cortex.o
    0x0800234a   0x0800234a   0x00000002   PAD
    0x0800234c   0x0800234c   0x00000040   Code   RO         1652    i.HAL_NVIC_SetPriority  stm32f1xx_hal_cortex.o
    0x0800238c   0x0800238c   0x00000024   Code   RO         1653    i.HAL_NVIC_SetPriorityGrouping  stm32f1xx_hal_cortex.o
    0x080023b0   0x080023b0   0x0000012c   Code   RO         1344    i.HAL_RCC_ClockConfig  stm32f1xx_hal_rcc.o
    0x080024dc   0x080024dc   0x00000040   Code   RO         1348    i.HAL_RCC_GetClockConfig  stm32f1xx_hal_rcc.o
    0x0800251c   0x0800251c   0x00000020   Code   RO         1351    i.HAL_RCC_GetPCLK1Freq  stm32f1xx_hal_rcc.o
    0x0800253c   0x0800253c   0x00000020   Code   RO         1352    i.HAL_RCC_GetPCLK2Freq  stm32f1xx_hal_rcc.o
    0x0800255c   0x0800255c   0x0000004c   Code   RO         1353    i.HAL_RCC_GetSysClockFreq  stm32f1xx_hal_rcc.o
    0x080025a8   0x080025a8   0x00000320   Code   RO         1356    i.HAL_RCC_OscConfig  stm32f1xx_hal_rcc.o
    0x080028c8   0x080028c8   0x00000002   Code   RO         2852    i.HAL_TIMEx_BreakCallback  stm32f1xx_hal_tim_ex.o
    0x080028ca   0x080028ca   0x00000002   Code   RO         2853    i.HAL_TIMEx_CommutCallback  stm32f1xx_hal_tim_ex.o
    0x080028cc   0x080028cc   0x00000068   Code   RO         2871    i.HAL_TIMEx_MasterConfigSynchronization  stm32f1xx_hal_tim_ex.o
    0x08002934   0x08002934   0x0000005a   Code   RO         2148    i.HAL_TIM_Base_Init  stm32f1xx_hal_tim.o
    0x0800298e   0x0800298e   0x00000002   Code   RO         2150    i.HAL_TIM_Base_MspInit  stm32f1xx_hal_tim.o
    0x08002990   0x08002990   0x00000058   Code   RO         2153    i.HAL_TIM_Base_Start_IT  stm32f1xx_hal_tim.o
    0x080029e8   0x080029e8   0x00000002   Code   RO         2182    i.HAL_TIM_IC_CaptureCallback  stm32f1xx_hal_tim.o
    0x080029ea   0x080029ea   0x00000130   Code   RO         2196    i.HAL_TIM_IRQHandler  stm32f1xx_hal_tim.o
    0x08002b1a   0x08002b1a   0x00000002   PAD
    0x08002b1c   0x08002b1c   0x0000004c   Code   RO         1041    i.HAL_TIM_MspPostInit  stm32f1xx_hal_msp.o
    0x08002b68   0x08002b68   0x00000002   Code   RO         2199    i.HAL_TIM_OC_DelayElapsedCallback  stm32f1xx_hal_tim.o
    0x08002b6a   0x08002b6a   0x000000cc   Code   RO         2220    i.HAL_TIM_PWM_ConfigChannel  stm32f1xx_hal_tim.o
    0x08002c36   0x08002c36   0x0000005a   Code   RO         2223    i.HAL_TIM_PWM_Init  stm32f1xx_hal_tim.o
    0x08002c90   0x08002c90   0x00000028   Code   RO         1043    i.HAL_TIM_PWM_MspInit  stm32f1xx_hal_msp.o
    0x08002cb8   0x08002cb8   0x00000002   Code   RO         2226    i.HAL_TIM_PWM_PulseFinishedCallback  stm32f1xx_hal_tim.o
    0x08002cba   0x08002cba   0x00000002   PAD
    0x08002cbc   0x08002cbc   0x0000009c   Code   RO         2228    i.HAL_TIM_PWM_Start  stm32f1xx_hal_tim.o
    0x08002d58   0x08002d58   0x00000014   Code   RO          853    i.HAL_TIM_PeriodElapsedCallback  main.o
    0x08002d6c   0x08002d6c   0x00000002   Code   RO         2239    i.HAL_TIM_TriggerCallback  stm32f1xx_hal_tim.o
    0x08002d6e   0x08002d6e   0x00000002   Code   RO         3131    i.HAL_UARTEx_RxEventCallback  stm32f1xx_hal_uart.o
    0x08002d70   0x08002d70   0x00000002   Code   RO         3145    i.HAL_UART_ErrorCallback  stm32f1xx_hal_uart.o
    0x08002d72   0x08002d72   0x00000002   PAD
    0x08002d74   0x08002d74   0x0000026c   Code   RO         3148    i.HAL_UART_IRQHandler  stm32f1xx_hal_uart.o
    0x08002fe0   0x08002fe0   0x00000064   Code   RO         3149    i.HAL_UART_Init     stm32f1xx_hal_uart.o
    0x08003044   0x08003044   0x000000dc   Code   RO         1045    i.HAL_UART_MspInit  stm32f1xx_hal_msp.o
    0x08003120   0x08003120   0x0000001c   Code   RO         3154    i.HAL_UART_Receive_IT  stm32f1xx_hal_uart.o
    0x0800313c   0x0800313c   0x000000d0   Code   RO          170    i.HAL_UART_RxCpltCallback  myusart.o
    0x0800320c   0x0800320c   0x000000a0   Code   RO         3157    i.HAL_UART_Transmit  stm32f1xx_hal_uart.o
    0x080032ac   0x080032ac   0x00000002   Code   RO         3160    i.HAL_UART_TxCpltCallback  stm32f1xx_hal_uart.o
    0x080032ae   0x080032ae   0x00000002   PAD
    0x080032b0   0x080032b0   0x00000200   Code   RO          171    i.HC_05_RUN         myusart.o
    0x080034b0   0x080034b0   0x0000000c   Code   RO          854    i.HC_05_Task        main.o
    0x080034bc   0x080034bc   0x00000002   Code   RO          969    i.HardFault_Handler  stm32f1xx_it.o
    0x080034be   0x080034be   0x00000002   PAD
    0x080034c0   0x080034c0   0x00000020   Code   RO          726    i.I2C_Init          ml_i2c.o
    0x080034e0   0x080034e0   0x0000002c   Code   RO          727    i.I2C_NotSendAck    ml_i2c.o
    0x0800350c   0x0800350c   0x0000004c   Code   RO          728    i.I2C_ReceiveByte   ml_i2c.o
    0x08003558   0x08003558   0x00000044   Code   RO          730    i.I2C_SendByte      ml_i2c.o
    0x0800359c   0x0800359c   0x00000034   Code   RO          731    i.I2C_Start         ml_i2c.o
    0x080035d0   0x080035d0   0x0000002c   Code   RO          732    i.I2C_Stop          ml_i2c.o
    0x080035fc   0x080035fc   0x00000034   Code   RO          733    i.I2C_WaitAck       ml_i2c.o
    0x08003630   0x08003630   0x00000038   Code   RO           13    i.Key_GetNum        key.o
    0x08003668   0x08003668   0x00000084   Code   RO          795    i.MPU6050_GetData   ml_mpu6050.o
    0x080036ec   0x080036ec   0x00000074   Code   RO          796    i.MPU6050_Init      ml_mpu6050.o
    0x08003760   0x08003760   0x00000058   Code   RO          797    i.MPU6050_Read      ml_mpu6050.o
    0x080037b8   0x080037b8   0x00000030   Code   RO          798    i.MPU6050_Write     ml_mpu6050.o
    0x080037e8   0x080037e8   0x00000084   Code   RO          855    i.MPU6050_task      main.o
    0x0800386c   0x0800386c   0x0000009c   Code   RO          856    i.MX_GPIO_Init      main.o
    0x08003908   0x08003908   0x000000a0   Code   RO          857    i.MX_TIM4_Init      main.o
    0x080039a8   0x080039a8   0x00000002   Code   RO          970    i.MemManage_Handler  stm32f1xx_it.o
    0x080039aa   0x080039aa   0x00000002   Code   RO          971    i.NMI_Handler       stm32f1xx_it.o
    0x080039ac   0x080039ac   0x00000008   Code   RO          858    i.StartDefaultTask  main.o
    0x080039b4   0x080039b4   0x0000002c   Code   RO         4735    i.SysTick_Handler   port.o
    0x080039e0   0x080039e0   0x0000005e   Code   RO          859    i.SystemClock_Config  main.o
    0x08003a3e   0x08003a3e   0x00000002   Code   RO         3483    i.SystemInit        system_stm32f1xx.o
    0x08003a40   0x08003a40   0x0000000c   Code   RO          972    i.TIM1_UP_IRQHandler  stm32f1xx_it.o
    0x08003a4c   0x08003a4c   0x00000078   Code   RO         2241    i.TIM_Base_SetConfig  stm32f1xx_hal_tim.o
    0x08003ac4   0x08003ac4   0x0000001a   Code   RO         2242    i.TIM_CCxChannelCmd  stm32f1xx_hal_tim.o
    0x08003ade   0x08003ade   0x00000002   PAD
    0x08003ae0   0x08003ae0   0x00000050   Code   RO         2254    i.TIM_OC1_SetConfig  stm32f1xx_hal_tim.o
    0x08003b30   0x08003b30   0x00000058   Code   RO         2255    i.TIM_OC2_SetConfig  stm32f1xx_hal_tim.o
    0x08003b88   0x08003b88   0x00000058   Code   RO         2256    i.TIM_OC3_SetConfig  stm32f1xx_hal_tim.o
    0x08003be0   0x08003be0   0x00000044   Code   RO         2257    i.TIM_OC4_SetConfig  stm32f1xx_hal_tim.o
    0x08003c24   0x08003c24   0x00000010   Code   RO         3162    i.UART_DMAAbortOnError  stm32f1xx_hal_uart.o
    0x08003c34   0x08003c34   0x0000004e   Code   RO         3172    i.UART_EndRxTransfer  stm32f1xx_hal_uart.o
    0x08003c82   0x08003c82   0x000000c2   Code   RO         3174    i.UART_Receive_IT   stm32f1xx_hal_uart.o
    0x08003d44   0x08003d44   0x000000b8   Code   RO         3175    i.UART_SetConfig    stm32f1xx_hal_uart.o
    0x08003dfc   0x08003dfc   0x00000036   Code   RO         3177    i.UART_Start_Receive_IT  stm32f1xx_hal_uart.o
    0x08003e32   0x08003e32   0x00000072   Code   RO         3178    i.UART_WaitOnFlagUntilTimeout  stm32f1xx_hal_uart.o
    0x08003ea4   0x08003ea4   0x0000000c   Code   RO          973    i.USART1_IRQHandler  stm32f1xx_it.o
    0x08003eb0   0x08003eb0   0x0000000c   Code   RO          974    i.USART3_IRQHandler  stm32f1xx_it.o
    0x08003ebc   0x08003ebc   0x00000002   Code   RO          975    i.UsageFault_Handler  stm32f1xx_it.o
    0x08003ebe   0x08003ebe   0x00000028   Code   RO         5165    i.__ARM_fpclassify  m_ws.l(fpclassify.o)
    0x08003ee6   0x08003ee6   0x00000020   Code   RO         1659    i.__NVIC_SetPriority  stm32f1xx_hal_cortex.o
    0x08003f06   0x08003f06   0x000000aa   Code   RO         5167    i.__kernel_poly     m_ws.l(poly.o)
    0x08003fb0   0x08003fb0   0x00000010   Code   RO         5151    i.__mathlib_dbl_divzero  m_ws.l(dunder.o)
    0x08003fc0   0x08003fc0   0x00000004   Code   RO         5153    i.__mathlib_dbl_infnan2  m_ws.l(dunder.o)
    0x08003fc4   0x08003fc4   0x0000000c   Code   RO         5154    i.__mathlib_dbl_invalid  m_ws.l(dunder.o)
    0x08003fd0   0x08003fd0   0x0000000e   Code   RO         5155    i.__mathlib_dbl_overflow  m_ws.l(dunder.o)
    0x08003fde   0x08003fde   0x00000002   PAD
    0x08003fe0   0x08003fe0   0x00000010   Code   RO         5157    i.__mathlib_dbl_underflow  m_ws.l(dunder.o)
    0x08003ff0   0x08003ff0   0x0000000e   Code   RO         4922    i._is_digit         c_w.l(__printf_wp.o)
    0x08003ffe   0x08003ffe   0x00000002   PAD
    0x08004000   0x08004000   0x00000048   Code   RO          389    i.cJSON_Delete      cjson.o
    0x08004048   0x08004048   0x0000000c   Code   RO          397    i.cJSON_GetErrorPtr  cjson.o
    0x08004054   0x08004054   0x0000001c   Code   RO          398    i.cJSON_GetObjectItem  cjson.o
    0x08004070   0x08004070   0x0000001c   Code   RO          402    i.cJSON_New_Item    cjson.o
    0x0800408c   0x0800408c   0x00000008   Code   RO          403    i.cJSON_Parse       cjson.o
    0x08004094   0x08004094   0x00000060   Code   RO          404    i.cJSON_ParseWithOpts  cjson.o
    0x080040f4   0x080040f4   0x00000042   Code   RO          410    i.cJSON_strcasecmp  cjson.o
    0x08004136   0x08004136   0x00000012   Code   RO          175    i.hhSerialSendByte  myusart.o
    0x08004148   0x08004148   0x0000001a   Code   RO          177    i.hhSerialSendString  myusart.o
    0x08004162   0x08004162   0x00000002   PAD
    0x08004164   0x08004164   0x000000d8   Code   RO          860    i.main              main.o
    0x0800423c   0x0800423c   0x0000000c   Code   RO         4300    i.makeFreeRtosPriority  cmsis_os.o
    0x08004248   0x08004248   0x00000018   Code   RO          293    i.makerobo_run      robot.o
    0x08004260   0x08004260   0x00000028   Code   RO          178    i.myusart_init      myusart.o
    0x08004288   0x08004288   0x0000000e   Code   RO         4302    i.osDelay           cmsis_os.o
    0x08004296   0x08004296   0x0000000a   Code   RO         4305    i.osKernelStart     cmsis_os.o
    0x080042a0   0x080042a0   0x00000054   Code   RO         4339    i.osThreadCreate    cmsis_os.o
    0x080042f4   0x080042f4   0x00000078   Code   RO          414    i.parse_array       cjson.o
    0x0800436c   0x0800436c   0x000000a6   Code   RO          415    i.parse_hex4        cjson.o
    0x08004412   0x08004412   0x00000002   PAD
    0x08004414   0x08004414   0x00000158   Code   RO          416    i.parse_number      cjson.o
    0x0800456c   0x0800456c   0x000000b8   Code   RO          417    i.parse_object      cjson.o
    0x08004624   0x08004624   0x00000180   Code   RO          418    i.parse_string      cjson.o
    0x080047a4   0x080047a4   0x000000b4   Code   RO          419    i.parse_value       cjson.o
    0x08004858   0x08004858   0x000009d8   Code   RO         4994    i.pow               m_ws.l(pow.o)
    0x08005230   0x08005230   0x00000070   Code   RO         3982    i.prvAddCurrentTaskToDelayedList  tasks.o
    0x080052a0   0x080052a0   0x000000d0   Code   RO         3983    i.prvAddNewTaskToReadyList  tasks.o
    0x08005370   0x08005370   0x00000034   Code   RO         3984    i.prvDeleteTCB      tasks.o
    0x080053a4   0x080053a4   0x0000004c   Code   RO         4667    i.prvHeapInit       heap_4.o
    0x080053f0   0x080053f0   0x00000060   Code   RO         3985    i.prvIdleTask       tasks.o
    0x08005450   0x08005450   0x00000098   Code   RO         3986    i.prvInitialiseNewTask  tasks.o
    0x080054e8   0x080054e8   0x0000004c   Code   RO         4668    i.prvInsertBlockIntoFreeList  heap_4.o
    0x08005534   0x08005534   0x00000020   Code   RO         3987    i.prvResetNextTaskUnblockTime  tasks.o
    0x08005554   0x08005554   0x00000028   Code   RO         4736    i.prvTaskExitError  port.o
    0x0800557c   0x0800557c   0x000000dc   Code   RO         4669    i.pvPortMalloc      heap_4.o
    0x08005658   0x08005658   0x00000024   Code   RO         4737    i.pxPortInitialiseStack  port.o
    0x0800567c   0x0800567c   0x0000002c   Code   RO          294    i.robot_Init        robot.o
    0x080056a8   0x080056a8   0x00000048   Code   RO          861    i.robot_move_task   main.o
    0x080056f0   0x080056f0   0x00000150   Code   RO          296    i.robot_speed       robot.o
    0x08005840   0x08005840   0x00000024   Code   RO          179    i.s_printf          myusart.o
    0x08005864   0x08005864   0x00000014   Code   RO          426    i.skip              cjson.o
    0x08005878   0x08005878   0x0000004c   Code   RO         5171    i.sqrt              m_ws.l(sqrt.o)
    0x080058c4   0x080058c4   0x00000026   Code   RO         3621    i.uxListRemove      list.o
    0x080058ea   0x080058ea   0x00000002   PAD
    0x080058ec   0x080058ec   0x00000014   Code   RO          941    i.vApplicationGetIdleTaskMemory  freertos.o
    0x08005900   0x08005900   0x00000016   Code   RO         3622    i.vListInitialise   list.o
    0x08005916   0x08005916   0x00000006   Code   RO         3623    i.vListInitialiseItem  list.o
    0x0800591c   0x0800591c   0x00000030   Code   RO         3624    i.vListInsert       list.o
    0x0800594c   0x0800594c   0x00000018   Code   RO         3625    i.vListInsertEnd    list.o
    0x08005964   0x08005964   0x00000040   Code   RO         4739    i.vPortEnterCritical  port.o
    0x080059a4   0x080059a4   0x00000028   Code   RO         4740    i.vPortExitCritical  port.o
    0x080059cc   0x080059cc   0x00000064   Code   RO         4670    i.vPortFree         heap_4.o
    0x08005a30   0x08005a30   0x00000024   Code   RO         4741    i.vPortSetupTimerInterrupt  port.o
    0x08005a54   0x08005a54   0x0000004c   Code   RO         3996    i.vTaskDelay        tasks.o
    0x08005aa0   0x08005aa0   0x0000006c   Code   RO         4009    i.vTaskStartScheduler  tasks.o
    0x08005b0c   0x08005b0c   0x00000010   Code   RO         4011    i.vTaskSuspendAll   tasks.o
    0x08005b1c   0x08005b1c   0x0000005c   Code   RO         4012    i.vTaskSwitchContext  tasks.o
    0x08005b78   0x08005b78   0x000000a8   Code   RO         4743    i.xPortStartScheduler  port.o
    0x08005c20   0x08005c20   0x0000005a   Code   RO         4015    i.xTaskCreate       tasks.o
    0x08005c7a   0x08005c7a   0x00000056   Code   RO         4016    i.xTaskCreateStatic  tasks.o
    0x08005cd0   0x08005cd0   0x000000cc   Code   RO         4023    i.xTaskIncrementTick  tasks.o
    0x08005d9c   0x08005d9c   0x000000c4   Code   RO         4029    i.xTaskResumeAll    tasks.o
    0x08005e60   0x08005e60   0x0000002c   Code   RO         5257    locale$$code        c_w.l(lc_ctype_c.o)
    0x08005e8c   0x08005e8c   0x0000002c   Code   RO         5260    locale$$code        c_w.l(lc_numeric_c.o)
    0x08005eb8   0x08005eb8   0x00000062   Code   RO         4959    x$fpl$d2f           fz_ws.l(d2f.o)
    0x08005f1a   0x08005f1a   0x00000002   PAD
    0x08005f1c   0x08005f1c   0x00000150   Code   RO         4961    x$fpl$dadd          fz_ws.l(daddsub_clz.o)
    0x0800606c   0x0800606c   0x00000010   Code   RO         5271    x$fpl$dcheck1       fz_ws.l(dcheck1.o)
    0x0800607c   0x0800607c   0x00000018   Code   RO         5128    x$fpl$dcmpinf       fz_ws.l(dcmpi.o)
    0x08006094   0x08006094   0x000002b0   Code   RO         5131    x$fpl$ddiv          fz_ws.l(ddiv.o)
    0x08006344   0x08006344   0x0000005e   Code   RO         4969    x$fpl$dfix          fz_ws.l(dfix.o)
    0x080063a2   0x080063a2   0x0000002e   Code   RO         4974    x$fpl$dflt          fz_ws.l(dflt_clz.o)
    0x080063d0   0x080063d0   0x00000078   Code   RO         4979    x$fpl$dleqf         fz_ws.l(dleqf.o)
    0x08006448   0x08006448   0x00000154   Code   RO         4981    x$fpl$dmul          fz_ws.l(dmul.o)
    0x0800659c   0x0800659c   0x0000009c   Code   RO         5134    x$fpl$dnaninf       fz_ws.l(dnaninf.o)
    0x08006638   0x08006638   0x0000000c   Code   RO         5136    x$fpl$dretinf       fz_ws.l(dretinf.o)
    0x08006644   0x08006644   0x0000006c   Code   RO         4983    x$fpl$drleqf        fz_ws.l(drleqf.o)
    0x080066b0   0x080066b0   0x00000016   Code   RO         4962    x$fpl$drsb          fz_ws.l(daddsub_clz.o)
    0x080066c6   0x080066c6   0x00000002   PAD
    0x080066c8   0x080066c8   0x000001cc   Code   RO         5273    x$fpl$dsqrt         fz_ws.l(dsqrt_noumaal.o)
    0x08006894   0x08006894   0x000001d4   Code   RO         4963    x$fpl$dsub          fz_ws.l(daddsub_clz.o)
    0x08006a68   0x08006a68   0x00000056   Code   RO         4985    x$fpl$f2d           fz_ws.l(f2d.o)
    0x08006abe   0x08006abe   0x0000008c   Code   RO         5138    x$fpl$fnaninf       fz_ws.l(fnaninf.o)
    0x08006b4a   0x08006b4a   0x0000000a   Code   RO         5140    x$fpl$fretinf       fz_ws.l(fretinf.o)
    0x08006b54   0x08006b54   0x00000004   Code   RO         4987    x$fpl$printf1       fz_ws.l(printf1.o)
    0x08006b58   0x08006b58   0x00000004   Code   RO         5142    x$fpl$printf2       fz_ws.l(printf2.o)
    0x08006b5c   0x08006b5c   0x00000064   Code   RO         5304    x$fpl$retnan        fz_ws.l(retnan.o)
    0x08006bc0   0x08006bc0   0x0000005c   Code   RO         5148    x$fpl$scalbn        fz_ws.l(scalbn.o)
    0x08006c1c   0x08006c1c   0x00000030   Code   RO         5334    x$fpl$trapveneer    fz_ws.l(trapv.o)
    0x08006c4c   0x08006c4c   0x00000000   Code   RO         5150    x$fpl$usenofp       fz_ws.l(usenofp.o)
    0x08006c4c   0x08006c4c   0x00000007   Data   RO          428    .constdata          cjson.o
    0x08006c53   0x08006c53   0x00000001   PAD
    0x08006c54   0x08006c54   0x00000070   Data   RO          863    .constdata          main.o
    0x08006cc4   0x08006cc4   0x00000012   Data   RO         1357    .constdata          stm32f1xx_hal_rcc.o
    0x08006cd6   0x08006cd6   0x00000010   Data   RO         3484    .constdata          system_stm32f1xx.o
    0x08006ce6   0x08006ce6   0x00000008   Data   RO         3485    .constdata          system_stm32f1xx.o
    0x08006cee   0x08006cee   0x00000028   Data   RO         4910    .constdata          c_w.l(_printf_hex_int_ll_ptr.o)
    0x08006d16   0x08006d16   0x00000011   Data   RO         4930    .constdata          c_w.l(__printf_flags_ss_wp.o)
    0x08006d27   0x08006d27   0x00000001   PAD
    0x08006d28   0x08006d28   0x00000088   Data   RO         4995    .constdata          m_ws.l(pow.o)
    0x08006db0   0x08006db0   0x00000008   Data   RO         5050    .constdata          c_w.l(_printf_wctomb.o)
    0x08006db8   0x08006db8   0x00000008   Data   RO         5169    .constdata          m_ws.l(qnan.o)
    0x08006dc0   0x08006dc0   0x00000026   Data   RO         5219    .constdata          c_w.l(_printf_fp_hex.o)
    0x08006de6   0x08006de6   0x00000002   PAD
    0x08006de8   0x08006de8   0x00000094   Data   RO         5230    .constdata          c_w.l(bigflt0.o)
    0x08006e7c   0x08006e7c   0x00000028   Data   RO          864    .conststring        main.o
    0x08006ea4   0x08006ea4   0x00000020   Data   RO         5366    Region$$Table       anon$$obj.o
    0x08006ec4   0x08006ec4   0x00000110   Data   RO         5256    locale$$data        c_w.l(lc_ctype_c.o)
    0x08006fd4   0x08006fd4   0x0000001c   Data   RO         5259    locale$$data        c_w.l(lc_numeric_c.o)


    Execution Region RW_IRAM1 (Exec base: 0x20000000, Load base: 0x08006ff0, Size: 0x00002250, Max: 0x00005000, ABSOLUTE)

    Exec Addr    Load Addr    Size         Type   Attr      Idx    E Section Name        Object

    0x20000000   0x08006ff0   0x00000020   Data   RW          181    .data               myusart.o
    0x20000020   0x08007010   0x0000000c   Data   RW          429    .data               cjson.o
    0x2000002c   0x0800701c   0x0000000c   Data   RW          799    .data               ml_mpu6050.o
    0x20000038   0x08007028   0x00000010   Data   RW          865    .data               main.o
    0x20000048   0x08007038   0x0000000c   Data   RW         1194    .data               stm32f1xx_hal.o
    0x20000054   0x08007044   0x00000004   Data   RW         3486    .data               system_stm32f1xx.o
    0x20000058   0x08007048   0x0000003c   Data   RW         4032    .data               tasks.o
    0x20000094   0x08007084   0x00000020   Data   RW         4676    .data               heap_4.o
    0x200000b4   0x080070a4   0x0000000c   Data   RW         4744    .data               port.o
    0x200000c0        -       0x000000c8   Zero   RW          180    .bss                myusart.o
    0x20000188        -       0x000000d8   Zero   RW          862    .bss                main.o
    0x20000260        -       0x00000254   Zero   RW          942    .bss                freertos.o
    0x200004b4        -       0x00000048   Zero   RW         1097    .bss                stm32f1xx_hal_timebase_tim.o
    0x200004fc        -       0x000000f0   Zero   RW         4031    .bss                tasks.o
    0x200005ec        -       0x00000c00   Zero   RW         4675    .bss                heap_4.o
    0x200011ec        -       0x00000060   Zero   RW         5181    .bss                c_w.l(libspace.o)
    0x2000124c   0x080070b0   0x00000004   PAD
    0x20001250        -       0x00000800   Zero   RW            2    HEAP                startup_stm32f103xb.o
    0x20001a50        -       0x00000800   Zero   RW            1    STACK               startup_stm32f103xb.o


==============================================================================

Image component sizes


      Code (inc. data)   RO Data    RW Data    ZI Data      Debug   Object Name

      1708         80          7         12          0      13110   cjson.o
       120          0          0          0          0      23273   cmsis_os.o
         0          0          0          0          0      17008   event_groups.o
        20          4          0          0        596       1220   freertos.o
       472         24          0         32       3072       7287   heap_4.o
        56          6          0          0          0     453925   key.o
       138          0          0          0          0       3366   list.o
       870        140        152         16        216      10912   main.o
       368         34          0          0          0       3486   ml_i2c.o
       384         64          0         12          0       2893   ml_mpu6050.o
       840        228          0         32        200       6957   myusart.o
       578         60          0         12          0      10192   port.o
       404         10          0          0          0       3316   robot.o
        64         26        236          0       4096        804   startup_stm32f103xb.o
        64         14          0         12          0       4606   stm32f1xx_hal.o
       158         14          0          0          0      28158   stm32f1xx_hal_cortex.o
       222          4          0          0          0       1755   stm32f1xx_hal_dma.o
       500         34          0          0          0       3495   stm32f1xx_hal_gpio.o
       408         54          0          0          0       2881   stm32f1xx_hal_msp.o
      1304         94         18          0          0       5709   stm32f1xx_hal_rcc.o
      1412         56          0          0          0      12847   stm32f1xx_hal_tim.o
       108         12          0          0          0       2385   stm32f1xx_hal_tim_ex.o
       140         22          0          0         72       1411   stm32f1xx_hal_timebase_tim.o
      1554         10          0          0          0      10876   stm32f1xx_hal_uart.o
        48         18          0          0          0       3850   stm32f1xx_it.o
         2          0         24          4          0       1103   system_stm32f1xx.o
      1520        112          0         60        240      18970   tasks.o

    ----------------------------------------------------------------------
     13486       1120        470        192       8492     655795   Object Totals
         0          0         32          0          0          0   (incl. Generated)
        24          0          1          0          0          0   (incl. Padding)

    ----------------------------------------------------------------------

      Code (inc. data)   RO Data    RW Data    ZI Data      Debug   Library Member Name

         8          0          0          0          0         68   __main.o
       392          4         17          0          0         92   __printf_flags_ss_wp.o
        14          0          0          0          0         68   __printf_wp.o
         0          0          0          0          0          0   __rtentry.o
        12          0          0          0          0          0   __rtentry2.o
         6          0          0          0          0          0   __rtentry4.o
        52          8          0          0          0          0   __scatter.o
        26          0          0          0          0          0   __scatter_copy.o
        28          0          0          0          0          0   __scatter_zi.o
         6          0          0          0          0          0   _printf_a.o
         6          0          0          0          0          0   _printf_c.o
        44          0          0          0          0        108   _printf_char.o
        48          6          0          0          0         96   _printf_char_common.o
        40          0          0          0          0         68   _printf_charcount.o
         6          0          0          0          0          0   _printf_d.o
       120         16          0          0          0         92   _printf_dec.o
         6          0          0          0          0          0   _printf_e.o
         6          0          0          0          0          0   _printf_f.o
      1054          0          0          0          0        216   _printf_fp_dec.o
       764          8         38          0          0        100   _printf_fp_hex.o
       128         16          0          0          0         84   _printf_fp_infnan.o
         6          0          0          0          0          0   _printf_g.o
       148          4         40          0          0        160   _printf_hex_int_ll_ptr.o
         6          0          0          0          0          0   _printf_i.o
       178          0          0          0          0         88   _printf_intcommon.o
        10          0          0          0          0          0   _printf_l.o
         6          0          0          0          0          0   _printf_lc.o
        10          0          0          0          0          0   _printf_ll.o
         6          0          0          0          0          0   _printf_lld.o
         6          0          0          0          0          0   _printf_lli.o
         6          0          0          0          0          0   _printf_llo.o
         6          0          0          0          0          0   _printf_llu.o
         6          0          0          0          0          0   _printf_llx.o
       124         16          0          0          0         92   _printf_longlong_dec.o
         6          0          0          0          0          0   _printf_ls.o
         6          0          0          0          0          0   _printf_n.o
         6          0          0          0          0          0   _printf_o.o
       112         10          0          0          0        124   _printf_oct_int_ll.o
         6          0          0          0          0          0   _printf_p.o
        78          0          0          0          0        108   _printf_pad.o
         0          0          0          0          0          0   _printf_percent.o
         4          0          0          0          0          0   _printf_percent_end.o
         6          0          0          0          0          0   _printf_s.o
        82          0          0          0          0         80   _printf_str.o
        36          0          0          0          0         84   _printf_truncate.o
         6          0          0          0          0          0   _printf_u.o
        44          0          0          0          0        108   _printf_wchar.o
       188          6          8          0          0         92   _printf_wctomb.o
         6          0          0          0          0          0   _printf_x.o
        22          0          0          0          0        100   _rserrno.o
        10          0          0          0          0         68   _sputc.o
        64          0          0          0          0         92   _wcrtomb.o
       228          4        148          0          0         96   bigflt0.o
      1936        128          0          0          0        672   btod.o
        10          0          0          0          0         68   defsig_exit.o
        50          0          0          0          0         88   defsig_general.o
        80         58          0          0          0         76   defsig_rtmem_inner.o
        14          0          0          0          0         80   defsig_rtmem_outer.o
        18          0          0          0          0         80   exit.o
        94          0          0          0          0         80   h1_alloc.o
        52          0          0          0          0         68   h1_extend.o
        78          0          0          0          0         80   h1_free.o
        14          0          0          0          0         84   h1_init.o
         6          0          0          0          0        152   heapauxi.o
         4          0          0          0          0        136   hguard.o
         0          0          0          0          0          0   indicate_semi.o
       138          0          0          0          0        168   init_alloc.o
        44         10        272          0          0         76   lc_ctype_c.o
        44         10         28          0          0         76   lc_numeric_c.o
         2          0          0          0          0          0   libinit.o
        38          0          0          0          0          0   libinit2.o
         2          0          0          0          0          0   libshutdown.o
         2          0          0          0          0          0   libshutdown2.o
         8          4          0          0         96         68   libspace.o
       138          0          0          0          0         80   lludiv10.o
         0          0          0          0          0          0   maybetermalloc1.o
        16          4          0          0          0         76   rt_ctype_table.o
         8          4          0          0          0         68   rt_errno_addr_intlibspace.o
         8          4          0          0          0         68   rt_heap_descriptor_intlibspace.o
         8          4          0          0          0         68   rt_locale_intlibspace.o
        78          0          0          0          0         80   rt_memclr_w.o
       100          0          0          0          0         80   rt_memcpy_w.o
         2          0          0          0          0          0   rtexit.o
        10          0          0          0          0          0   rtexit2.o
       128          0          0          0          0         68   strcmpv7m.o
       150          0          0          0          0         80   strncmp.o
        12          4          0          0          0         68   sys_exit.o
        74          0          0          0          0         80   sys_stackheap_outer.o
        14          0          0          0          0         76   sys_wrch.o
        26          0          0          0          0         76   tolower.o
         2          0          0          0          0         68   use_no_semi.o
        36          4          0          0          0         76   vsprintf.o
        98          4          0          0          0         92   d2f.o
       826         16          0          0          0        348   daddsub_clz.o
        16          4          0          0          0         68   dcheck1.o
        24          0          0          0          0         68   dcmpi.o
       688        140          0          0          0        208   ddiv.o
        94          4          0          0          0         92   dfix.o
        46          0          0          0          0         68   dflt_clz.o
       120          4          0          0          0         92   dleqf.o
       340         12          0          0          0        104   dmul.o
       156          4          0          0          0         92   dnaninf.o
        12          0          0          0          0         68   dretinf.o
       108          0          0          0          0         80   drleqf.o
       460         56          0          0          0        120   dsqrt_noumaal.o
        86          4          0          0          0         84   f2d.o
       140          4          0          0          0         84   fnaninf.o
        10          0          0          0          0         68   fretinf.o
         4          0          0          0          0         68   printf1.o
         4          0          0          0          0         68   printf2.o
       100          0          0          0          0         68   retnan.o
        92          0          0          0          0         68   scalbn.o
        48          0          0          0          0         68   trapv.o
         0          0          0          0          0          0   usenofp.o
        62         10          0          0          0        340   dunder.o
        40          0          0          0          0         68   fpclassify.o
       170          0          0          0          0         96   poly.o
      2520        190        136          0          0        324   pow.o
         0          0          8          0          0          0   qnan.o
        76          0          0          0          0         84   sqrt.o

    ----------------------------------------------------------------------
     14002        784        698          0        100       8436   Library Totals
        24          0          3          0          4          0   (incl. Padding)

    ----------------------------------------------------------------------

      Code (inc. data)   RO Data    RW Data    ZI Data      Debug   Library Name

      7638        332        551          0         96       5448   c_w.l
      3472        252          0          0          0       2076   fz_ws.l
      2868        200        144          0          0        912   m_ws.l

    ----------------------------------------------------------------------
     14002        784        698          0        100       8436   Library Totals

    ----------------------------------------------------------------------

==============================================================================


      Code (inc. data)   RO Data    RW Data    ZI Data      Debug   

     27488       1904       1168        192       8592     652215   Grand Totals
     27488       1904       1168        192       8592     652215   ELF Image Totals
     27488       1904       1168        192          0          0   ROM Totals

==============================================================================

    Total RO  Size (Code + RO Data)                28656 (  27.98kB)
    Total RW  Size (RW Data + ZI Data)              8784 (   8.58kB)
    Total ROM Size (Code + RO Data + RW Data)      28848 (  28.17kB)

==============================================================================

