<html>
<body>
<pre>
<h1>µVision Build Log</h1>
<h2>Tool Versions:</h2>
IDE-Version: ¦ÌVision V5.24.2.0
Copyright (C) 2017 ARM Ltd and ARM Germany GmbH. All rights reserved.
License Information: 1 1460952065@qq.com, 1, LIC=47GU5-G46W0-WFFI7-ED8Z3-GU9XS-2W4YE
 
Tool Versions:
Toolchain:       MDK-ARM Plus  Version: 5.24.1
Toolchain Path:  E:\Keil32\ARM\ARMCC\Bin
C Compiler:      Armcc.exe V5.06 update 5 (build 528)
Assembler:       Armasm.exe V5.06 update 5 (build 528)
Linker/Locator:  ArmLink.exe V5.06 update 5 (build 528)
Library Manager: ArmAr.exe V5.06 update 5 (build 528)
Hex Converter:   FromElf.exe V5.06 update 5 (build 528)
CPU DLL:         SARMCM3.DLL V5.24.1
Dialog DLL:      DCM.DLL V1.16.0.0
Target DLL:      STLink\ST-LINKIII-KEIL_SWO.dll V3.0.1.0
Dialog DLL:      TCM.DLL V1.32.0.0
 
<h2>Project:</h2>
e:\workspacce\flushbonading\smart_car_freertos\MDK-ARM\smart_car_freertos.uvprojx
Project File Date:  03/06/2025

<h2>Output:</h2>
*** Using Compiler 'V5.06 update 5 (build 528)', folder: 'E:\Keil32\ARM\ARMCC\Bin'
Build target 'smart_car_freertos'
assembling startup_stm32f103xb.s...
compiling cJSON.c...
..\Core\Src\cJSON.c(55): warning:  #1293-D: assignment in condition
        if (!(copy = (char*)cJSON_malloc(len))) return 0;
..\Core\Src\cJSON.c(278): warning:  #1293-D: assignment in condition
  	ptr=str;while ((token=*ptr) && ++len) {if (strchr("\"\\\b\f\n\r\t",token)) len++; else if (token<32) len+=5;ptr++;}
..\Core\Src\cJSON.c(352): warning:  #111-D: statement is unreachable
  	return p.buffer;
..\Core\Src\cJSON.c(423): warning:  #1293-D: assignment in condition
  		if (!(new_item=cJSON_New_Item())) return 0; 	/* memory fail */
..\Core\Src\cJSON.c(535): warning:  #1293-D: assignment in condition
  		if (!(new_item=cJSON_New_Item()))	return 0; /* memory fail */
..\Core\Src\cJSON.c: 5 warnings, 0 errors
compiling stm32f1xx_it.c...
compiling stm32f1xx_hal_gpio_ex.c...
compiling stm32f1xx_hal_rcc.c...
compiling stm32f1xx_hal_msp.c...
compiling stm32f1xx_hal_gpio.c...
compiling stm32f1xx_hal_timebase_tim.c...
compiling stm32f1xx_hal_rcc_ex.c...
compiling robot.c...
../Core/Inc/myUsart.h(27): warning:  #1-D: last line of file ends without a newline
  #endif
..\Core\Src\robot.c(73): warning:  #186-D: pointless comparison of unsigned integer with zero
          if (left1_current_speed < 0) left1_current_speed = 0;
..\Core\Src\robot.c(74): warning:  #186-D: pointless comparison of unsigned integer with zero
          if (left2_current_speed < 0) left2_current_speed = 0;
..\Core\Src\robot.c(75): warning:  #186-D: pointless comparison of unsigned integer with zero
          if (right1_current_speed < 0) right1_current_speed = 0;
..\Core\Src\robot.c(76): warning:  #186-D: pointless comparison of unsigned integer with zero
          if (right2_current_speed < 0) right2_current_speed = 0;
..\Core\Src\robot.c(97): warning:  #186-D: pointless comparison of unsigned integer with zero
      speed = (speed > 100) ? 100 : ((speed < 0) ? 0 : speed);  // ÏÞ·ù
..\Core\Src\robot.c: 6 warnings, 0 errors
compiling ml_i2c.c...
compiling stm32f1xx_hal.c...
compiling myUsart.c...
../Core/Inc/myUsart.h(27): warning:  #1-D: last line of file ends without a newline
  #endif
..\Core\Src\myUsart.c(35): warning:  #186-D: pointless comparison of unsigned integer with zero
    for (uint8_t i = Length - 1; i >= 0; i--) {
..\Core\Src\myUsart.c(217): warning:  #1-D: last line of file ends without a newline
  }
..\Core\Src\myUsart.c: 3 warnings, 0 errors
compiling Key.c...
..\Core\Src\Key.c(18): warning:  #1-D: last line of file ends without a newline
  }
..\Core\Src\Key.c: 1 warning, 0 errors
compiling stm32f1xx_hal_dma.c...
compiling freertos.c...
compiling croutine.c...
compiling list.c...
compiling event_groups.c...
compiling timers.c...
compiling ml_mpu6050.c...
../Core/Inc/myUsart.h(27): warning:  #1-D: last line of file ends without a newline
  #endif
..\Core\Src\ml_mpu6050.c: 1 warning, 0 errors
compiling queue.c...
compiling main.c...
../Core/Inc/myUsart.h(27): warning:  #1-D: last line of file ends without a newline
  #endif
../Core/Src/main.c: 1 warning, 0 errors
compiling stream_buffer.c...
compiling tasks.c...
compiling heap_4.c...
compiling cmsis_os.c...
compiling port.c...
compiling stm32f1xx_hal_exti.c...
compiling stm32f1xx_hal_cortex.c...
compiling system_stm32f1xx.c...
compiling stm32f1xx_hal_flash.c...
compiling stm32f1xx_hal_pwr.c...
compiling stm32f1xx_hal_flash_ex.c...
compiling stm32f1xx_hal_tim_ex.c...
compiling stm32f1xx_hal_uart.c...
compiling stm32f1xx_hal_tim.c...
linking...
Program Size: Code=27488 RO-data=1168 RW-data=192 ZI-data=8592  
FromELF: creating hex file...
"smart_car_freertos\smart_car_freertos.axf" - 0 Error(s), 17 Warning(s).

<h2>Software Packages used:</h2>

Package Vendor: ARM
                http://www.keil.com/pack/ARM.CMSIS.5.0.1.pack
                ARM.CMSIS.5.0.1
                CMSIS (Cortex Microcontroller Software Interface Standard)
   * Component: CORE Version: 5.0.1

Package Vendor: Keil
                http://www.keil.com/pack/Keil.STM32F1xx_DFP.2.2.0.pack
                Keil.STM32F1xx_DFP.2.2.0
                STMicroelectronics STM32F1 Series Device Support, Drivers and Examples

<h2>Collection of Component include folders:</h2>
  .\RTE\_smart_car_freertos
  E:\Keil32\ARM\PACK\ARM\CMSIS\5.0.1\CMSIS\Include
  E:\Keil32\ARM\PACK\Keil\STM32F1xx_DFP\2.2.0\Device\Include

<h2>Collection of Component Files used:</h2>

   * Component: ARM::CMSIS:CORE:5.0.1
Build Time Elapsed:  00:00:08
</pre>
</body>
</html>
